Component: Arm Compiler for Embedded 6.19 Tool: armlink [5e73cb00]

==============================================================================

Section Cross References

    startup_stm32f767xx.o(STACK) refers (Special) to heapauxi.o(.text) for __use_two_region_memory
    startup_stm32f767xx.o(HEAP) refers (Special) to heapauxi.o(.text) for __use_two_region_memory
    startup_stm32f767xx.o(RESET) refers (Special) to heapauxi.o(.text) for __use_two_region_memory
    startup_stm32f767xx.o(RESET) refers to startup_stm32f767xx.o(STACK) for __initial_sp
    startup_stm32f767xx.o(RESET) refers to startup_stm32f767xx.o(.text) for Reset_Handler
    startup_stm32f767xx.o(RESET) refers to stm32f7xx_it.o(.text.NMI_Handler) for NMI_Handler
    startup_stm32f767xx.o(RESET) refers to stm32f7xx_it.o(.text.HardFault_Handler) for HardFault_Handler
    startup_stm32f767xx.o(RESET) refers to stm32f7xx_it.o(.text.MemManage_Handler) for MemManage_Handler
    startup_stm32f767xx.o(RESET) refers to stm32f7xx_it.o(.text.BusFault_Handler) for BusFault_Handler
    startup_stm32f767xx.o(RESET) refers to stm32f7xx_it.o(.text.UsageFault_Handler) for UsageFault_Handler
    startup_stm32f767xx.o(RESET) refers to port.o(.text.SVC_Handler) for SVC_Handler
    startup_stm32f767xx.o(RESET) refers to stm32f7xx_it.o(.text.DebugMon_Handler) for DebugMon_Handler
    startup_stm32f767xx.o(RESET) refers to port.o(.text.PendSV_Handler) for PendSV_Handler
    startup_stm32f767xx.o(RESET) refers to stm32f7xx_it.o(.text.SysTick_Handler) for SysTick_Handler
    startup_stm32f767xx.o(RESET) refers to stm32f7xx_it.o(.text.EXTI3_IRQHandler) for EXTI3_IRQHandler
    startup_stm32f767xx.o(RESET) refers to stm32f7xx_it.o(.text.CAN1_RX0_IRQHandler) for CAN1_RX0_IRQHandler
    startup_stm32f767xx.o(RESET) refers to stm32f7xx_it.o(.text.CAN1_RX1_IRQHandler) for CAN1_RX1_IRQHandler
    startup_stm32f767xx.o(RESET) refers to stm32f7xx_it.o(.text.CAN1_SCE_IRQHandler) for CAN1_SCE_IRQHandler
    startup_stm32f767xx.o(RESET) refers to stm32f7xx_it.o(.text.USART1_IRQHandler) for USART1_IRQHandler
    startup_stm32f767xx.o(.text) refers (Special) to heapauxi.o(.text) for __use_two_region_memory
    startup_stm32f767xx.o(.text) refers to system_stm32f7xx.o(.text.SystemInit) for SystemInit
    startup_stm32f767xx.o(.text) refers to __main.o(!!!main) for __main
    startup_stm32f767xx.o(.text) refers to startup_stm32f767xx.o(HEAP) for Heap_Mem
    startup_stm32f767xx.o(.text) refers to startup_stm32f767xx.o(STACK) for Stack_Mem
    main.o(.text.main) refers to stm32f7xx_hal.o(.text.HAL_Init) for HAL_Init
    main.o(.text.main) refers to main.o(.text.SystemClock_Config) for SystemClock_Config
    main.o(.text.main) refers to gpio.o(.text.MX_GPIO_Init) for MX_GPIO_Init
    main.o(.text.main) refers to crc.o(.text.MX_CRC_Init) for MX_CRC_Init
    main.o(.text.main) refers to rtc.o(.text.MX_RTC_Init) for MX_RTC_Init
    main.o(.text.main) refers to usart.o(.text.MX_USART1_UART_Init) for MX_USART1_UART_Init
    main.o(.text.main) refers to cmsis_os2.o(.text.osKernelInitialize) for osKernelInitialize
    main.o(.text.main) refers to freertos.o(.text.MX_FREERTOS_Init) for MX_FREERTOS_Init
    main.o(.text.main) refers to cmsis_os2.o(.text.osKernelStart) for osKernelStart
    main.o(.ARM.exidx.text.main) refers to main.o(.text.main) for [Anonymous Symbol]
    main.o(.text.SystemClock_Config) refers to rt_memclr_w.o(.text) for __aeabi_memclr4
    main.o(.text.SystemClock_Config) refers to stm32f7xx_hal_pwr.o(.text.HAL_PWR_EnableBkUpAccess) for HAL_PWR_EnableBkUpAccess
    main.o(.text.SystemClock_Config) refers to stm32f7xx_hal_rcc.o(.text.HAL_RCC_OscConfig) for HAL_RCC_OscConfig
    main.o(.text.SystemClock_Config) refers to stm32f7xx_hal_pwr_ex.o(.text.HAL_PWREx_EnableOverDrive) for HAL_PWREx_EnableOverDrive
    main.o(.text.SystemClock_Config) refers to stm32f7xx_hal_rcc.o(.text.HAL_RCC_ClockConfig) for HAL_RCC_ClockConfig
    main.o(.ARM.exidx.text.SystemClock_Config) refers to main.o(.text.SystemClock_Config) for [Anonymous Symbol]
    main.o(.ARM.exidx.text.Error_Handler) refers to main.o(.text.Error_Handler) for [Anonymous Symbol]
    main.o(.ARM.exidx.text.assert_failed) refers to main.o(.text.assert_failed) for [Anonymous Symbol]
    gpio.o(.text.MX_GPIO_Init) refers to stm32f7xx_hal_gpio.o(.text.HAL_GPIO_WritePin) for HAL_GPIO_WritePin
    gpio.o(.text.MX_GPIO_Init) refers to stm32f7xx_hal_gpio.o(.text.HAL_GPIO_Init) for HAL_GPIO_Init
    gpio.o(.text.MX_GPIO_Init) refers to stm32f7xx_hal_cortex.o(.text.HAL_NVIC_SetPriority) for HAL_NVIC_SetPriority
    gpio.o(.text.MX_GPIO_Init) refers to stm32f7xx_hal_cortex.o(.text.HAL_NVIC_EnableIRQ) for HAL_NVIC_EnableIRQ
    gpio.o(.ARM.exidx.text.MX_GPIO_Init) refers to gpio.o(.text.MX_GPIO_Init) for [Anonymous Symbol]
    freertos.o(.text.vApplicationTickHook) refers to libtimer.o(.text.LibTimer_Tick) for LibTimer_Tick
[...]
    HAL_CAN_TxMailbox1AbortCallback          0x08002351   Thumb Code     2  stm32f7xx_hal_can.o(.text.HAL_CAN_TxMailbox1AbortCallback)
    HAL_CAN_TxMailbox1CompleteCallback       0x08002359   Thumb Code     2  stm32f7xx_hal_can.o(.text.HAL_CAN_TxMailbox1CompleteCallback)
    HAL_CAN_TxMailbox2AbortCallback          0x08002361   Thumb Code     2  stm32f7xx_hal_can.o(.text.HAL_CAN_TxMailbox2AbortCallback)
    HAL_CAN_TxMailbox2CompleteCallback       0x08002369   Thumb Code     2  stm32f7xx_hal_can.o(.text.HAL_CAN_TxMailbox2CompleteCallback)
    HAL_CAN_WakeUpFromRxMsgCallback          0x08002371   Thumb Code     2  stm32f7xx_hal_can.o(.text.HAL_CAN_WakeUpFromRxMsgCallback)
    HAL_CRCEx_Polynomial_Set                 0x08002379   Thumb Code   156  stm32f7xx_hal_crc_ex.o(.text.HAL_CRCEx_Polynomial_Set)
    HAL_CRC_Init                             0x08002419   Thumb Code   266  stm32f7xx_hal_crc.o(.text.HAL_CRC_Init)
    HAL_CRC_MspInit                          0x08002529   Thumb Code    46  crc.o(.text.HAL_CRC_MspInit)
    HAL_DMA_Abort                            0x08002559   Thumb Code   128  stm32f7xx_hal_dma.o(.text.HAL_DMA_Abort)
    HAL_DMA_Abort_IT                         0x080025d9   Thumb Code    36  stm32f7xx_hal_dma.o(.text.HAL_DMA_Abort_IT)
    HAL_GPIO_DeInit                          0x08002601   Thumb Code   278  stm32f7xx_hal_gpio.o(.text.HAL_GPIO_DeInit)
    HAL_GPIO_EXTI_Callback                   0x08002719   Thumb Code     2  stm32f7xx_hal_gpio.o(.text.HAL_GPIO_EXTI_Callback)
    HAL_GPIO_EXTI_IRQHandler                 0x08002721   Thumb Code    22  stm32f7xx_hal_gpio.o(.text.HAL_GPIO_EXTI_IRQHandler)
    HAL_GPIO_Init                            0x08002739   Thumb Code   602  stm32f7xx_hal_gpio.o(.text.HAL_GPIO_Init)
    HAL_GPIO_WritePin                        0x08002999   Thumb Code    62  stm32f7xx_hal_gpio.o(.text.HAL_GPIO_WritePin)
    HAL_GetTick                              0x080029d9   Thumb Code    12  stm32f7xx_hal.o(.text.HAL_GetTick)
    HAL_IncTick                              0x080029e9   Thumb Code    26  stm32f7xx_hal.o(.text.HAL_IncTick)
    HAL_Init                                 0x08002a09   Thumb Code    38  stm32f7xx_hal.o(.text.HAL_Init)
    HAL_InitTick                             0x08002a31   Thumb Code    80  stm32f7xx_hal.o(.text.HAL_InitTick)
    HAL_MspInit                              0x08002a81   Thumb Code    60  stm32f7xx_hal_msp.o(.text.HAL_MspInit)
    HAL_NVIC_DisableIRQ                      0x08002ac1   Thumb Code    54  stm32f7xx_hal_cortex.o(.text.HAL_NVIC_DisableIRQ)
    HAL_NVIC_EnableIRQ                       0x08002af9   Thumb Code    46  stm32f7xx_hal_cortex.o(.text.HAL_NVIC_EnableIRQ)
    HAL_NVIC_SetPriority                     0x08002b29   Thumb Code   130  stm32f7xx_hal_cortex.o(.text.HAL_NVIC_SetPriority)
    HAL_NVIC_SetPriorityGrouping             0x08002bb1   Thumb Code    56  stm32f7xx_hal_cortex.o(.text.HAL_NVIC_SetPriorityGrouping)
    HAL_PWREx_EnableOverDrive                0x08002be9   Thumb Code   118  stm32f7xx_hal_pwr_ex.o(.text.HAL_PWREx_EnableOverDrive)
    HAL_PWR_EnableBkUpAccess                 0x08002c61   Thumb Code    18  stm32f7xx_hal_pwr.o(.text.HAL_PWR_EnableBkUpAccess)
    HAL_RCCEx_PeriphCLKConfig                0x08002c79   Thumb Code  2946  stm32f7xx_hal_rcc_ex.o(.text.HAL_RCCEx_PeriphCLKConfig)
    HAL_RCC_ClockConfig                      0x08003801   Thumb Code   654  stm32f7xx_hal_rcc.o(.text.HAL_RCC_ClockConfig)
    HAL_RCC_GetPCLK1Freq                     0x08003a91   Thumb Code    38  stm32f7xx_hal_rcc.o(.text.HAL_RCC_GetPCLK1Freq)
    HAL_RCC_GetPCLK2Freq                     0x08003ab9   Thumb Code    38  stm32f7xx_hal_rcc.o(.text.HAL_RCC_GetPCLK2Freq)
    HAL_RCC_GetSysClockFreq                  0x08003ae1   Thumb Code   106  stm32f7xx_hal_rcc.o(.text.HAL_RCC_GetSysClockFreq)
    HAL_RCC_OscConfig                        0x08003b51   Thumb Code  1204  stm32f7xx_hal_rcc.o(.text.HAL_RCC_OscConfig)
    HAL_RTC_Init                             0x08004009   Thumb Code   460  stm32f7xx_hal_rtc.o(.text.HAL_RTC_Init)
    HAL_RTC_MspInit                          0x080041d9   Thumb Code    74  rtc.o(.text.HAL_RTC_MspInit)
    HAL_SYSTICK_Config                       0x08004229   Thumb Code    44  stm32f7xx_hal_cortex.o(.text.HAL_SYSTICK_Config)
    HAL_UARTEx_RxEventCallback               0x08004259   Thumb Code     2  stm32f7xx_hal_uart.o(.text.HAL_UARTEx_RxEventCallback)
    HAL_UARTEx_WakeupCallback                0x08004261   Thumb Code     2  stm32f7xx_hal_uart.o(.text.HAL_UARTEx_WakeupCallback)
    HAL_UART_ErrorCallback                   0x08004269   Thumb Code     2  stm32f7xx_hal_uart.o(.text.HAL_UART_ErrorCallback)
    HAL_UART_GetState                        0x08004271   Thumb Code    10  stm32f7xx_hal_uart.o(.text.HAL_UART_GetState)
    HAL_UART_IRQHandler                      0x08004281   Thumb Code   824  stm32f7xx_hal_uart.o(.text.HAL_UART_IRQHandler)
    HAL_UART_Init                            0x080045b9   Thumb Code   348  stm32f7xx_hal_uart.o(.text.HAL_UART_Init)
    HAL_UART_MspInit                         0x08004719   Thumb Code   194  usart.o(.text.HAL_UART_MspInit)
    HAL_UART_Receive_IT                      0x080047e1   Thumb Code    74  stm32f7xx_hal_uart.o(.text.HAL_UART_Receive_IT)
    HAL_UART_RxCpltCallback                  0x08004831   Thumb Code   122  uartif.o(.text.HAL_UART_RxCpltCallback)
    HAL_UART_TxCpltCallback                  0x080048b1   Thumb Code     2  stm32f7xx_hal_uart.o(.text.HAL_UART_TxCpltCallback)
    HardFault_Handler                        0x080048b9   Thumb Code     2  stm32f7xx_it.o(.text.HardFault_Handler)
    LibCanIL_CallRequestedCallbacks          0x080048c1   Thumb Code     2  libcanil.o(.text.LibCanIL_CallRequestedCallbacks)
    LibCanIL_GetSignal                       0x080048c9   Thumb Code   246  libcanil.o(.text.LibCanIL_GetSignal)
    LibCanIL_IsMsgIL                         0x080049c1   Thumb Code    74  libcanil.o(.text.LibCanIL_IsMsgIL)
    LibCanIL_RxStart                         0x08004a91   Thumb Code    24  libcanil.o(.text.LibCanIL_RxStart)
    LibCanIL_RxStop                          0x08004ab9   Thumb Code    36  libcanil.o(.text.LibCanIL_RxStop)
    LibCanIL_SendEventMsgStart               0x08004af1   Thumb Code   230  libcanil.o(.text.LibCanIL_SendEventMsgStart)
    LibCanIL_SetSignal                       0x080050e1   Thumb Code   330  libcanil.o(.text.LibCanIL_SetSignal)
    LibCanIL_TxDisable                       0x08005469   Thumb Code    24  libcanil.o(.text.LibCanIL_TxDisable)
    LibCanIL_TxStart                         0x080054a9   Thumb Code    24  libcanil.o(.text.LibCanIL_TxStart)
    LibCanIL_TxStop                          0x080054d1   Thumb Code    36  libcanil.o(.text.LibCanIL_TxStop)
    LibCan_GetMsgDataLength                  0x08005509   Thumb Code     8  libcanmsg.o(.text.LibCan_GetMsgDataLength)
    LibFifoQueue_Clear                       0x08005521   Thumb Code    16  libfifoqueue.o(.text.LibFifoQueue_Clear)
    LibFifoQueue_GetItem                     0x08005531   Thumb Code    40  libfifoqueue.o(.text.LibFifoQueue_GetItem)
    LibFifoQueue_GetPopItem                  0x08005559   Thumb Code    48  libfifoqueue.o(.text.LibFifoQueue_GetPopItem)
    LibFifoQueue_Pop                         0x08005589   Thumb Code    30  libfifoqueue.o(.text.LibFifoQueue_Pop)
    LibFifoQueue_Push                        0x080055a9   Thumb Code   132  libfifoqueue.o(.text.LibFifoQueue_Push)
    LibFsm_DispatchEvent                     0x08005631   Thumb Code   192  libfsm.o(.text.LibFsm_DispatchEvent)
    LibFsm_GetCurrentState                   0x080056f9   Thumb Code     4  libfsm.o(.text.LibFsm_GetCurrentState)
    LibFsm_RunCurrentState                   0x08005701   Thumb Code    18  libfsm.o(.text.LibFsm_RunCurrentState)
    LibMcan_IoCtl                            0x08005719   Thumb Code   214  libcandrvmsg.o(.text.LibMcan_IoCtl)
    LibServiceHost_Init                      0x080057f1   Thumb Code    78  libservicehost.o(.text.LibServiceHost_Init)
    LibServiceHost_Notify                    0x08005841   Thumb Code     6  libservicehost.o(.text.LibServiceHost_Notify)
    LibServiceHost_Service                   0x08005849   Thumb Code    60  libservicehost.o(.text.LibServiceHost_Service)
    LibServiceHost_TriggerShutdown           0x08005889   Thumb Code    46  libservicehost.o(.text.LibServiceHost_TriggerShutdown)
    LibService_CheckClearEvent               0x080058b9   Thumb Code    34  libservice.o(.text.LibService_CheckClearEvent)
    LibService_SetEvent                      0x080058e1   Thumb Code    36  libservice.o(.text.LibService_SetEvent)
    LibService_Terminate                     0x08005909   Thumb Code     6  libservice.o(.text.LibService_Terminate)
    LibSystem_WakeUpRequest                  0x08005911   Thumb Code    32  cantask.o(.text.LibSystem_WakeUpRequest)
    LibTimer_GetTimeLeft_ms                  0x08005931   Thumb Code    52  libtimer.o(.text.LibTimer_GetTimeLeft_ms)
    LibTimer_GetUpTime_ms                    0x08005969   Thumb Code    24  libtimer.o(.text.LibTimer_GetUpTime_ms)
    LibTimer_Start                           0x08005981   Thumb Code   174  libtimer.o(.text.LibTimer_Start)
    LibTimer_Stop                            0x08005a31   Thumb Code    66  libtimer.o(.text.LibTimer_Stop)
    LibTimer_Tick                            0x08005a79   Thumb Code   230  libtimer.o(.text.LibTimer_Tick)
    MX_CAN1_Init                             0x08005b61   Thumb Code    68  can.o(.text.MX_CAN1_Init)
    MX_CRC_Init                              0x08005ba9   Thumb Code    50  crc.o(.text.MX_CRC_Init)
    MX_FREERTOS_Init                         0x08005be1   Thumb Code   220  freertos.o(.text.MX_FREERTOS_Init)
    MX_GPIO_Init                             0x08005cc1   Thumb Code   178  gpio.o(.text.MX_GPIO_Init)
    MX_RTC_Init                              0x08005d79   Thumb Code    56  rtc.o(.text.MX_RTC_Init)
    MX_USART1_UART_Init                      0x08005db1   Thumb Code    82  usart.o(.text.MX_USART1_UART_Init)
    MemManage_Handler                        0x08005e09   Thumb Code     2  stm32f7xx_it.o(.text.MemManage_Handler)
    NMI_Handler                              0x08005e11   Thumb Code     2  stm32f7xx_it.o(.text.NMI_Handler)
    PendSV_Handler                           0x08005e21   Thumb Code   100  port.o(.text.PendSV_Handler)
    SVC_Handler                              0x08005ef1   Thumb Code    36  port.o(.text.SVC_Handler)
    StartBSWTask10ms                         0x08005f19   Thumb Code    30  freertos.o(.text.StartBSWTask10ms)
    StartTask10ms                            0x08005f39   Thumb Code    22  freertos.o(.text.StartTask10ms)
    SysTick_Handler                          0x08005f51   Thumb Code    24  stm32f7xx_it.o(.text.SysTick_Handler)
    SystemClock_Config                       0x08005f69   Thumb Code   210  main.o(.text.SystemClock_Config)
    SystemInit                               0x08006041   Thumb Code    18  system_stm32f7xx.o(.text.SystemInit)
    TASK_CAN_ServiceHndl                     0x08006059   Thumb Code   644  cantask.o(.text.TASK_CAN_ServiceHndl)
    TASK_CAN_ServiceHostInit                 0x08006331   Thumb Code    12  cantask.o(.text.TASK_CAN_ServiceHostInit)
    TASK_CAN_ServiceHostMain                 0x08006341   Thumb Code    12  cantask.o(.text.TASK_CAN_ServiceHostMain)
    UART_AdvFeatureConfig                    0x08006369   Thumb Code   560  stm32f7xx_hal_uart.o(.text.UART_AdvFeatureConfig)
    UART_SetConfig                           0x080066f9   Thumb Code   802  stm32f7xx_hal_uart.o(.text.UART_SetConfig)
    UART_Start_Receive_IT                    0x08006a21   Thumb Code   186  stm32f7xx_hal_uart.o(.text.UART_Start_Receive_IT)
    UART_WaitOnFlagUntilTimeout              0x08006ae1   Thumb Code   238  stm32f7xx_hal_uart.o(.text.UART_WaitOnFlagUntilTimeout)
    USART1_IRQHandler                        0x08006bd1   Thumb Code    88  stm32f7xx_it.o(.text.USART1_IRQHandler)
    UsageFault_Handler                       0x08006c29   Thumb Code     2  stm32f7xx_it.o(.text.UsageFault_Handler)
    _sys_exit                                0x08006c31   Thumb Code     2  uartif.o(.text._sys_exit)
    assert_failed                            0x08006c39   Thumb Code     2  main.o(.text.assert_failed)
    fputc                                    0x08006c41   Thumb Code    20  uartif.o(.text.fputc)
    main                                     0x08006c59   Thumb Code   166  main.o(.text.main)
    osEventFlagsNew                          0x08006d01   Thumb Code    90  cmsis_os2.o(.text.osEventFlagsNew)
    osKernelGetTickCount                     0x08006d61   Thumb Code    56  cmsis_os2.o(.text.osKernelGetTickCount)
    osKernelInitialize                       0x08006d99   Thumb Code    74  cmsis_os2.o(.text.osKernelInitialize)
    osKernelStart                            0x08006de9   Thumb Code    80  cmsis_os2.o(.text.osKernelStart)
    osMutexNew                               0x08006e39   Thumb Code   188  cmsis_os2.o(.text.osMutexNew)
    osSemaphoreNew                           0x08006ef9   Thumb Code   262  cmsis_os2.o(.text.osSemaphoreNew)
    osThreadNew                              0x08007001   Thumb Code   254  cmsis_os2.o(.text.osThreadNew)
    osTimerNew                               0x08007101   Thumb Code   204  cmsis_os2.o(.text.osTimerNew)
    pvPortMalloc                             0x08007949   Thumb Code   448  heap_4.o(.text.pvPortMalloc)
    pvTimerGetTimerID                        0x08007b09   Thumb Code    42  timers.o(.text.pvTimerGetTimerID)
    pxPortInitialiseStack                    0x08007b39   Thumb Code    44  port.o(.text.pxPortInitialiseStack)
    uxListRemove                             0x08007b69   Thumb Code    42  list.o(.text.uxListRemove)
    vApplicationGetIdleTaskMemory            0x08007b99   Thumb Code    26  cmsis_os2.o(.text.vApplicationGetIdleTaskMemory)
    vApplicationGetTimerTaskMemory           0x08007bb9   Thumb Code    26  cmsis_os2.o(.text.vApplicationGetTimerTaskMemory)
    vApplicationStackOverflowHook            0x08007bd9   Thumb Code     2  freertos.o(.text.vApplicationStackOverflowHook)
    vApplicationTickHook                     0x08007be1   Thumb Code     4  freertos.o(.text.vApplicationTickHook)
    vListInitialise                          0x08007be9   Thumb Code    22  list.o(.text.vListInitialise)
    vListInitialiseItem                      0x08007c01   Thumb Code     6  list.o(.text.vListInitialiseItem)
    vListInsert                              0x08007c09   Thumb Code    58  list.o(.text.vListInsert)
    vListInsertEnd                           0x08007c49   Thumb Code    28  list.o(.text.vListInsertEnd)
    vPortEnterCritical                       0x08007c81   Thumb Code    82  port.o(.text.vPortEnterCritical)
    vPortExitCritical                        0x08007cd9   Thumb Code    50  port.o(.text.vPortExitCritical)
    vPortFree                                0x08007d11   Thumb Code   204  heap_4.o(.text.vPortFree)
    vPortSetupTimerInterrupt                 0x08007de1   Thumb Code    52  port.o(.text.vPortSetupTimerInterrupt)
    vPortValidateInterruptPriority           0x08007e19   Thumb Code   106  port.o(.text.vPortValidateInterruptPriority)
    vQueueAddToRegistry                      0x08007e89   Thumb Code    38  queue.o(.text.vQueueAddToRegistry)
    vQueueDelete                             0x08007eb1   Thumb Code    76  queue.o(.text.vQueueDelete)
    vQueueWaitForMessageRestricted           0x08007f01   Thumb Code    70  queue.o(.text.vQueueWaitForMessageRestricted)
    vTaskDelayUntil                          0x08007f49   Thumb Code   258  tasks.o(.text.vTaskDelayUntil)
    vTaskInternalSetTimeOutState             0x08008051   Thumb Code    26  tasks.o(.text.vTaskInternalSetTimeOutState)
    vTaskMissedYield                         0x08008071   Thumb Code    14  tasks.o(.text.vTaskMissedYield)
    vTaskPlaceOnEventList                    0x08008081   Thumb Code    58  tasks.o(.text.vTaskPlaceOnEventList)
    vTaskPlaceOnEventListRestricted          0x080080c1   Thumb Code    66  tasks.o(.text.vTaskPlaceOnEventListRestricted)
    vTaskStartScheduler                      0x08008109   Thumb Code   164  tasks.o(.text.vTaskStartScheduler)
    vTaskSuspendAll                          0x080081b9   Thumb Code    16  tasks.o(.text.vTaskSuspendAll)
    vTaskSwitchContext                       0x080081c9   Thumb Code   182  tasks.o(.text.vTaskSwitchContext)
    xEventGroupCreate                        0x08008281   Thumb Code    28  event_groups.o(.text.xEventGroupCreate)
    xEventGroupCreateStatic                  0x080082a1   Thumb Code    86  event_groups.o(.text.xEventGroupCreateStatic)
    xPortStartScheduler                      0x080082f9   Thumb Code   246  port.o(.text.xPortStartScheduler)
    xPortSysTickHandler                      0x080083f1   Thumb Code    50  port.o(.text.xPortSysTickHandler)
    xQueueCreateCountingSemaphore            0x08008429   Thumb Code    74  queue.o(.text.xQueueCreateCountingSemaphore)
    xQueueCreateCountingSemaphoreStatic      0x08008479   Thumb Code    86  queue.o(.text.xQueueCreateCountingSemaphoreStatic)
    xQueueCreateMutex                        0x080084d1   Thumb Code    40  queue.o(.text.xQueueCreateMutex)
    xQueueCreateMutexStatic                  0x080084f9   Thumb Code   170  queue.o(.text.xQueueCreateMutexStatic)
    xQueueGenericCreate                      0x080085a9   Thumb Code   146  queue.o(.text.xQueueGenericCreate)
    xQueueGenericCreateStatic                0x08008641   Thumb Code   238  queue.o(.text.xQueueGenericCreateStatic)
    xQueueGenericSend                        0x08008731   Thumb Code   550  queue.o(.text.xQueueGenericSend)
    xQueueReceive                            0x08008959   Thumb Code   436  queue.o(.text.xQueueReceive)
    xTaskCheckForTimeOut                     0x08008b11   Thumb Code   180  tasks.o(.text.xTaskCheckForTimeOut)
    xTaskCreate                              0x08008bc9   Thumb Code   226  tasks.o(.text.xTaskCreate)
    xTaskCreateStatic                        0x08008cb1   Thumb Code   262  tasks.o(.text.xTaskCreateStatic)
    xTaskGetSchedulerState                   0x08008db9   Thumb Code    36  tasks.o(.text.xTaskGetSchedulerState)
    xTaskGetTickCount                        0x08008de1   Thumb Code    12  tasks.o(.text.xTaskGetTickCount)
    xTaskGetTickCountFromISR                 0x08008df1   Thumb Code    18  tasks.o(.text.xTaskGetTickCountFromISR)
    xTaskIncrementTick                       0x08008e09   Thumb Code   388  tasks.o(.text.xTaskIncrementTick)
    xTaskPriorityDisinherit                  0x08008f91   Thumb Code   154  tasks.o(.text.xTaskPriorityDisinherit)
    xTaskRemoveFromEventList                 0x08009031   Thumb Code   146  tasks.o(.text.xTaskRemoveFromEventList)
    xTaskResumeAll                           0x080090c9   Thumb Code   316  tasks.o(.text.xTaskResumeAll)
    xTimerCreate                             0x08009209   Thumb Code   106  timers.o(.text.xTimerCreate)
    xTimerCreateStatic                       0x08009279   Thumb Code   162  timers.o(.text.xTimerCreateStatic)
    xTimerCreateTimerTask                    0x08009321   Thumb Code   112  timers.o(.text.xTimerCreateTimerTask)
    _fp_init                                 0x08009399   Thumb Code    26  fpinit.o(x$fpl$fpinit)
    __fplib_config_fpu_vfp                   0x080093b1   Thumb Code     0  fpinit.o(x$fpl$fpinit)
    __fplib_config_pureend_doubles           0x080093b1   Thumb Code     0  fpinit.o(x$fpl$fpinit)
    AHBPrescTable                            0x080093da   Data          16  system_stm32f7xx.o(.rodata.AHBPrescTable)
    APBPrescTable                            0x080093ea   Data           8  system_stm32f7xx.o(.rodata.APBPrescTable)
    CanNm_Module                             0x08009458   Data          12  cannm.o(.rodata.CanNm_Module)
    LibCanILCfg_CallbackTable                0x080094f8   Data           8  libcanilcfg.o(.rodata.LibCanILCfg_CallbackTable)
    LibCanILCfg_MessageTable                 0x08009500   Data           8  libcanilcfg.o(.rodata.LibCanILCfg_MessageTable)
    LibCanILCfg_SignalTable                  0x08009548   Data           8  libcanilcfg.o(.rodata.LibCanILCfg_SignalTable)
    LibCanIL_Module                          0x08009760   Data          12  libcanil.o(.rodata.LibCanIL_Module)
    Task10ms_attributes                      0x0800976c   Data          36  freertos.o(.rodata.Task10ms_attributes)
    TaskBSW10ms_attributes                   0x08009790   Data          36  freertos.o(.rodata.TaskBSW10ms_attributes)
    myBinarySem01_attributes                 0x080097d4   Data          16  freertos.o(.rodata.myBinarySem01_attributes)
    myCountingSem01_attributes               0x080097e4   Data          16  freertos.o(.rodata.myCountingSem01_attributes)
    myEvent01_attributes                     0x080097f4   Data          16  freertos.o(.rodata.myEvent01_attributes)
    myMutex01_attributes                     0x08009804   Data          16  freertos.o(.rodata.myMutex01_attributes)
    myRecursiveMutex01_attributes            0x08009814   Data          16  freertos.o(.rodata.myRecursiveMutex01_attributes)
    myTimer01_attributes                     0x08009824   Data          16  freertos.o(.rodata.myTimer01_attributes)
    Region$$Table$$Base                      0x08009af4   Number         0  anon$$obj.o(Region$$Table)
    Region$$Table$$Limit                     0x08009b14   Number         0  anon$$obj.o(Region$$Table)
    __ARM_use_no_argv                        0x20000000   Data           4  main.o(.ARM.use_no_argv)
    CanIF_MsgRecvFifo                        0x20000004   Data          28  canif.o(.data.CanIF_MsgRecvFifo)
    CanNmHistory_NmStatesFifo                0x20000020   Data          28  cannmhistory.o(.data.CanNmHistory_NmStatesFifo)
    CanNm_Fsm                                0x2000003c   Data          12  cannm.o(.data.CanNm_Fsm)
    CanNm_NmMsgRecvFifo                      0x20000048   Data          28  cannm.o(.data.CanNm_NmMsgRecvFifo)
    CanNm_NmMsgSendFifo                      0x20000064   Data          28  cannm.o(.data.CanNm_NmMsgSendFifo)
    CanNm_Service                            0x200000e0   Data          20  cannm.o(.data.CanNm_Service)
    Can_ModuleTable                          0x2000013c   Data           8  cantask.o(.data.Can_ModuleTable)
    Can_MsgSentFifo                          0x20000144   Data          28  cantask.o(.data.Can_MsgSentFifo)
    LibCanIL_MsgConFifo                      0x20000160   Data          28  libcanil.o(.data.LibCanIL_MsgConFifo)
    LibCanIL_MsgIndFifo                      0x2000017c   Data          28  libcanil.o(.data.LibCanIL_MsgIndFifo)
    LibCanIL_MsgReqFifo                      0x20000198   Data          28  libcanil.o(.data.LibCanIL_MsgReqFifo)
    LibCanIL_Service                         0x200001b4   Data          20  libcanil.o(.data.LibCanIL_Service)
    NM_enable_flag                           0x200001e0   Data           1  cannm.o(.data.NM_enable_flag)
    SleepToShutDownCount                     0x200001fc   Data           4  cannm.o(.data.SleepToShutDownCount)
    SystemCoreClock                          0x20000200   Data           4  system_stm32f7xx.o(.data.SystemCoreClock)
    TASK_CAN                                 0x20000204   Data          20  cantask.o(.data.TASK_CAN)
    uwTickFreq                               0x20000218   Data           1  stm32f7xx_hal.o(.data.uwTickFreq)
    uwTickPrio                               0x2000021c   Data           4  stm32f7xx_hal.o(.data.uwTickPrio)
    __libspace_start                         0x20000228   Data          96  libspace.o(.bss)
    __temporary_stack_top$libspace           0x20000288   Data           0  libspace.o(.bss)
    Can1_Bus_Off_flag                        0x200002b0   Data           1  canif.o(.bss.Can1_Bus_Off_flag)
    Can2_Bus_Off_flag                        0x200002b1   Data           1  canif.o(.bss.Can2_Bus_Off_flag)
    CanNmHistory_PrevState                   0x20000395   Data           1  cannmhistory.o(.bss.CanNmHistory_PrevState)
    CanNm_Appframe_RxEnable                  0x200003a0   Data           1  cannm.o(.bss.CanNm_Appframe_RxEnable)
    LibCanIL_TransmitEnabled                 0x200008f6   Data           1  libcanil.o(.bss.LibCanIL_TransmitEnabled)
    Log_IL_count_temp                        0x20000914   Data           2  libcanil.o(.bss.Log_IL_count_temp)
    Task10msHandle                           0x2000091c   Data           4  freertos.o(.bss.Task10msHandle)
    TaskBSW10msHandle                        0x20000920   Data           4  freertos.o(.bss.TaskBSW10msHandle)
    __stdout                                 0x20000b80   Data          84  uartif.o(.bss.__stdout)
    g_rx_buffer                              0x20000bd4   Data           1  usart.o(.bss.g_rx_buffer)
    g_usart_rx_buf                           0x20000bd5   Data         200  usart.o(.bss.g_usart_rx_buf)
    g_usart_rx_sta                           0x20000c9e   Data           2  usart.o(.bss.g_usart_rx_sta)
    hcan1                                    0x20000ca0   Data          40  can.o(.bss.hcan1)
    hcrc                                     0x20000cc8   Data          36  crc.o(.bss.hcrc)
    hrtc                                     0x20000cec   Data          32  rtc.o(.bss.hrtc)
    huart1                                   0x20000d0c   Data         136  usart.o(.bss.huart1)
    myBinarySem01Handle                      0x20000d94   Data           4  freertos.o(.bss.myBinarySem01Handle)
    myCountingSem01Handle                    0x20000d98   Data           4  freertos.o(.bss.myCountingSem01Handle)
    myEvent01Handle                          0x20000d9c   Data           4  freertos.o(.bss.myEvent01Handle)
    myMutex01Handle                          0x20000da0   Data           4  freertos.o(.bss.myMutex01Handle)
    myRecursiveMutex01Handle                 0x20000da4   Data           4  freertos.o(.bss.myRecursiveMutex01Handle)
    myTimer01Handle                          0x20000da8   Data           4  freertos.o(.bss.myTimer01Handle)
    pxCurrentTCB                             0x20000ea0   Data           4  tasks.o(.bss.pxCurrentTCB)
    singal_count                             0x20001318   Data           1  libcanil.o(.bss.singal_count)
    uwTick                                   0x2001a320   Data           4  stm32f7xx_hal.o(.bss.uwTick)
    xQueueRegistry                           0x2001a3b8   Data          64  queue.o(.bss.xQueueRegistry)



==============================================================================

Memory Map of the image

  Image Entry point : 0x080001f9

  Load Region LR_IROM1 (Base: 0x08000000, Size: 0x00009d40, Max: 0x00100000, ABSOLUTE, COMPRESSED[0x00009bc8])

    Execution Region ER_IROM1 (Exec base: 0x08000000, Load base: 0x08000000, Size: 0x00009b14, Max: 0x00100000, ABSOLUTE)

    Exec Addr    Load Addr    Size         Type   Attr      Idx    E Section Name        Object

    0x08000000   0x08000000   0x000001f8   Data   RO            3    RESET               startup_stm32f767xx.o
    0x080001f8   0x080001f8   0x00000008   Code   RO         2364  * !!!main             c_w.l(__main.o)
    0x08000200   0x08000200   0x00000034   Code   RO         2545    !!!scatter          c_w.l(__scatter.o)
    0x08000234   0x08000234   0x0000003a   Code   RO         2543    !!dczerorl          c_w.l(__dczerorl.o)
    0x0800026e   0x0800026e   0x00000002   PAD
    0x08000270   0x08000270   0x0000001c   Code   RO         2547    !!handler_zi        c_w.l(__scatter_zi.o)
    0x0800028c   0x0800028c   0x00000000   Code   RO         2343    .ARM.Collect$$_printf_percent$$00000000  c_w.l(_printf_percent.o)
    0x0800028c   0x0800028c   0x00000006   Code   RO         2341    .ARM.Collect$$_printf_percent$$00000009  c_w.l(_printf_d.o)
    0x08000292   0x08000292   0x00000006   Code   RO         2342    .ARM.Collect$$_printf_percent$$0000000A  c_w.l(_printf_u.o)
    0x08000298   0x08000298   0x00000006   Code   RO         2340    .ARM.Collect$$_printf_percent$$0000000C  c_w.l(_printf_x.o)
    0x0800029e   0x0800029e   0x00000006   Code   RO         2339    .ARM.Collect$$_printf_percent$$00000013  c_w.l(_printf_c.o)
    0x080002a4   0x080002a4   0x00000004   Code   RO         2383    .ARM.Collect$$_printf_percent$$00000017  c_w.l(_printf_percent_end.o)
    0x080002a8   0x080002a8   0x00000002   Code   RO         2420    .ARM.Collect$$libinit$$00000000  c_w.l(libinit.o)
    0x080002aa   0x080002aa   0x00000004   Code   RO         2432    .ARM.Collect$$libinit$$00000001  c_w.l(libinit2.o)
    0x080002ae   0x080002ae   0x00000000   Code   RO         2435    .ARM.Collect$$libinit$$00000004  c_w.l(libinit2.o)
    0x080002ae   0x080002ae   0x00000000   Code   RO         2437    .ARM.Collect$$libinit$$00000006  c_w.l(libinit2.o)
    0x080002ae   0x080002ae   0x00000000   Code   RO         2440    .ARM.Collect$$libinit$$0000000C  c_w.l(libinit2.o)
    0x080002ae   0x080002ae   0x00000000   Code   RO         2442    .ARM.Collect$$libinit$$0000000E  c_w.l(libinit2.o)
    0x080002ae   0x080002ae   0x00000000   Code   RO         2444    .ARM.Collect$$libinit$$00000010  c_w.l(libinit2.o)
    0x080002ae   0x080002ae   0x00000000   Code   RO         2447    .ARM.Collect$$libinit$$00000013  c_w.l(libinit2.o)
    0x080002ae   0x080002ae   0x00000000   Code   RO         2449    .ARM.Collect$$libinit$$00000015  c_w.l(libinit2.o)
    0x080002ae   0x080002ae   0x00000000   Code   RO         2451    .ARM.Collect$$libinit$$00000017  c_w.l(libinit2.o)
    0x080002ae   0x080002ae   0x00000000   Code   RO         2453    .ARM.Collect$$libinit$$00000019  c_w.l(libinit2.o)
    0x080002ae   0x080002ae   0x00000000   Code   RO         2455    .ARM.Collect$$libinit$$0000001B  c_w.l(libinit2.o)
    0x080002ae   0x080002ae   0x00000000   Code   RO         2457    .ARM.Collect$$libinit$$0000001D  c_w.l(libinit2.o)
    0x080002ae   0x080002ae   0x00000000   Code   RO         2459    .ARM.Collect$$libinit$$0000001F  c_w.l(libinit2.o)
    0x080002ae   0x080002ae   0x00000000   Code   RO         2461    .ARM.Collect$$libinit$$00000021  c_w.l(libinit2.o)
    0x080002ae   0x080002ae   0x00000000   Code   RO         2463    .ARM.Collect$$libinit$$00000023  c_w.l(libinit2.o)
    0x080002ae   0x080002ae   0x00000000   Code   RO         2465    .ARM.Collect$$libinit$$00000025  c_w.l(libinit2.o)
    0x080002ae   0x080002ae   0x00000000   Code   RO         2467    .ARM.Collect$$libinit$$00000027  c_w.l(libinit2.o)
    0x080002ae   0x080002ae   0x00000000   Code   RO         2471    .ARM.Collect$$libinit$$0000002E  c_w.l(libinit2.o)
    0x080002ae   0x080002ae   0x00000000   Code   RO         2473    .ARM.Collect$$libinit$$00000030  c_w.l(libinit2.o)
    0x080002ae   0x080002ae   0x00000000   Code   RO         2475    .ARM.Collect$$libinit$$00000032  c_w.l(libinit2.o)
    0x080002ae   0x080002ae   0x00000000   Code   RO         2477    .ARM.Collect$$libinit$$00000034  c_w.l(libinit2.o)
    0x080002ae   0x080002ae   0x00000002   Code   RO         2478    .ARM.Collect$$libinit$$00000035  c_w.l(libinit2.o)
    0x080002b0   0x080002b0   0x00000002   Code   RO         2502    .ARM.Collect$$libshutdown$$00000000  c_w.l(libshutdown.o)
    0x080002b2   0x080002b2   0x00000000   Code   RO         2526    .ARM.Collect$$libshutdown$$00000002  c_w.l(libshutdown2.o)
    0x080002b2   0x080002b2   0x00000000   Code   RO         2528    .ARM.Collect$$libshutdown$$00000004  c_w.l(libshutdown2.o)
    0x080002b2   0x080002b2   0x00000000   Code   RO         2531    .ARM.Collect$$libshutdown$$00000007  c_w.l(libshutdown2.o)
    0x080002b2   0x080002b2   0x00000000   Code   RO         2534    .ARM.Collect$$libshutdown$$0000000A  c_w.l(libshutdown2.o)
    0x080002b2   0x080002b2   0x00000000   Code   RO         2536    .ARM.Collect$$libshutdown$$0000000C  c_w.l(libshutdown2.o)
    0x080002b2   0x080002b2   0x00000000   Code   RO         2539    .ARM.Collect$$libshutdown$$0000000F  c_w.l(libshutdown2.o)
    0x080002b2   0x080002b2   0x00000002   Code   RO         2540    .ARM.Collect$$libshutdown$$00000010  c_w.l(libshutdown2.o)
    0x080002b4   0x080002b4   0x00000000   Code   RO         2368    .ARM.Collect$$rtentry$$00000000  c_w.l(__rtentry.o)
    0x080002b4   0x080002b4   0x00000000   Code   RO         2385    .ARM.Collect$$rtentry$$00000002  c_w.l(__rtentry2.o)
    0x080002b4   0x080002b4   0x00000006   Code   RO         2397    .ARM.Collect$$rtentry$$00000004  c_w.l(__rtentry4.o)
    0x080002ba   0x080002ba   0x00000000   Code   RO         2387    .ARM.Collect$$rtentry$$00000009  c_w.l(__rtentry2.o)
    0x080002ba   0x080002ba   0x00000004   Code   RO         2388    .ARM.Collect$$rtentry$$0000000A  c_w.l(__rtentry2.o)
    0x080002be   0x080002be   0x00000000   Code   RO         2390    .ARM.Collect$$rtentry$$0000000C  c_w.l(__rtentry2.o)
    0x080002be   0x080002be   0x00000008   Code   RO         2391    .ARM.Collect$$rtentry$$0000000D  c_w.l(__rtentry2.o)
    0x080002c6   0x080002c6   0x00000002   Code   RO         2424    .ARM.Collect$$rtexit$$00000000  c_w.l(rtexit.o)
    0x080002c8   0x080002c8   0x00000000   Code   RO         2480    .ARM.Collect$$rtexit$$00000002  c_w.l(rtexit2.o)
    0x080002c8   0x080002c8   0x00000004   Code   RO         2481    .ARM.Collect$$rtexit$$00000003  c_w.l(rtexit2.o)
    0x080002cc   0x080002cc   0x00000006   Code   RO         2482    .ARM.Collect$$rtexit$$00000004  c_w.l(rtexit2.o)
    0x080002d2   0x080002d2   0x00000002   PAD
    0x080002d4   0x080002d4   0x00000040   Code   RO            4    .text               startup_stm32f767xx.o
    0x08000314   0x08000314   0x00000002   Code   RO         2280    .text               c_w.l(use_no_semi_2.o)
    0x08000316   0x08000316   0x000000f0   Code   RO         2282    .text               c_w.l(lludivv7m.o)
    0x08000406   0x08000406   0x00000002   PAD
    0x08000408   0x08000408   0x00000018   Code   RO         2288    .text               c_w.l(noretval__2printf.o)
    0x08000420   0x08000420   0x00000068   Code   RO         2292    .text               c_w.l(__printf.o)
    0x08000488   0x08000488   0x00000052   Code   RO         2294    .text               c_w.l(_printf_str.o)
    0x080004da   0x080004da   0x00000002   PAD
    0x080004dc   0x080004dc   0x00000078   Code   RO         2296    .text               c_w.l(_printf_dec.o)
    0x08000554   0x08000554   0x00000058   Code   RO         2301    .text               c_w.l(_printf_hex_int.o)
    0x080005ac   0x080005ac   0x0000002c   Code   RO         2344    .text               c_w.l(puts.o)
    0x080005d8   0x080005d8   0x0000008a   Code   RO         2350    .text               c_w.l(rt_memcpy_v6.o)
    0x08000662   0x08000662   0x00000064   Code   RO         2352    .text               c_w.l(rt_memcpy_w.o)
    0x080006c6   0x080006c6   0x00000010   Code   RO         2356    .text               c_w.l(aeabi_memset4.o)
    0x080006d6   0x080006d6   0x0000004e   Code   RO         2360    .text               c_w.l(rt_memclr_w.o)
    0x08000724   0x08000724   0x00000006   Code   RO         2362    .text               c_w.l(heapauxi.o)
    0x0800072a   0x0800072a   0x00000002   Code   RO         2366    .text               c_w.l(use_no_semi.o)
    0x0800072c   0x0800072c   0x000000b2   Code   RO         2373    .text               c_w.l(_printf_intcommon.o)
    0x080007de   0x080007de   0x00000002   PAD
    0x080007e0   0x080007e0   0x00000030   Code   RO         2375    .text               c_w.l(_printf_char_common.o)
    0x08000810   0x08000810   0x0000002c   Code   RO         2379    .text               c_w.l(_printf_char.o)
    0x0800083c   0x0800083c   0x00000024   Code   RO         2381    .text               c_w.l(_printf_char_file.o)
    0x08000860   0x08000860   0x00000008   Code   RO         2403    .text               c_w.l(ferror.o)
    0x08000868   0x08000868   0x0000004a   Code   RO         2407    .text               c_w.l(sys_stackheap_outer.o)
    0x080008b2   0x080008b2   0x00000012   Code   RO         2409    .text               c_w.l(exit.o)
    0x080008c4   0x080008c4   0x00000008   Code   RO         2421    .text               c_w.l(libspace.o)
    0x080008cc   0x080008cc   0x00000004   PAD
    0x080008d0   0x080008d0   0x00000002   Code   RO          143    .text.BusFault_Handler  stm32f7xx_it.o
    0x080008d2   0x080008d2   0x00000006   PAD
    0x080008d8   0x080008d8   0x0000000c   Code   RO          153    .text.CAN1_RX0_IRQHandler  stm32f7xx_it.o
    0x080008e4   0x080008e4   0x00000004   PAD
    0x080008e8   0x080008e8   0x0000000c   Code   RO          155    .text.CAN1_RX1_IRQHandler  stm32f7xx_it.o
    0x080008f4   0x080008f4   0x00000004   PAD
    0x080008f8   0x080008f8   0x0000000c   Code   RO          157    .text.CAN1_SCE_IRQHandler  stm32f7xx_it.o
    0x08000904   0x08000904   0x00000004   PAD
    0x08000908   0x08000908   0x00000002   Code   RO           43    .text.Callback01    freertos.o
    0x0800090a   0x0800090a   0x00000006   PAD
    0x08000910   0x08000910   0x0000000c   Code   RO         1797    .text.Can1IfDrv_Deinit  canif.o
    0x0800091c   0x0800091c   0x00000004   PAD
    0x08000920   0x08000920   0x00000004   Code   RO         1793    .text.Can1IfDrv_Init  canif.o
    0x08000924   0x08000924   0x00000004   PAD
    0x08000928   0x08000928   0x0000005a   Code   RO         1801    .text.Can1IfDrv_Start  canif.o
    0x08000982   0x08000982   0x00000006   PAD
    0x08000988   0x08000988   0x00000030   Code   RO         1803    .text.Can1IfDrv_Stop  canif.o
    0x080009b8   0x080009b8   0x00000076   Code   RO         1823    .text.Can1_Bus_Off  canif.o
    0x08000a2e   0x08000a2e   0x00000002   PAD
    0x08000a30   0x08000a30   0x00000002   Code   RO         1799    .text.Can2IfDrv_Deinit  canif.o
    0x08000a32   0x08000a32   0x00000006   PAD
    0x08000a38   0x08000a38   0x00000002   Code   RO         1795    .text.Can2IfDrv_Init  canif.o
    0x08000a3a   0x08000a3a   0x00000006   PAD
    0x08000a40   0x08000a40   0x00000002   Code   RO         1805    .text.Can2IfDrv_Start  canif.o
    0x08000a42   0x08000a42   0x00000006   PAD
    0x08000a48   0x08000a48   0x00000002   Code   RO         1807    .text.Can2IfDrv_Stop  canif.o
    0x08000a4a   0x08000a4a   0x00000006   PAD
    0x08000a50   0x08000a50   0x00000016   Code   RO         1825    .text.Can2_Bus_Off  canif.o
    0x08000a66   0x08000a66   0x00000002   PAD
    0x08000a68   0x08000a68   0x00000002   Code   RO         2062    .text.CanNMHistory_Load  cannmhistory.o
    0x08000a6a   0x08000a6a   0x00000006   PAD
    0x08000a70   0x08000a70   0x0000000c   Code   RO         2060    .text.CanNMHistory_Save  cannmhistory.o
    0x08000a7c   0x08000a7c   0x00000004   PAD
    0x08000a80   0x08000a80   0x0000002e   Code   RO         2058    .text.CanNmHistory_PushState  cannmhistory.o
    0x08000aae   0x08000aae   0x00000002   PAD
    0x08000ab0   0x08000ab0   0x00000008   Code   RO         2079    .text.CanNmMgr_BusSleepEntered  cannmmgr.o
    0x08000ab8   0x08000ab8   0x0000000e   Code   RO         2081    .text.CanNmMgr_NetworkModeEntered  cannmmgr.o
    0x08000ac6   0x08000ac6   0x00000002   PAD
    0x08000ac8   0x08000ac8   0x0000000e   Code   RO         2083    .text.CanNmMgr_PrepareBusSleepEntered  cannmmgr.o
    0x08000ad6   0x08000ad6   0x00000002   PAD
    0x08000ad8   0x08000ad8   0x00000198   Code   RO         2094    .text.CanNmMsgs_BuildNmPDU  cannmmsgs.o
    0x08000c70   0x08000c70   0x00000016   Code   RO         2092    .text.CanNmMsgs_IsNmPduId  cannmmsgs.o
    0x08000c86   0x08000c86   0x00000002   PAD
    0x08000c88   0x08000c88   0x0000000c   Code   RO         2096    .text.CanNmMsgs_IsRSRSet  cannmmsgs.o
    0x08000c94   0x08000c94   0x00000004   PAD
    0x08000c98   0x08000c98   0x0000000a   Code   RO         1953    .text.CanNm_IsMsgNm  cannm.o
    0x08000ca2   0x08000ca2   0x00000006   PAD
    0x08000ca8   0x08000ca8   0x0000000c   Code   RO         1957    .text.CanNm_MsgConfirm  cannm.o
    0x08000cb4   0x08000cb4   0x00000004   PAD
    0x08000cb8   0x08000cb8   0x00000022   Code   RO         1955    .text.CanNm_MsgIndicate  cannm.o
    0x08000cda   0x08000cda   0x00000006   PAD
    0x08000ce0   0x08000ce0   0x00000026   Code   RO         2003    .text.CanNm_NmTimeoutTimerCb  cannm.o
    0x08000d06   0x08000d06   0x00000002   PAD
    0x08000d08   0x08000d08   0x00000068   Code   RO         1985    .text.CanNm_NormalEntry  cannm.o
    0x08000d70   0x08000d70   0x0000000c   Code   RO         1987    .text.CanNm_NormalExit  cannm.o
    0x08000d7c   0x08000d7c   0x00000004   PAD
    0x08000d80   0x08000d80   0x00000078   Code   RO         1983    .text.CanNm_NormalSrv  cannm.o
    0x08000df8   0x08000df8   0x0000000e   Code   RO         2011    .text.CanNm_NormalStateTimerCb  cannm.o
    0x08000e06   0x08000e06   0x00000002   PAD
    0x08000e08   0x08000e08   0x0000000e   Code   RO         2017    .text.CanNm_PduPeriodicTxTimeoutCb  cannm.o
    0x08000e16   0x08000e16   0x00000002   PAD
    0x08000e18   0x08000e18   0x0000000e   Code   RO         2009    .text.CanNm_PduTransmitTimerCb  cannm.o
    0x08000e26   0x08000e26   0x00000002   PAD
    0x08000e28   0x08000e28   0x00000084   Code   RO         1997    .text.CanNm_PrepareSleepEntry  cannm.o
    0x08000eac   0x08000eac   0x00000004   PAD
    0x08000eb0   0x08000eb0   0x0000000c   Code   RO         1999    .text.CanNm_PrepareSleepExit  cannm.o
    0x08000ebc   0x08000ebc   0x00000004   PAD
    0x08000ec0   0x08000ec0   0x00000040   Code   RO         1995    .text.CanNm_PrepareSleepSrv  cannm.o
    0x08000f00   0x08000f00   0x00000044   Code   RO         1991    .text.CanNm_ReadySleepEntry  cannm.o
    0x08000f44   0x08000f44   0x00000004   PAD
    0x08000f48   0x08000f48   0x00000002   Code   RO         1993    .text.CanNm_ReadySleepExit  cannm.o
    0x08000f4a   0x08000f4a   0x00000006   PAD
    0x08000f50   0x08000f50   0x0000007e   Code   RO         1989    .text.CanNm_ReadySleepSrv  cannm.o
    0x08000fce   0x08000fce   0x00000002   PAD
    0x08000fd0   0x08000fd0   0x0000002c   Code   RO         2005    .text.CanNm_RepeatMessageImmediateTransmissionCb  cannm.o
    0x08000ffc   0x08000ffc   0x00000004   PAD
    0x08001000   0x08001000   0x000000dc   Code   RO         1979    .text.CanNm_RepeatMsgEntry  cannm.o
    0x080010dc   0x080010dc   0x00000004   PAD
    0x080010e0   0x080010e0   0x0000001c   Code   RO         1981    .text.CanNm_RepeatMsgExit  cannm.o
    0x080010fc   0x080010fc   0x00000004   PAD
    0x08001100   0x08001100   0x0000005e   Code   RO         1977    .text.CanNm_RepeatMsgSrv  cannm.o
    0x0800115e   0x0800115e   0x00000002   PAD
    0x08001160   0x08001160   0x00000028   Code   RO         2007    .text.CanNm_RepeatedMsgStateTimerCb  cannm.o
    0x08001188   0x08001188   0x0000025c   Code   RO         1951    .text.CanNm_ServiceHndl  cannm.o
    0x080013e4   0x080013e4   0x00000004   PAD
    0x080013e8   0x080013e8   0x00000054   Code   RO         1973    .text.CanNm_SleepEntry  cannm.o
    0x0800143c   0x0800143c   0x00000004   PAD
    0x08001440   0x08001440   0x0000000c   Code   RO         1975    .text.CanNm_SleepExit  cannm.o
    0x0800144c   0x0800144c   0x00000004   PAD
    0x08001450   0x08001450   0x00000040   Code   RO         1971    .text.CanNm_SleepSrv  cannm.o
    0x08001490   0x08001490   0x0000002c   Code   RO         2013    .text.CanNm_SleepWaitTxFifoClearTimerCb  cannm.o
    0x080014bc   0x080014bc   0x00000004   PAD
    0x080014c0   0x080014c0   0x00000004   Code   RO         1969    .text.CanNm_TransitionEnterNetwork  cannm.o
    0x080014c4   0x080014c4   0x00000004   PAD
    0x080014c8   0x080014c8   0x0000000e   Code   RO         2015    .text.CanNm_WaitBusSleepTimerCb  cannm.o
    0x080014d6   0x080014d6   0x00000002   PAD
    0x080014d8   0x080014d8   0x00000038   Code   RO         2120    .text.Can_BusOff    cantask.o
    0x08001510   0x08001510   0x0000000e   Code   RO         2116    .text.Can_MsgReceived  cantask.o
    0x0800151e   0x0800151e   0x00000002   PAD
    0x08001520   0x08001520   0x00000026   Code   RO         2118    .text.Can_MsgSent   cantask.o
    0x08001546   0x08001546   0x00000002   PAD
    0x08001548   0x08001548   0x00000002   Code   RO          147    .text.DebugMon_Handler  stm32f7xx_it.o
    0x0800154a   0x0800154a   0x00000006   PAD
    0x08001550   0x08001550   0x00000006   Code   RO          151    .text.EXTI3_IRQHandler  stm32f7xx_it.o
    0x08001556   0x08001556   0x00000002   PAD
    0x08001558   0x08001558   0x0000000a   Code   RO           15    .text.Error_Handler  main.o
    0x08001562   0x08001562   0x00000006   PAD
    0x08001568   0x08001568   0x00000048   Code   RO          212    .text.HAL_CAN_ActivateNotification  stm32f7xx_hal_can.o
    0x080015b0   0x080015b0   0x0000012e   Code   RO          198    .text.HAL_CAN_AddTxMessage  stm32f7xx_hal_can.o
    0x080016de   0x080016de   0x00000002   PAD
    0x080016e0   0x080016e0   0x000001fe   Code   RO          188    .text.HAL_CAN_ConfigFilter  stm32f7xx_hal_can.o
    0x080018de   0x080018de   0x00000002   PAD
    0x080018e0   0x080018e0   0x000000ac   Code   RO          182    .text.HAL_CAN_DeInit  stm32f7xx_hal_can.o
    0x0800198c   0x0800198c   0x00000004   PAD
    0x08001990   0x08001990   0x00000044   Code   RO          214    .text.HAL_CAN_DeactivateNotification  stm32f7xx_hal_can.o
    0x080019d4   0x080019d4   0x00000004   PAD
    0x080019d8   0x080019d8   0x0000003c   Code   RO         1817    .text.HAL_CAN_ErrorCallback  canif.o
    0x08001a14   0x08001a14   0x00000004   PAD
    0x08001a18   0x08001a18   0x00000004   Code   RO          246    .text.HAL_CAN_GetError  stm32f7xx_hal_can.o
    0x08001a1c   0x08001a1c   0x00000004   PAD
    0x08001a20   0x08001a20   0x0000003a   Code   RO          210    .text.HAL_CAN_GetRxFifoFillLevel  stm32f7xx_hal_can.o
    0x08001a5a   0x08001a5a   0x00000006   PAD
    0x08001a60   0x08001a60   0x0000014a   Code   RO          208    .text.HAL_CAN_GetRxMessage  stm32f7xx_hal_can.o
    0x08001baa   0x08001baa   0x00000006   PAD
    0x08001bb0   0x08001bb0   0x00000026   Code   RO          244    .text.HAL_CAN_GetState  stm32f7xx_hal_can.o
    0x08001bd6   0x08001bd6   0x00000002   PAD
    0x08001bd8   0x08001bd8   0x00000028   Code   RO          202    .text.HAL_CAN_GetTxMailboxesFreeLevel  stm32f7xx_hal_can.o
    0x08001c00   0x08001c00   0x00000244   Code   RO          216    .text.HAL_CAN_IRQHandler  stm32f7xx_hal_can.o
    0x08001e44   0x08001e44   0x00000004   PAD
    0x08001e48   0x08001e48   0x0000022e   Code   RO          178    .text.HAL_CAN_Init  stm32f7xx_hal_can.o
    0x08002076   0x08002076   0x00000002   PAD
    0x08002078   0x08002078   0x00000044   Code   RO           78    .text.HAL_CAN_MspDeInit  can.o
    0x080020bc   0x080020bc   0x00000004   PAD
    0x080020c0   0x080020c0   0x000000a0   Code   RO           76    .text.HAL_CAN_MspInit  can.o
    0x08002160   0x08002160   0x00000002   Code   RO          230    .text.HAL_CAN_RxFifo0FullCallback  stm32f7xx_hal_can.o
    0x08002162   0x08002162   0x00000006   PAD
    0x08002168   0x08002168   0x000000fc   Code   RO         1819    .text.HAL_CAN_RxFifo0MsgPendingCallback  canif.o
    0x08002264   0x08002264   0x00000004   PAD
    0x08002268   0x08002268   0x00000002   Code   RO          234    .text.HAL_CAN_RxFifo1FullCallback  stm32f7xx_hal_can.o
    0x0800226a   0x0800226a   0x00000006   PAD
    0x08002270   0x08002270   0x00000002   Code   RO         1821    .text.HAL_CAN_RxFifo1MsgPendingCallback  canif.o
    0x08002272   0x08002272   0x00000006   PAD
    0x08002278   0x08002278   0x00000002   Code   RO          238    .text.HAL_CAN_SleepCallback  stm32f7xx_hal_can.o
    0x0800227a   0x0800227a   0x00000006   PAD
    0x08002280   0x08002280   0x0000005a   Code   RO          190    .text.HAL_CAN_Start  stm32f7xx_hal_can.o
    0x080022da   0x080022da   0x00000006   PAD
    0x080022e0   0x080022e0   0x0000005e   Code   RO          184    .text.HAL_CAN_Stop  stm32f7xx_hal_can.o
    0x0800233e   0x0800233e   0x00000002   PAD
    0x08002340   0x08002340   0x00000002   Code   RO          220    .text.HAL_CAN_TxMailbox0AbortCallback  stm32f7xx_hal_can.o
    0x08002342   0x08002342   0x00000006   PAD
    0x08002348   0x08002348   0x00000002   Code   RO          218    .text.HAL_CAN_TxMailbox0CompleteCallback  stm32f7xx_hal_can.o
    0x0800234a   0x0800234a   0x00000006   PAD
    0x08002350   0x08002350   0x00000002   Code   RO          224    .text.HAL_CAN_TxMailbox1AbortCallback  stm32f7xx_hal_can.o
    0x08002352   0x08002352   0x00000006   PAD
    0x08002358   0x08002358   0x00000002   Code   RO          222    .text.HAL_CAN_TxMailbox1CompleteCallback  stm32f7xx_hal_can.o
    0x0800235a   0x0800235a   0x00000006   PAD
    0x08002360   0x08002360   0x00000002   Code   RO          228    .text.HAL_CAN_TxMailbox2AbortCallback  stm32f7xx_hal_can.o
    0x08002362   0x08002362   0x00000006   PAD
    0x08002368   0x08002368   0x00000002   Code   RO          226    .text.HAL_CAN_TxMailbox2CompleteCallback  stm32f7xx_hal_can.o
    0x0800236a   0x0800236a   0x00000006   PAD
    0x08002370   0x08002370   0x00000002   Code   RO          240    .text.HAL_CAN_WakeUpFromRxMsgCallback  stm32f7xx_hal_can.o
    0x08002372   0x08002372   0x00000006   PAD
    0x08002378   0x08002378   0x0000009c   Code   RO          866    .text.HAL_CRCEx_Polynomial_Set  stm32f7xx_hal_crc_ex.o
    0x08002414   0x08002414   0x00000004   PAD
    0x08002418   0x08002418   0x0000010a   Code   RO          841    .text.HAL_CRC_Init  stm32f7xx_hal_crc.o
    0x08002522   0x08002522   0x00000006   PAD
    0x08002528   0x08002528   0x0000002e   Code   RO           91    .text.HAL_CRC_MspInit  crc.o
    0x08002556   0x08002556   0x00000002   PAD
    0x08002558   0x08002558   0x00000080   Code   RO          405    .text.HAL_DMA_Abort  stm32f7xx_hal_dma.o
    0x080025d8   0x080025d8   0x00000024   Code   RO          407    .text.HAL_DMA_Abort_IT  stm32f7xx_hal_dma.o
    0x080025fc   0x080025fc   0x00000004   PAD
    0x08002600   0x08002600   0x00000116   Code   RO          374    .text.HAL_GPIO_DeInit  stm32f7xx_hal_gpio.o
    0x08002716   0x08002716   0x00000002   PAD
    0x08002718   0x08002718   0x00000002   Code   RO          386    .text.HAL_GPIO_EXTI_Callback  stm32f7xx_hal_gpio.o
    0x0800271a   0x0800271a   0x00000006   PAD
    0x08002720   0x08002720   0x00000016   Code   RO          384    .text.HAL_GPIO_EXTI_IRQHandler  stm32f7xx_hal_gpio.o
    0x08002736   0x08002736   0x00000002   PAD
    0x08002738   0x08002738   0x0000025a   Code   RO          372    .text.HAL_GPIO_Init  stm32f7xx_hal_gpio.o
    0x08002992   0x08002992   0x00000006   PAD
    0x08002998   0x08002998   0x0000003e   Code   RO          378    .text.HAL_GPIO_WritePin  stm32f7xx_hal_gpio.o
    0x080029d6   0x080029d6   0x00000002   PAD
    0x080029d8   0x080029d8   0x0000000c   Code   RO          583    .text.HAL_GetTick   stm32f7xx_hal.o
    0x080029e4   0x080029e4   0x00000004   PAD
    0x080029e8   0x080029e8   0x0000001a   Code   RO          581    .text.HAL_IncTick   stm32f7xx_hal.o
    0x08002a02   0x08002a02   0x00000006   PAD
    0x08002a08   0x08002a08   0x00000026   Code   RO          571    .text.HAL_Init      stm32f7xx_hal.o
    0x08002a2e   0x08002a2e   0x00000002   PAD
    0x08002a30   0x08002a30   0x00000050   Code   RO          573    .text.HAL_InitTick  stm32f7xx_hal.o
    0x08002a80   0x08002a80   0x0000003c   Code   RO          169    .text.HAL_MspInit   stm32f7xx_hal_msp.o
    0x08002abc   0x08002abc   0x00000004   PAD
    0x08002ac0   0x08002ac0   0x00000036   Code   RO          530    .text.HAL_NVIC_DisableIRQ  stm32f7xx_hal_cortex.o
    0x08002af6   0x08002af6   0x00000002   PAD
    0x08002af8   0x08002af8   0x0000002e   Code   RO          528    .text.HAL_NVIC_EnableIRQ  stm32f7xx_hal_cortex.o
    0x08002b26   0x08002b26   0x00000002   PAD
    0x08002b28   0x08002b28   0x00000082   Code   RO          526    .text.HAL_NVIC_SetPriority  stm32f7xx_hal_cortex.o
    0x08002baa   0x08002baa   0x00000006   PAD
    0x08002bb0   0x08002bb0   0x00000038   Code   RO          524    .text.HAL_NVIC_SetPriorityGrouping  stm32f7xx_hal_cortex.o
    0x08002be8   0x08002be8   0x00000076   Code   RO          505    .text.HAL_PWREx_EnableOverDrive  stm32f7xx_hal_pwr_ex.o
    0x08002c5e   0x08002c5e   0x00000002   PAD
    0x08002c60   0x08002c60   0x00000012   Code   RO          448    .text.HAL_PWR_EnableBkUpAccess  stm32f7xx_hal_pwr.o
    0x08002c72   0x08002c72   0x00000006   PAD
    0x08002c78   0x08002c78   0x00000b82   Code   RO          296    .text.HAL_RCCEx_PeriphCLKConfig  stm32f7xx_hal_rcc_ex.o
    0x080037fa   0x080037fa   0x00000006   PAD
    0x08003800   0x08003800   0x0000028e   Code   RO          263    .text.HAL_RCC_ClockConfig  stm32f7xx_hal_rcc.o
    0x08003a8e   0x08003a8e   0x00000002   PAD
    0x08003a90   0x08003a90   0x00000026   Code   RO          275    .text.HAL_RCC_GetPCLK1Freq  stm32f7xx_hal_rcc.o
    0x08003ab6   0x08003ab6   0x00000002   PAD
    0x08003ab8   0x08003ab8   0x00000026   Code   RO          277    .text.HAL_RCC_GetPCLK2Freq  stm32f7xx_hal_rcc.o
    0x08003ade   0x08003ade   0x00000002   PAD
    0x08003ae0   0x08003ae0   0x0000006a   Code   RO          265    .text.HAL_RCC_GetSysClockFreq  stm32f7xx_hal_rcc.o
    0x08003b4a   0x08003b4a   0x00000006   PAD
    0x08003b50   0x08003b50   0x000004b4   Code   RO          261    .text.HAL_RCC_OscConfig  stm32f7xx_hal_rcc.o
    0x08004004   0x08004004   0x00000004   PAD
    0x08004008   0x08004008   0x000001cc   Code   RO          881    .text.HAL_RTC_Init  stm32f7xx_hal_rtc.o
    0x080041d4   0x080041d4   0x00000004   PAD
    0x080041d8   0x080041d8   0x0000004a   Code   RO          106    .text.HAL_RTC_MspInit  rtc.o
    0x08004222   0x08004222   0x00000006   PAD
    0x08004228   0x08004228   0x0000002c   Code   RO          536    .text.HAL_SYSTICK_Config  stm32f7xx_hal_cortex.o
    0x08004254   0x08004254   0x00000004   PAD
    0x08004258   0x08004258   0x00000002   Code   RO         1113    .text.HAL_UARTEx_RxEventCallback  stm32f7xx_hal_uart.o
    0x0800425a   0x0800425a   0x00000006   PAD
    0x08004260   0x08004260   0x00000002   Code   RO         1115    .text.HAL_UARTEx_WakeupCallback  stm32f7xx_hal_uart.o
    0x08004262   0x08004262   0x00000006   PAD
    0x08004268   0x08004268   0x00000002   Code   RO         1111    .text.HAL_UART_ErrorCallback  stm32f7xx_hal_uart.o
    0x0800426a   0x0800426a   0x00000006   PAD
    0x08004270   0x08004270   0x0000000a   Code   RO         1143    .text.HAL_UART_GetState  stm32f7xx_hal_uart.o
    0x0800427a   0x0800427a   0x00000006   PAD
    0x08004280   0x08004280   0x00000338   Code   RO         1107    .text.HAL_UART_IRQHandler  stm32f7xx_hal_uart.o
    0x080045b8   0x080045b8   0x0000015c   Code   RO         1027    .text.HAL_UART_Init  stm32f7xx_hal_uart.o
    0x08004714   0x08004714   0x00000004   PAD
    0x08004718   0x08004718   0x000000c2   Code   RO          121    .text.HAL_UART_MspInit  usart.o
    0x080047da   0x080047da   0x00000006   PAD
    0x080047e0   0x080047e0   0x0000004a   Code   RO         1059    .text.HAL_UART_Receive_IT  stm32f7xx_hal_uart.o
    0x0800482a   0x0800482a   0x00000006   PAD
    0x08004830   0x08004830   0x0000007a   Code   RO         2154    .text.HAL_UART_RxCpltCallback  uartif.o
    0x080048aa   0x080048aa   0x00000006   PAD
    0x080048b0   0x080048b0   0x00000002   Code   RO         1117    .text.HAL_UART_TxCpltCallback  stm32f7xx_hal_uart.o
    0x080048b2   0x080048b2   0x00000006   PAD
    0x080048b8   0x080048b8   0x00000002   Code   RO          139    .text.HardFault_Handler  stm32f7xx_it.o
    0x080048ba   0x080048ba   0x00000006   PAD
    0x080048c0   0x080048c0   0x00000002   Code   RO         1868    .text.LibCanIL_CallRequestedCallbacks  libcanil.o
    0x080048c2   0x080048c2   0x00000006   PAD
    0x080048c8   0x080048c8   0x000000f6   Code   RO         1864    .text.LibCanIL_GetSignal  libcanil.o
    0x080049be   0x080049be   0x00000002   PAD
    0x080049c0   0x080049c0   0x0000004a   Code   RO         1852    .text.LibCanIL_IsMsgIL  libcanil.o
    0x08004a0a   0x08004a0a   0x00000006   PAD
    0x08004a10   0x08004a10   0x00000026   Code   RO         1856    .text.LibCanIL_MsgConfirm  libcanil.o
    0x08004a36   0x08004a36   0x00000002   PAD
    0x08004a38   0x08004a38   0x00000054   Code   RO         1854    .text.LibCanIL_MsgIndicate  libcanil.o
    0x08004a8c   0x08004a8c   0x00000004   PAD
    0x08004a90   0x08004a90   0x00000028   Code   RO         1872    .text.LibCanIL_RxStart  libcanil.o
    0x08004ab8   0x08004ab8   0x00000034   Code   RO         1876    .text.LibCanIL_RxStop  libcanil.o
    0x08004aec   0x08004aec   0x00000004   PAD
    0x08004af0   0x08004af0   0x000000e6   Code   RO         1858    .text.LibCanIL_SendEventMsgStart  libcanil.o
    0x08004bd6   0x08004bd6   0x00000002   PAD
    0x08004bd8   0x08004bd8   0x00000504   Code   RO         1850    .text.LibCanIL_ServiceHndl  libcanil.o
    0x080050dc   0x080050dc   0x00000004   PAD
    0x080050e0   0x080050e0   0x0000014a   Code   RO         1862    .text.LibCanIL_SetSignal  libcanil.o
    0x0800522a   0x0800522a   0x00000006   PAD
    0x08005230   0x08005230   0x00000238   Code   RO         1860    .text.LibCanIL_TransmitMsg  libcanil.o
    0x08005468   0x08005468   0x0000002c   Code   RO         1882    .text.LibCanIL_TxDisable  libcanil.o
    0x08005494   0x08005494   0x00000004   PAD
    0x08005498   0x08005498   0x0000000e   Code   RO         1886    .text.LibCanIL_TxEventMsgTimerCallback  libcanil.o
    0x080054a6   0x080054a6   0x00000002   PAD
    0x080054a8   0x080054a8   0x00000028   Code   RO         1870    .text.LibCanIL_TxStart  libcanil.o
    0x080054d0   0x080054d0   0x00000034   Code   RO         1874    .text.LibCanIL_TxStop  libcanil.o
    0x08005504   0x08005504   0x00000004   PAD
    0x08005508   0x08005508   0x00000018   Code   RO         1932    .text.LibCan_GetMsgDataLength  libcanmsg.o
    0x08005520   0x08005520   0x00000010   Code   RO         2171    .text.LibFifoQueue_Clear  libfifoqueue.o
    0x08005530   0x08005530   0x00000028   Code   RO         2173    .text.LibFifoQueue_GetItem  libfifoqueue.o
    0x08005558   0x08005558   0x00000030   Code   RO         2175    .text.LibFifoQueue_GetPopItem  libfifoqueue.o
    0x08005588   0x08005588   0x0000001e   Code   RO         2169    .text.LibFifoQueue_Pop  libfifoqueue.o
    0x080055a6   0x080055a6   0x00000002   PAD
    0x080055a8   0x080055a8   0x00000084   Code   RO         2167    .text.LibFifoQueue_Push  libfifoqueue.o
    0x0800562c   0x0800562c   0x00000004   PAD
    0x08005630   0x08005630   0x000000c0   Code   RO         2185    .text.LibFsm_DispatchEvent  libfsm.o
    0x080056f0   0x080056f0   0x00000002   Code   RO         1941    .text.LibFsm_Empty  cannm.o
    0x080056f2   0x080056f2   0x00000006   PAD
    0x080056f8   0x080056f8   0x00000004   Code   RO         2187    .text.LibFsm_GetCurrentState  libfsm.o
    0x080056fc   0x080056fc   0x00000004   PAD
    0x08005700   0x08005700   0x00000012   Code   RO         2191    .text.LibFsm_RunCurrentState  libfsm.o
    0x08005712   0x08005712   0x00000006   PAD
    0x08005718   0x08005718   0x000000d6   Code   RO         1840    .text.LibMcan_IoCtl  libcandrvmsg.o
    0x080057ee   0x080057ee   0x00000002   PAD
    0x080057f0   0x080057f0   0x0000004e   Code   RO         2221    .text.LibServiceHost_Init  libservicehost.o
    0x0800583e   0x0800583e   0x00000002   PAD
    0x08005840   0x08005840   0x00000006   Code   RO         2223    .text.LibServiceHost_Notify  libservicehost.o
    0x08005846   0x08005846   0x00000002   PAD
    0x08005848   0x08005848   0x0000003c   Code   RO         2225    .text.LibServiceHost_Service  libservicehost.o
    0x08005884   0x08005884   0x00000004   PAD
    0x08005888   0x08005888   0x0000002e   Code   RO         2229    .text.LibServiceHost_TriggerShutdown  libservicehost.o
    0x080058b6   0x080058b6   0x00000002   PAD
    0x080058b8   0x080058b8   0x00000022   Code   RO         2209    .text.LibService_CheckClearEvent  libservice.o
    0x080058da   0x080058da   0x00000006   PAD
    0x080058e0   0x080058e0   0x00000024   Code   RO         2203    .text.LibService_SetEvent  libservice.o
    0x08005904   0x08005904   0x00000004   PAD
    0x08005908   0x08005908   0x00000006   Code   RO         2211    .text.LibService_Terminate  libservice.o
    0x0800590e   0x0800590e   0x00000002   PAD
    0x08005910   0x08005910   0x00000020   Code   RO         2108    .text.LibSystem_WakeUpRequest  cantask.o
    0x08005930   0x08005930   0x00000034   Code   RO         2251    .text.LibTimer_GetTimeLeft_ms  libtimer.o
    0x08005964   0x08005964   0x00000004   PAD
    0x08005968   0x08005968   0x00000018   Code   RO         2241    .text.LibTimer_GetUpTime_ms  libtimer.o
    0x08005980   0x08005980   0x000000ae   Code   RO         2247    .text.LibTimer_Start  libtimer.o
    0x08005a2e   0x08005a2e   0x00000002   PAD
    0x08005a30   0x08005a30   0x00000042   Code   RO         2249    .text.LibTimer_Stop  libtimer.o
    0x08005a72   0x08005a72   0x00000006   PAD
    0x08005a78   0x08005a78   0x000000e6   Code   RO         2245    .text.LibTimer_Tick  libtimer.o
    0x08005b5e   0x08005b5e   0x00000002   PAD
    0x08005b60   0x08005b60   0x00000044   Code   RO           74    .text.MX_CAN1_Init  can.o
    0x08005ba4   0x08005ba4   0x00000004   PAD
    0x08005ba8   0x08005ba8   0x00000032   Code   RO           89    .text.MX_CRC_Init   crc.o
    0x08005bda   0x08005bda   0x00000006   PAD
    0x08005be0   0x08005be0   0x000000dc   Code   RO           41    .text.MX_FREERTOS_Init  freertos.o
    0x08005cbc   0x08005cbc   0x00000004   PAD
    0x08005cc0   0x08005cc0   0x000000b2   Code   RO           28    .text.MX_GPIO_Init  gpio.o
    0x08005d72   0x08005d72   0x00000006   PAD
    0x08005d78   0x08005d78   0x00000038   Code   RO          104    .text.MX_RTC_Init   rtc.o
    0x08005db0   0x08005db0   0x00000052   Code   RO          119    .text.MX_USART1_UART_Init  usart.o
    0x08005e02   0x08005e02   0x00000006   PAD
    0x08005e08   0x08005e08   0x00000002   Code   RO          141    .text.MemManage_Handler  stm32f7xx_it.o
    0x08005e0a   0x08005e0a   0x00000006   PAD
    0x08005e10   0x08005e10   0x00000002   Code   RO          137    .text.NMI_Handler   stm32f7xx_it.o
    0x08005e12   0x08005e12   0x0000000e   PAD
    0x08005e20   0x08005e20   0x00000064   Code   RO         1776    .text.PendSV_Handler  port.o
    0x08005e84   0x08005e84   0x00000004   PAD
    0x08005e88   0x08005e88   0x00000068   Code   RO         2001    .text.PowerDown_DelaySleepTimerCb  cannm.o
    0x08005ef0   0x08005ef0   0x00000024   Code   RO         1760    .text.SVC_Handler   port.o
    0x08005f14   0x08005f14   0x00000004   PAD
    0x08005f18   0x08005f18   0x0000001e   Code   RO           47    .text.StartBSWTask10ms  freertos.o
    0x08005f36   0x08005f36   0x00000002   PAD
    0x08005f38   0x08005f38   0x00000016   Code   RO           45    .text.StartTask10ms  freertos.o
    0x08005f4e   0x08005f4e   0x00000002   PAD
    0x08005f50   0x08005f50   0x00000018   Code   RO          149    .text.SysTick_Handler  stm32f7xx_it.o
    0x08005f68   0x08005f68   0x000000d2   Code   RO           13    .text.SystemClock_Config  main.o
    0x0800603a   0x0800603a   0x00000006   PAD
    0x08006040   0x08006040   0x00000012   Code   RO         1196    .text.SystemInit    system_stm32f7xx.o
    0x08006052   0x08006052   0x00000006   PAD
    0x08006058   0x08006058   0x000002d8   Code   RO         2106    .text.TASK_CAN_ServiceHndl  cantask.o
    0x08006330   0x08006330   0x0000000c   Code   RO         2124    .text.TASK_CAN_ServiceHostInit  cantask.o
    0x0800633c   0x0800633c   0x00000004   PAD
    0x08006340   0x08006340   0x0000000c   Code   RO         2126    .text.TASK_CAN_ServiceHostMain  cantask.o
    0x0800634c   0x0800634c   0x00000004   PAD
    0x08006350   0x08006350   0x00000016   Code   RO         1649    .text.TimerCallback  cmsis_os2.o
    0x08006366   0x08006366   0x00000002   PAD
    0x08006368   0x08006368   0x00000230   Code   RO         1033    .text.UART_AdvFeatureConfig  stm32f7xx_hal_uart.o
    0x08006598   0x08006598   0x00000010   Code   RO         1109    .text.UART_DMAAbortOnError  stm32f7xx_hal_uart.o
    0x080065a8   0x080065a8   0x000000a2   Code   RO         1147    .text.UART_RxISR_16BIT  stm32f7xx_hal_uart.o
    0x0800664a   0x0800664a   0x00000006   PAD
    0x08006650   0x08006650   0x000000a2   Code   RO         1149    .text.UART_RxISR_8BIT  stm32f7xx_hal_uart.o
    0x080066f2   0x080066f2   0x00000006   PAD
    0x080066f8   0x080066f8   0x00000322   Code   RO         1031    .text.UART_SetConfig  stm32f7xx_hal_uart.o
    0x08006a1a   0x08006a1a   0x00000006   PAD
    0x08006a20   0x08006a20   0x000000ba   Code   RO         1061    .text.UART_Start_Receive_IT  stm32f7xx_hal_uart.o
    0x08006ada   0x08006ada   0x00000006   PAD
    0x08006ae0   0x08006ae0   0x000000ee   Code   RO         1049    .text.UART_WaitOnFlagUntilTimeout  stm32f7xx_hal_uart.o
    0x08006bce   0x08006bce   0x00000002   PAD
    0x08006bd0   0x08006bd0   0x00000058   Code   RO          159    .text.USART1_IRQHandler  stm32f7xx_it.o
    0x08006c28   0x08006c28   0x00000002   Code   RO          145    .text.UsageFault_Handler  stm32f7xx_it.o
    0x08006c2a   0x08006c2a   0x00000006   PAD
    0x08006c30   0x08006c30   0x00000002   Code   RO         2148    .text._sys_exit     uartif.o
    0x08006c32   0x08006c32   0x00000006   PAD
    0x08006c38   0x08006c38   0x00000002   Code   RO           17    .text.assert_failed  main.o
    0x08006c3a   0x08006c3a   0x00000006   PAD
    0x08006c40   0x08006c40   0x00000014   Code   RO         2152    .text.fputc         uartif.o
    0x08006c54   0x08006c54   0x00000004   PAD
    0x08006c58   0x08006c58   0x000000a6   Code   RO           11    .text.main          main.o
    0x08006cfe   0x08006cfe   0x00000002   PAD
    0x08006d00   0x08006d00   0x0000005a   Code   RO         1661    .text.osEventFlagsNew  cmsis_os2.o
    0x08006d5a   0x08006d5a   0x00000006   PAD
    0x08006d60   0x08006d60   0x00000038   Code   RO         1599    .text.osKernelGetTickCount  cmsis_os2.o
    0x08006d98   0x08006d98   0x0000004a   Code   RO         1585    .text.osKernelInitialize  cmsis_os2.o
    0x08006de2   0x08006de2   0x00000006   PAD
    0x08006de8   0x08006de8   0x00000050   Code   RO         1591    .text.osKernelStart  cmsis_os2.o
    0x08006e38   0x08006e38   0x000000bc   Code   RO         1673    .text.osMutexNew    cmsis_os2.o
    0x08006ef4   0x08006ef4   0x00000004   PAD
    0x08006ef8   0x08006ef8   0x00000106   Code   RO         1683    .text.osSemaphoreNew  cmsis_os2.o
    0x08006ffe   0x08006ffe   0x00000002   PAD
    0x08007000   0x08007000   0x000000fe   Code   RO         1607    .text.osThreadNew   cmsis_os2.o
    0x080070fe   0x080070fe   0x00000002   PAD
    0x08007100   0x08007100   0x000000cc   Code   RO         1647    .text.osTimerNew    cmsis_os2.o
    0x080071cc   0x080071cc   0x00000004   PAD
    0x080071d0   0x080071d0   0x0000008c   Code   RO         1403    .text.prvAddCurrentTaskToDelayedList  tasks.o
    0x0800725c   0x0800725c   0x00000004   PAD
    0x08007260   0x08007260   0x0000011c   Code   RO         1393    .text.prvAddNewTaskToReadyList  tasks.o
    0x0800737c   0x0800737c   0x00000004   PAD
    0x08007380   0x08007380   0x0000007c   Code   RO         1532    .text.prvCheckForValidListAndQueue  timers.o
    0x080073fc   0x080073fc   0x00000004   PAD
    0x08007400   0x08007400   0x0000009a   Code   RO         1427    .text.prvIdleTask   tasks.o
    0x0800749a   0x0800749a   0x00000006   PAD
    0x080074a0   0x080074a0   0x00000028   Code   RO         1768    .text.prvPortStartFirstTask  port.o
    0x080074c8   0x080074c8   0x000000f2   Code   RO         1566    .text.prvSampleTimeNow  timers.o
    0x080075ba   0x080075ba   0x00000006   PAD
    0x080075c0   0x080075c0   0x00000036   Code   RO         1758    .text.prvTaskExitError  port.o
    0x080075f6   0x080075f6   0x00000002   PAD
    0x080075f8   0x080075f8   0x000002ca   Code   RO         1534    .text.prvTimerTask  timers.o
    0x080078c2   0x080078c2   0x00000006   PAD
    0x080078c8   0x080078c8   0x0000007a   Code   RO         1292    .text.prvUnlockQueue  queue.o
    0x08007942   0x08007942   0x00000006   PAD
    0x08007948   0x08007948   0x000001c0   Code   RO         1732    .text.pvPortMalloc  heap_4.o
    0x08007b08   0x08007b08   0x0000002a   Code   RO         1554    .text.pvTimerGetTimerID  timers.o
    0x08007b32   0x08007b32   0x00000006   PAD
    0x08007b38   0x08007b38   0x0000002c   Code   RO         1756    .text.pxPortInitialiseStack  port.o
    0x08007b64   0x08007b64   0x00000004   PAD
    0x08007b68   0x08007b68   0x0000002a   Code   RO         1256    .text.uxListRemove  list.o
    0x08007b92   0x08007b92   0x00000006   PAD
    0x08007b98   0x08007b98   0x0000001a   Code   RO         1715    .text.vApplicationGetIdleTaskMemory  cmsis_os2.o
    0x08007bb2   0x08007bb2   0x00000006   PAD
    0x08007bb8   0x08007bb8   0x0000001a   Code   RO         1717    .text.vApplicationGetTimerTaskMemory  cmsis_os2.o
    0x08007bd2   0x08007bd2   0x00000006   PAD
    0x08007bd8   0x08007bd8   0x00000002   Code   RO           39    .text.vApplicationStackOverflowHook  freertos.o
    0x08007bda   0x08007bda   0x00000006   PAD
    0x08007be0   0x08007be0   0x00000004   Code   RO           37    .text.vApplicationTickHook  freertos.o
    0x08007be4   0x08007be4   0x00000004   PAD
    0x08007be8   0x08007be8   0x00000016   Code   RO         1248    .text.vListInitialise  list.o
    0x08007bfe   0x08007bfe   0x00000002   PAD
    0x08007c00   0x08007c00   0x00000006   Code   RO         1250    .text.vListInitialiseItem  list.o
    0x08007c06   0x08007c06   0x00000002   PAD
    0x08007c08   0x08007c08   0x0000003a   Code   RO         1254    .text.vListInsert   list.o
    0x08007c42   0x08007c42   0x00000006   PAD
    0x08007c48   0x08007c48   0x0000001c   Code   RO         1252    .text.vListInsertEnd  list.o
    0x08007c64   0x08007c64   0x00000004   PAD
    0x08007c68   0x08007c68   0x00000014   Code   RO         1766    .text.vPortEnableVFP  port.o
    0x08007c7c   0x08007c7c   0x00000004   PAD
    0x08007c80   0x08007c80   0x00000052   Code   RO         1772    .text.vPortEnterCritical  port.o
    0x08007cd2   0x08007cd2   0x00000006   PAD
    0x08007cd8   0x08007cd8   0x00000032   Code   RO         1774    .text.vPortExitCritical  port.o
    0x08007d0a   0x08007d0a   0x00000006   PAD
    0x08007d10   0x08007d10   0x000000cc   Code   RO         1734    .text.vPortFree     heap_4.o
    0x08007ddc   0x08007ddc   0x00000004   PAD
    0x08007de0   0x08007de0   0x00000034   Code   RO         1764    .text.vPortSetupTimerInterrupt  port.o
    0x08007e14   0x08007e14   0x00000004   PAD
    0x08007e18   0x08007e18   0x0000006a   Code   RO         1780    .text.vPortValidateInterruptPriority  port.o
    0x08007e82   0x08007e82   0x00000006   PAD
    0x08007e88   0x08007e88   0x00000026   Code   RO         1326    .text.vQueueAddToRegistry  queue.o
    0x08007eae   0x08007eae   0x00000002   PAD
    0x08007eb0   0x08007eb0   0x0000004c   Code   RO         1312    .text.vQueueDelete  queue.o
    0x08007efc   0x08007efc   0x00000004   PAD
    0x08007f00   0x08007f00   0x00000046   Code   RO         1330    .text.vQueueWaitForMessageRestricted  queue.o
    0x08007f46   0x08007f46   0x00000002   PAD
    0x08007f48   0x08007f48   0x00000102   Code   RO         1399    .text.vTaskDelayUntil  tasks.o
    0x0800804a   0x0800804a   0x00000006   PAD
    0x08008050   0x08008050   0x0000001a   Code   RO         1459    .text.vTaskInternalSetTimeOutState  tasks.o
    0x0800806a   0x0800806a   0x00000006   PAD
    0x08008070   0x08008070   0x0000000e   Code   RO         1463    .text.vTaskMissedYield  tasks.o
    0x0800807e   0x0800807e   0x00000002   PAD
    0x08008080   0x08008080   0x0000003a   Code   RO         1447    .text.vTaskPlaceOnEventList  tasks.o
    0x080080ba   0x080080ba   0x00000006   PAD
    0x080080c0   0x080080c0   0x00000042   Code   RO         1451    .text.vTaskPlaceOnEventListRestricted  tasks.o
    0x08008102   0x08008102   0x00000006   PAD
    0x08008108   0x08008108   0x000000ac   Code   RO         1425    .text.vTaskStartScheduler  tasks.o
    0x080081b4   0x080081b4   0x00000004   PAD
    0x080081b8   0x080081b8   0x00000010   Code   RO         1401    .text.vTaskSuspendAll  tasks.o
    0x080081c8   0x080081c8   0x000000b6   Code   RO         1419    .text.vTaskSwitchContext  tasks.o
    0x0800827e   0x0800827e   0x00000002   PAD
    0x08008280   0x08008280   0x0000001c   Code   RO         1214    .text.xEventGroupCreate  event_groups.o
    0x0800829c   0x0800829c   0x00000004   PAD
    0x080082a0   0x080082a0   0x00000056   Code   RO         1212    .text.xEventGroupCreateStatic  event_groups.o
    0x080082f6   0x080082f6   0x00000002   PAD
    0x080082f8   0x080082f8   0x000000f6   Code   RO         1762    .text.xPortStartScheduler  port.o
    0x080083ee   0x080083ee   0x00000002   PAD
    0x080083f0   0x080083f0   0x00000032   Code   RO         1778    .text.xPortSysTickHandler  port.o
    0x08008422   0x08008422   0x00000006   PAD
    0x08008428   0x08008428   0x0000004a   Code   RO         1290    .text.xQueueCreateCountingSemaphore  queue.o
    0x08008472   0x08008472   0x00000006   PAD
    0x08008478   0x08008478   0x00000056   Code   RO         1288    .text.xQueueCreateCountingSemaphoreStatic  queue.o
    0x080084ce   0x080084ce   0x00000002   PAD
    0x080084d0   0x080084d0   0x00000028   Code   RO         1272    .text.xQueueCreateMutex  queue.o
    0x080084f8   0x080084f8   0x000000aa   Code   RO         1274    .text.xQueueCreateMutexStatic  queue.o
    0x080085a2   0x080085a2   0x00000006   PAD
    0x080085a8   0x080085a8   0x00000092   Code   RO         1270    .text.xQueueGenericCreate  queue.o
    0x0800863a   0x0800863a   0x00000006   PAD
    0x08008640   0x08008640   0x000000ee   Code   RO         1268    .text.xQueueGenericCreateStatic  queue.o
    0x0800872e   0x0800872e   0x00000002   PAD
    0x08008730   0x08008730   0x00000226   Code   RO         1282    .text.xQueueGenericSend  queue.o
    0x08008956   0x08008956   0x00000002   PAD
    0x08008958   0x08008958   0x000001b4   Code   RO         1298    .text.xQueueReceive  queue.o
    0x08008b0c   0x08008b0c   0x00000004   PAD
    0x08008b10   0x08008b10   0x000000b4   Code   RO         1461    .text.xTaskCheckForTimeOut  tasks.o
    0x08008bc4   0x08008bc4   0x00000004   PAD
    0x08008bc8   0x08008bc8   0x000000e2   Code   RO         1395    .text.xTaskCreate   tasks.o
    0x08008caa   0x08008caa   0x00000006   PAD
    0x08008cb0   0x08008cb0   0x00000106   Code   RO         1391    .text.xTaskCreateStatic  tasks.o
    0x08008db6   0x08008db6   0x00000002   PAD
    0x08008db8   0x08008db8   0x00000024   Code   RO         1475    .text.xTaskGetSchedulerState  tasks.o
    0x08008ddc   0x08008ddc   0x00000004   PAD
    0x08008de0   0x08008de0   0x0000000c   Code   RO         1433    .text.xTaskGetTickCount  tasks.o
    0x08008dec   0x08008dec   0x00000004   PAD
    0x08008df0   0x08008df0   0x00000012   Code   RO         1435    .text.xTaskGetTickCountFromISR  tasks.o
    0x08008e02   0x08008e02   0x00000006   PAD
    0x08008e08   0x08008e08   0x00000184   Code   RO         1431    .text.xTaskIncrementTick  tasks.o
    0x08008f8c   0x08008f8c   0x00000004   PAD
    0x08008f90   0x08008f90   0x0000009a   Code   RO         1479    .text.xTaskPriorityDisinherit  tasks.o
    0x0800902a   0x0800902a   0x00000006   PAD
    0x08009030   0x08009030   0x00000092   Code   RO         1453    .text.xTaskRemoveFromEventList  tasks.o
    0x080090c2   0x080090c2   0x00000006   PAD
    0x080090c8   0x080090c8   0x0000013c   Code   RO         1405    .text.xTaskResumeAll  tasks.o
    0x08009204   0x08009204   0x00000004   PAD
    0x08009208   0x08009208   0x0000006a   Code   RO         1536    .text.xTimerCreate  timers.o
    0x08009272   0x08009272   0x00000006   PAD
    0x08009278   0x08009278   0x000000a2   Code   RO         1538    .text.xTimerCreateStatic  timers.o
    0x0800931a   0x0800931a   0x00000006   PAD
    0x08009320   0x08009320   0x00000078   Code   RO         1530    .text.xTimerCreateTimerTask  timers.o
    0x08009398   0x08009398   0x0000001a   Code   RO         2492    x$fpl$fpinit        fz_wv.l(fpinit.o)
    0x080093b2   0x080093b2   0x00000028   Data   RO         2302    .constdata          c_w.l(_printf_hex_int.o)
    0x080093da   0x080093da   0x00000010   Data   RO         1201    .rodata.AHBPrescTable  system_stm32f7xx.o
    0x080093ea   0x080093ea   0x00000008   Data   RO         1202    .rodata.APBPrescTable  system_stm32f7xx.o
    0x080093f2   0x080093f2   0x00000002   PAD
    0x080093f4   0x080093f4   0x00000010   Data   RO         2038    .rodata.CANNM_STATE_NORMAL_TrDescTab  cannm.o
    0x08009404   0x08009404   0x00000008   Data   RO         2035    .rodata.CANNM_STATE_POWER_OFF_TrDescTab  cannm.o
    0x0800940c   0x0800940c   0x00000010   Data   RO         2040    .rodata.CANNM_STATE_PREPARE_SLEEP_TrDescTab  cannm.o
    0x0800941c   0x0800941c   0x00000018   Data   RO         2039    .rodata.CANNM_STATE_READY_SLEEP_TrDescTab  cannm.o
    0x08009434   0x08009434   0x00000010   Data   RO         2037    .rodata.CANNM_STATE_REPEAT_MESSAGE_TrDescTab  cannm.o
    0x08009444   0x08009444   0x00000008   Data   RO         2036    .rodata.CANNM_STATE_SLEEP_TrDescTab  cannm.o
    0x0800944c   0x0800944c   0x0000000c   Data   RO         2019    .rodata.CanNm_FsmConsts  cannm.o
    0x08009458   0x08009458   0x0000000c   Data   RO         2024    .rodata.CanNm_Module  cannm.o
    0x08009464   0x08009464   0x00000048   Data   RO         2034    .rodata.CanNm_StateHndl  cannm.o
    0x080094ac   0x080094ac   0x00000030   Data   RO         2033    .rodata.CanNm_Stt   cannm.o
    0x080094dc   0x080094dc   0x00000010   Data   RO         2135    .rodata.Can_ServiceHost  cantask.o
    0x080094ec   0x080094ec   0x0000000c   Data   RO         2137    .rodata.Can_ServiceTable  cantask.o
    0x080094f8   0x080094f8   0x00000008   Data   RO         1926    .rodata.LibCanILCfg_CallbackTable  libcanilcfg.o
    0x08009500   0x08009500   0x00000008   Data   RO         1922    .rodata.LibCanILCfg_MessageTable  libcanilcfg.o
    0x08009508   0x08009508   0x00000040   Data   RO         1921    .rodata.LibCanILCfg_Messages  libcanilcfg.o
    0x08009548   0x08009548   0x00000008   Data   RO         1924    .rodata.LibCanILCfg_SignalTable  libcanilcfg.o
    0x08009550   0x08009550   0x00000210   Data   RO         1923    .rodata.LibCanILCfg_Signals  libcanilcfg.o
    0x08009760   0x08009760   0x0000000c   Data   RO         1889    .rodata.LibCanIL_Module  libcanil.o
    0x0800976c   0x0800976c   0x00000024   Data   RO           50    .rodata.Task10ms_attributes  freertos.o
    0x08009790   0x08009790   0x00000024   Data   RO           51    .rodata.TaskBSW10ms_attributes  freertos.o
    0x080097b4   0x080097b4   0x00000020   Data   RO         1156    .rodata.cst16       stm32f7xx_hal_uart.o
    0x080097d4   0x080097d4   0x00000010   Data   RO           55    .rodata.myBinarySem01_attributes  freertos.o
    0x080097e4   0x080097e4   0x00000010   Data   RO           56    .rodata.myCountingSem01_attributes  freertos.o
    0x080097f4   0x080097f4   0x00000010   Data   RO           57    .rodata.myEvent01_attributes  freertos.o
    0x08009804   0x08009804   0x00000010   Data   RO           53    .rodata.myMutex01_attributes  freertos.o
    0x08009814   0x08009814   0x00000010   Data   RO           54    .rodata.myRecursiveMutex01_attributes  freertos.o
    0x08009824   0x08009824   0x00000010   Data   RO           52    .rodata.myTimer01_attributes  freertos.o
    0x08009834   0x08009834   0x00000064   Data   RO           49    .rodata.str1.1      freertos.o
    0x08009898   0x08009898   0x00000038   Data   RO          250    .rodata.str1.1      stm32f7xx_hal_can.o
    0x080098d0   0x080098d0   0x00000038   Data   RO          287    .rodata.str1.1      stm32f7xx_hal_rcc.o
    0x08009908   0x08009908   0x0000003b   Data   RO          310    .rodata.str1.1      stm32f7xx_hal_rcc_ex.o
    0x08009943   0x08009943   0x00000039   Data   RO          388    .rodata.str1.1      stm32f7xx_hal_gpio.o
    0x0800997c   0x0800997c   0x0000003b   Data   RO          562    .rodata.str1.1      stm32f7xx_hal_cortex.o
    0x080099b7   0x080099b7   0x00000038   Data   RO          857    .rodata.str1.1      stm32f7xx_hal_crc.o
    0x080099ef   0x080099ef   0x0000003b   Data   RO          872    .rodata.str1.1      stm32f7xx_hal_crc_ex.o
    0x08009a2a   0x08009a2a   0x00000038   Data   RO          933    .rodata.str1.1      stm32f7xx_hal_rtc.o
    0x08009a62   0x08009a62   0x00000039   Data   RO         1155    .rodata.str1.1      stm32f7xx_hal_uart.o
    0x08009a9b   0x08009a9b   0x00000019   Data   RO         1904    .rodata.str1.1      libcanil.o
    0x08009ab4   0x08009ab4   0x00000040   Data   RO         2136    .rodata.str1.1      cantask.o
    0x08009af4   0x08009af4   0x00000020   Data   RO         2542    Region$$Table       anon$$obj.o


    Execution Region RW_IRAM1 (Exec base: 0x20000000, Load base: 0x08009b18, Size: 0x0001b440, Max: 0x00080000, ABSOLUTE, COMPRESSED[0x000000b0])

    Exec Addr    Load Addr    Size         Type   Attr      Idx    E Section Name        Object

    0x20000000   COMPRESSED   0x00000004   Data   RW           19    .ARM.use_no_argv    main.o
    0x20000004   COMPRESSED   0x0000001c   Data   RW         1828    .data.CanIF_MsgRecvFifo  canif.o
    0x20000020   COMPRESSED   0x0000001c   Data   RW         2065    .data.CanNmHistory_NmStatesFifo  cannmhistory.o
    0x2000003c   COMPRESSED   0x0000000c   Data   RW         2020    .data.CanNm_Fsm     cannm.o
    0x20000048   COMPRESSED   0x0000001c   Data   RW         2028    .data.CanNm_NmMsgRecvFifo  cannm.o
    0x20000064   COMPRESSED   0x0000001c   Data   RW         2026    .data.CanNm_NmMsgSendFifo  cannm.o
    0x20000080   COMPRESSED   0x00000018   Data   RW         2042    .data.CanNm_NmTimeoutTimer  cannm.o
    0x20000098   COMPRESSED   0x00000018   Data   RW         2045    .data.CanNm_NormalStateTimer  cannm.o
    0x200000b0   COMPRESSED   0x00000018   Data   RW         2044    .data.CanNm_PduTransmitTimer  cannm.o
    0x200000c8   COMPRESSED   0x00000018   Data   RW         2043    .data.CanNm_RepeatedMsgStateTimer  cannm.o
    0x200000e0   COMPRESSED   0x00000014   Data   RW         2023    .data.CanNm_Service  cannm.o
    0x200000f4   COMPRESSED   0x00000018   Data   RW         2046    .data.CanNm_SleepWaitTxFifoClearTimer  cannm.o
    0x2000010c   COMPRESSED   0x00000018   Data   RW         2048    .data.CanNm_TxTimeout  cannm.o
    0x20000124   COMPRESSED   0x00000018   Data   RW         2047    .data.CanNm_WaitBusSleepTimer  cannm.o
    0x2000013c   COMPRESSED   0x00000008   Data   RW         2130    .data.Can_ModuleTable  cantask.o
    0x20000144   COMPRESSED   0x0000001c   Data   RW         2134    .data.Can_MsgSentFifo  cantask.o
    0x20000160   COMPRESSED   0x0000001c   Data   RW         1895    .data.LibCanIL_MsgConFifo  libcanil.o
    0x2000017c   COMPRESSED   0x0000001c   Data   RW         1893    .data.LibCanIL_MsgIndFifo  libcanil.o
    0x20000198   COMPRESSED   0x0000001c   Data   RW         1891    .data.LibCanIL_MsgReqFifo  libcanil.o
    0x200001b4   COMPRESSED   0x00000014   Data   RW         1888    .data.LibCanIL_Service  libcanil.o
    0x200001c8   COMPRESSED   0x00000018   Data   RW         1898    .data.LibCanIL_TxEventMsgTimer  libcanil.o
    0x200001e0   COMPRESSED   0x00000001   Data   RW         2021    .data.NM_enable_flag  cannm.o
    0x200001e1   COMPRESSED   0x00000003   PAD
    0x200001e4   COMPRESSED   0x00000018   Data   RW         2041    .data.PowerDown_DelaySleepTimer  cannm.o
    0x200001fc   COMPRESSED   0x00000004   Data   RW         2022    .data.SleepToShutDownCount  cannm.o
    0x20000200   COMPRESSED   0x00000004   Data   RW         1200    .data.SystemCoreClock  system_stm32f7xx.o
    0x20000204   COMPRESSED   0x00000014   Data   RW         2132    .data.TASK_CAN      cantask.o
    0x20000218   COMPRESSED   0x00000001   Data   RW          634    .data.uwTickFreq    stm32f7xx_hal.o
    0x20000219   COMPRESSED   0x00000003   PAD
    0x2000021c   COMPRESSED   0x00000004   Data   RW          633    .data.uwTickPrio    stm32f7xx_hal.o
    0x20000220   COMPRESSED   0x00000004   Data   RW         1784    .data.uxCriticalNesting  port.o
    0x20000224   COMPRESSED   0x00000004   PAD
    0x20000228        -       0x00000060   Zero   RW         2422    .bss                c_w.l(libspace.o)
    0x20000288        -       0x00000028   Zero   RW         1831    .bss.CAN1Filter     canif.o
    0x200002b0        -       0x00000001   Zero   RW         1829    .bss.Can1_Bus_Off_flag  canif.o
    0x200002b1        -       0x00000001   Zero   RW         1830    .bss.Can2_Bus_Off_flag  canif.o
    0x200002b2   COMPRESSED   0x00000002   PAD
    0x200002b4        -       0x000000e0   Zero   RW         1827    .bss.CanIF_MsgRecvBuffer  canif.o
    0x20000394        -       0x00000001   Zero   RW         2049    .bss.CanNM_OpenNmSwitchByJumpsignal.Last_NM_enable_flag  cannm.o
    0x20000395        -       0x00000001   Zero   RW         2066    .bss.CanNmHistory_PrevState  cannmhistory.o
    0x20000396   COMPRESSED   0x00000002   PAD
    0x20000398        -       0x00000008   Zero   RW         2064    .bss.CanNmHistory_StatesSaveBuffer  cannmhistory.o
    0x200003a0        -       0x00000001   Zero   RW         2029    .bss.CanNm_Appframe_RxEnable  cannm.o
    0x200003a1        -       0x00000001   Zero   RW         2030    .bss.CanNm_NetworkRequested  cannm.o
    0x200003a2   COMPRESSED   0x00000002   PAD
    0x200003a4        -       0x000000e0   Zero   RW         2027    .bss.CanNm_NmMsgRecvBuffer  cannm.o
    0x20000484        -       0x000000e0   Zero   RW         2025    .bss.CanNm_NmMsgSendBuffer  cannm.o
    0x20000564        -       0x0000002c   Zero   RW         2133    .bss.Can_MsgSentFifoBuffer  cantask.o
    0x20000590        -       0x00000100   Zero   RW         1721    .bss.Idle_Stack     cmsis_os2.o
    0x20000690        -       0x0000005c   Zero   RW         1720    .bss.Idle_TCB       cmsis_os2.o
    0x200006ec        -       0x00000004   Zero   RW         1719    .bss.KernelState    cmsis_os2.o
    0x200006f0        -       0x00000000   Zero   RW         1925    .bss.LibCanILCfg_Callbacks  libcanilcfg.o
    0x200006f0        -       0x00000020   Zero   RW         1894    .bss.LibCanIL_MsgConBuffer  libcanil.o
    0x20000710        -       0x000000e0   Zero   RW         1892    .bss.LibCanIL_MsgIndBuffer  libcanil.o
    0x200007f0        -       0x000000e0   Zero   RW         1890    .bss.LibCanIL_MsgReqBuffer  libcanil.o
    0x200008d0        -       0x00000001   Zero   RW         1900    .bss.LibCanIL_ReceiveEnabled  libcanil.o
    0x200008d1        -       0x00000016   Zero   RW         1903    .bss.LibCanIL_SignalDataChCounter  libcanil.o
    0x200008e7        -       0x0000000f   Zero   RW         1899    .bss.LibCanIL_SignalStorage  libcanil.o
    0x200008f6        -       0x00000001   Zero   RW         1896    .bss.LibCanIL_TransmitEnabled  libcanil.o
    0x200008f7   COMPRESSED   0x00000001   PAD
    0x200008f8        -       0x00000014   Zero   RW         1897    .bss.LibCanIL_TxEventMessages  libcanil.o
    0x2000090c        -       0x00000004   Zero   RW         2253    .bss.LibTimer_UpTime_ms  libtimer.o
    0x20000910        -       0x00000004   Zero   RW         2254    .bss.LibTimer_pFirstActiveTimer  libtimer.o
    0x20000914        -       0x00000002   Zero   RW         1901    .bss.Log_IL_count_temp  libcanil.o
    0x20000916   COMPRESSED   0x00000002   PAD
    0x20000918        -       0x00000004   Zero   RW         2032    .bss.NM_Wakeup_Reason  cannm.o
    0x2000091c        -       0x00000004   Zero   RW           63    .bss.Task10msHandle  freertos.o
    0x20000920        -       0x00000004   Zero   RW           64    .bss.TaskBSW10msHandle  freertos.o
    0x20000924        -       0x00000200   Zero   RW         1723    .bss.Timer_Stack    cmsis_os2.o
    0x20000b24        -       0x0000005c   Zero   RW         1722    .bss.Timer_TCB      cmsis_os2.o
    0x20000b80        -       0x00000054   Zero   RW         2156    .bss.__stdout       uartif.o
    0x20000bd4        -       0x00000001   Zero   RW          127    .bss.g_rx_buffer    usart.o
    0x20000bd5        -       0x000000c8   Zero   RW          128    .bss.g_usart_rx_buf  usart.o
    0x20000c9d   COMPRESSED   0x00000001   PAD
    0x20000c9e        -       0x00000002   Zero   RW          125    .bss.g_usart_rx_sta  usart.o
    0x20000ca0        -       0x00000028   Zero   RW           80    .bss.hcan1          can.o
    0x20000cc8        -       0x00000024   Zero   RW           95    .bss.hcrc           crc.o
    0x20000cec        -       0x00000020   Zero   RW          110    .bss.hrtc           rtc.o
    0x20000d0c        -       0x00000088   Zero   RW          126    .bss.huart1         usart.o
    0x20000d94        -       0x00000004   Zero   RW           60    .bss.myBinarySem01Handle  freertos.o
    0x20000d98        -       0x00000004   Zero   RW           61    .bss.myCountingSem01Handle  freertos.o
    0x20000d9c        -       0x00000004   Zero   RW           65    .bss.myEvent01Handle  freertos.o
    0x20000da0        -       0x00000004   Zero   RW           58    .bss.myMutex01Handle  freertos.o
    0x20000da4        -       0x00000004   Zero   RW           59    .bss.myRecursiveMutex01Handle  freertos.o
    0x20000da8        -       0x00000004   Zero   RW           62    .bss.myTimer01Handle  freertos.o
    0x20000dac        -       0x000000a0   Zero   RW         1576    .bss.prvCheckForValidListAndQueue.ucStaticTimerQueueStorage  timers.o
    0x20000e4c        -       0x00000050   Zero   RW         1575    .bss.prvCheckForValidListAndQueue.xStaticTimerQueue  timers.o
    0x20000e9c        -       0x00000004   Zero   RW         1572    .bss.prvSampleTimeNow.xLastTime  timers.o
    0x20000ea0        -       0x00000004   Zero   RW         1501    .bss.pxCurrentTCB   tasks.o
    0x20000ea4        -       0x00000004   Zero   RW         1570    .bss.pxCurrentTimerList  timers.o
    0x20000ea8        -       0x00000004   Zero   RW         1509    .bss.pxDelayedTaskList  tasks.o
    0x20000eac        -       0x00000004   Zero   RW         1742    .bss.pxEnd          heap_4.o
    0x20000eb0        -       0x00000004   Zero   RW         1510    .bss.pxOverflowDelayedTaskList  tasks.o
    0x20000eb4        -       0x00000004   Zero   RW         1571    .bss.pxOverflowTimerList  timers.o
    0x20000eb8        -       0x00000460   Zero   RW         1512    .bss.pxReadyTasksLists  tasks.o
    0x20001318        -       0x00000001   Zero   RW         1902    .bss.singal_count   libcanil.o
    0x20001319        -       0x00019000   Zero   RW         1747    .bss.ucHeap         heap_4.o
    0x2001a319        -       0x00000001   Zero   RW         1782    .bss.ucMaxSysCallPriority  port.o
    0x2001a31a   COMPRESSED   0x00000002   PAD
    0x2001a31c        -       0x00000004   Zero   RW         1783    .bss.ulMaxPRIGROUPValue  port.o
    0x2001a320        -       0x00000004   Zero   RW          635    .bss.uwTick         stm32f7xx_hal.o
    0x2001a324        -       0x00000004   Zero   RW         1505    .bss.uxCurrentNumberOfTasks  tasks.o
    0x2001a328        -       0x00000004   Zero   RW         1504    .bss.uxDeletedTasksWaitingCleanUp  tasks.o
    0x2001a32c        -       0x00000004   Zero   RW         1518    .bss.uxPendedTicks  tasks.o
    0x2001a330        -       0x00000004   Zero   RW         1507    .bss.uxSchedulerSuspended  tasks.o
    0x2001a334        -       0x00000004   Zero   RW         1502    .bss.uxTaskNumber   tasks.o
    0x2001a338        -       0x00000004   Zero   RW         1513    .bss.uxTopReadyPriority  tasks.o
    0x2001a33c        -       0x00000014   Zero   RW         1573    .bss.xActiveTimerList1  timers.o
    0x2001a350        -       0x00000014   Zero   RW         1574    .bss.xActiveTimerList2  timers.o
    0x2001a364        -       0x00000001   Zero   RW         1743    .bss.xBlockAllocatedBit  heap_4.o
    0x2001a365   COMPRESSED   0x00000003   PAD
    0x2001a368        -       0x00000014   Zero   RW         1520    .bss.xDelayedTaskList1  tasks.o
    0x2001a37c        -       0x00000014   Zero   RW         1521    .bss.xDelayedTaskList2  tasks.o
    0x2001a390        -       0x00000004   Zero   RW         1744    .bss.xFreeBytesRemaining  heap_4.o
    0x2001a394        -       0x00000004   Zero   RW         1515    .bss.xIdleTaskHandle  tasks.o
    0x2001a398        -       0x00000004   Zero   RW         1746    .bss.xMinimumEverFreeBytesRemaining  heap_4.o
    0x2001a39c        -       0x00000004   Zero   RW         1516    .bss.xNextTaskUnblockTime  tasks.o
    0x2001a3a0        -       0x00000004   Zero   RW         1519    .bss.xNumOfOverflows  tasks.o
    0x2001a3a4        -       0x00000014   Zero   RW         1514    .bss.xPendingReadyList  tasks.o
    0x2001a3b8        -       0x00000040   Zero   RW         1332    .bss.xQueueRegistry  queue.o
    0x2001a3f8        -       0x00000004   Zero   RW         1506    .bss.xSchedulerRunning  tasks.o
    0x2001a3fc        -       0x00000008   Zero   RW         1745    .bss.xStart         heap_4.o
    0x2001a404        -       0x00000014   Zero   RW         1511    .bss.xSuspendedTaskList  tasks.o
    0x2001a418        -       0x00000014   Zero   RW         1503    .bss.xTasksWaitingTermination  tasks.o
    0x2001a42c        -       0x00000004   Zero   RW         1508    .bss.xTickCount     tasks.o
    0x2001a430        -       0x00000004   Zero   RW         1568    .bss.xTimerQueue    timers.o
    0x2001a434        -       0x00000004   Zero   RW         1569    .bss.xTimerTaskHandle  timers.o
    0x2001a438        -       0x00000004   Zero   RW         1517    .bss.xYieldPending  tasks.o
    0x2001a43c   COMPRESSED   0x00000004   PAD
    0x2001a440        -       0x00000800   Zero   RW            2    HEAP                startup_stm32f767xx.o
    0x2001ac40        -       0x00000800   Zero   RW            1    STACK               startup_stm32f767xx.o

