<!doctype html public "-//w3c//dtd html 4.0 transitional//en">
<html><head>
<title>Static Call Graph - [.\STM32CubeDefault\STM32CubeDefault.axf]</title></head>
<body><HR>
<H1>Static Call Graph for image .\STM32CubeDefault\STM32CubeDefault.axf</H1><HR>
<BR><P>#&#060CALLGRAPH&#062# ARM Linker, 6190004: Last Updated: Tue Jan  9 16:41:29 2024
<BR><P>
<H3>Maximum Stack Usage =        396 bytes + Unknown(Functions without stacksize, Cycles, Untraceable Function Pointers)</H3><H3>
Call chain for Maximum Stack Depth:</H3>
prvTimerTask &rArr; prvProcessReceivedCommands &rArr; prvSampleTimeNow &rArr; prvSwitchTimerLists &rArr; xTimerGenericCommand &rArr; xQueueGenericSend &rArr; xTaskResumeAll &rArr; xTaskIncrementTick &rArr; vApplicationTickHook &rArr; LibTimer_Tick &rArr; LibTimer_InsertIntoList
<P>
<H3>
Functions with no stack information
</H3><UL>
 <LI><a href="#[b8]">__user_initial_stackheap</a>
</UL>
</UL>
<P>
<H3>
Mutually Recursive functions
</H3> <LI><a href="#[28]">ADC_IRQHandler</a>&nbsp;&nbsp;&nbsp;&rArr;&nbsp;&nbsp;&nbsp;<a href="#[28]">ADC_IRQHandler</a><BR>
</UL>
<P>
<H3>
Function Pointers
</H3><UL>
 <LI><a href="#[28]">ADC_IRQHandler</a> from startup_stm32f767xx.o(.text) referenced from startup_stm32f767xx.o(RESET)
 <LI><a href="#[10]">BusFault_Handler</a> from stm32f7xx_it.o(.text.BusFault_Handler) referenced from startup_stm32f767xx.o(RESET)
 <LI><a href="#[2a]">CAN1_RX0_IRQHandler</a> from stm32f7xx_it.o(.text.CAN1_RX0_IRQHandler) referenced from startup_stm32f767xx.o(RESET)
 <LI><a href="#[2b]">CAN1_RX1_IRQHandler</a> from stm32f7xx_it.o(.text.CAN1_RX1_IRQHandler) referenced from startup_stm32f767xx.o(RESET)
 <LI><a href="#[2c]">CAN1_SCE_IRQHandler</a> from stm32f7xx_it.o(.text.CAN1_SCE_IRQHandler) referenced from startup_stm32f767xx.o(RESET)
 <LI><a href="#[29]">CAN1_TX_IRQHandler</a> from startup_stm32f767xx.o(.text) referenced from startup_stm32f767xx.o(RESET)
 <LI><a href="#[56]">CAN2_RX0_IRQHandler</a> from startup_stm32f767xx.o(.text) referenced from startup_stm32f767xx.o(RESET)
 <LI><a href="#[57]">CAN2_RX1_IRQHandler</a> from startup_stm32f767xx.o(.text) referenced from startup_stm32f767xx.o(RESET)
 <LI><a href="#[58]">CAN2_SCE_IRQHandler</a> from startup_stm32f767xx.o(.text) referenced from startup_stm32f767xx.o(RESET)
 <LI><a href="#[55]">CAN2_TX_IRQHandler</a> from startup_stm32f767xx.o(.text) referenced from startup_stm32f767xx.o(RESET)
 <LI><a href="#[7d]">CAN3_RX0_IRQHandler</a> from startup_stm32f767xx.o(.text) referenced from startup_stm32f767xx.o(RESET)
 <LI><a href="#[7e]">CAN3_RX1_IRQHandler</a> from startup_stm32f767xx.o(.text) referenced from startup_stm32f767xx.o(RESET)
 <LI><a href="#[7f]">CAN3_SCE_IRQHandler</a> from startup_stm32f767xx.o(.text) referenced from startup_stm32f767xx.o(RESET)
 <LI><a href="#[7c]">CAN3_TX_IRQHandler</a> from startup_stm32f767xx.o(.text) referenced from startup_stm32f767xx.o(RESET)
 <LI><a href="#[73]">CEC_IRQHandler</a> from startup_stm32f767xx.o(.text) referenced from startup_stm32f767xx.o(RESET)
 <LI><a href="#[85]">Callback01</a> from freertos.o(.text.Callback01) referenced 2 times from freertos.o(.text.MX_FREERTOS_Init)
 <LI><a href="#[8e]">CanNm_IsMsgNm</a> from cannm.o(.text.CanNm_IsMsgNm) referenced from cannm.o(.rodata.CanNm_Module)
 <LI><a href="#[90]">CanNm_MsgConfirm</a> from cannm.o(.text.CanNm_MsgConfirm) referenced from cannm.o(.rodata.CanNm_Module)
 <LI><a href="#[8f]">CanNm_MsgIndicate</a> from cannm.o(.text.CanNm_MsgIndicate) referenced from cannm.o(.rodata.CanNm_Module)
 <LI><a href="#[0]">CanNm_NmTimeoutTimerCb</a> from cannm.o(.text.CanNm_NmTimeoutTimerCb) referenced 2 times from cannm.o(.data.CanNm_NmTimeoutTimer)
 <LI><a href="#[98]">CanNm_NormalEntry</a> from cannm.o(.text.CanNm_NormalEntry) referenced from cannm.o(.rodata.CanNm_StateHndl)
 <LI><a href="#[99]">CanNm_NormalExit</a> from cannm.o(.text.CanNm_NormalExit) referenced from cannm.o(.rodata.CanNm_StateHndl)
 <LI><a href="#[97]">CanNm_NormalSrv</a> from cannm.o(.text.CanNm_NormalSrv) referenced from cannm.o(.rodata.CanNm_StateHndl)
 <LI><a href="#[1]">CanNm_NormalStateTimerCb</a> from cannm.o(.text.CanNm_NormalStateTimerCb) referenced 2 times from cannm.o(.data.CanNm_NormalStateTimer)
 <LI><a href="#[6]">CanNm_PduPeriodicTxTimeoutCb</a> from cannm.o(.text.CanNm_PduPeriodicTxTimeoutCb) referenced 2 times from cannm.o(.data.CanNm_TxTimeout)
 <LI><a href="#[2]">CanNm_PduTransmitTimerCb</a> from cannm.o(.text.CanNm_PduTransmitTimerCb) referenced 2 times from cannm.o(.data.CanNm_PduTransmitTimer)
 <LI><a href="#[9e]">CanNm_PrepareSleepEntry</a> from cannm.o(.text.CanNm_PrepareSleepEntry) referenced from cannm.o(.rodata.CanNm_StateHndl)
 <LI><a href="#[9f]">CanNm_PrepareSleepExit</a> from cannm.o(.text.CanNm_PrepareSleepExit) referenced from cannm.o(.rodata.CanNm_StateHndl)
 <LI><a href="#[9d]">CanNm_PrepareSleepSrv</a> from cannm.o(.text.CanNm_PrepareSleepSrv) referenced from cannm.o(.rodata.CanNm_StateHndl)
 <LI><a href="#[9b]">CanNm_ReadySleepEntry</a> from cannm.o(.text.CanNm_ReadySleepEntry) referenced from cannm.o(.rodata.CanNm_StateHndl)
 <LI><a href="#[9c]">CanNm_ReadySleepExit</a> from cannm.o(.text.CanNm_ReadySleepExit) referenced from cannm.o(.rodata.CanNm_StateHndl)
 <LI><a href="#[9a]">CanNm_ReadySleepSrv</a> from cannm.o(.text.CanNm_ReadySleepSrv) referenced from cannm.o(.rodata.CanNm_StateHndl)
 <LI><a href="#[95]">CanNm_RepeatMsgEntry</a> from cannm.o(.text.CanNm_RepeatMsgEntry) referenced from cannm.o(.rodata.CanNm_StateHndl)
 <LI><a href="#[96]">CanNm_RepeatMsgExit</a> from cannm.o(.text.CanNm_RepeatMsgExit) referenced from cannm.o(.rodata.CanNm_StateHndl)
 <LI><a href="#[94]">CanNm_RepeatMsgSrv</a> from cannm.o(.text.CanNm_RepeatMsgSrv) referenced from cannm.o(.rodata.CanNm_StateHndl)
 <LI><a href="#[3]">CanNm_RepeatedMsgStateTimerCb</a> from cannm.o(.text.CanNm_RepeatedMsgStateTimerCb) referenced 2 times from cannm.o(.data.CanNm_RepeatedMsgStateTimer)
 <LI><a href="#[4]">CanNm_ServiceHndl</a> from cannm.o(.text.CanNm_ServiceHndl) referenced 2 times from cannm.o(.data.CanNm_Service)
 <LI><a href="#[92]">CanNm_SleepEntry</a> from cannm.o(.text.CanNm_SleepEntry) referenced from cannm.o(.rodata.CanNm_StateHndl)
 <LI><a href="#[93]">CanNm_SleepExit</a> from cannm.o(.text.CanNm_SleepExit) referenced from cannm.o(.rodata.CanNm_StateHndl)
 <LI><a href="#[91]">CanNm_SleepSrv</a> from cannm.o(.text.CanNm_SleepSrv) referenced from cannm.o(.rodata.CanNm_StateHndl)
 <LI><a href="#[5]">CanNm_SleepWaitTxFifoClearTimerCb</a> from cannm.o(.text.CanNm_SleepWaitTxFifoClearTimerCb) referenced 2 times from cannm.o(.data.CanNm_SleepWaitTxFifoClearTimer)
 <LI><a href="#[8d]">CanNm_TransitionEnterNetwork</a> from cannm.o(.text.CanNm_TransitionEnterNetwork) referenced from cannm.o(.rodata.CANNM_STATE_PREPARE_SLEEP_TrDescTab)
 <LI><a href="#[8d]">CanNm_TransitionEnterNetwork</a> from cannm.o(.text.CanNm_TransitionEnterNetwork) referenced from cannm.o(.rodata.CANNM_STATE_SLEEP_TrDescTab)
 <LI><a href="#[7]">CanNm_WaitBusSleepTimerCb</a> from cannm.o(.text.CanNm_WaitBusSleepTimerCb) referenced 2 times from cannm.o(.data.CanNm_WaitBusSleepTimer)
 <LI><a href="#[64]">DCMI_IRQHandler</a> from startup_stm32f767xx.o(.text) referenced from startup_stm32f767xx.o(RESET)
 <LI><a href="#[77]">DFSDM1_FLT0_IRQHandler</a> from startup_stm32f767xx.o(.text) referenced from startup_stm32f767xx.o(RESET)
 <LI><a href="#[78]">DFSDM1_FLT1_IRQHandler</a> from startup_stm32f767xx.o(.text) referenced from startup_stm32f767xx.o(RESET)
 <LI><a href="#[79]">DFSDM1_FLT2_IRQHandler</a> from startup_stm32f767xx.o(.text) referenced from startup_stm32f767xx.o(RESET)
 <LI><a href="#[7a]">DFSDM1_FLT3_IRQHandler</a> from startup_stm32f767xx.o(.text) referenced from startup_stm32f767xx.o(RESET)
 <LI><a href="#[21]">DMA1_Stream0_IRQHandler</a> from startup_stm32f767xx.o(.text) referenced from startup_stm32f767xx.o(RESET)
 <LI><a href="#[22]">DMA1_Stream1_IRQHandler</a> from startup_stm32f767xx.o(.text) referenced from startup_stm32f767xx.o(RESET)
 <LI><a href="#[23]">DMA1_Stream2_IRQHandler</a> from startup_stm32f767xx.o(.text) referenced from startup_stm32f767xx.o(RESET)
 <LI><a href="#[24]">DMA1_Stream3_IRQHandler</a> from startup_stm32f767xx.o(.text) referenced from startup_stm32f767xx.o(RESET)
 <LI><a href="#[25]">DMA1_Stream4_IRQHandler</a> from startup_stm32f767xx.o(.text) referenced from startup_stm32f767xx.o(RESET)
 <LI><a href="#[26]">DMA1_Stream5_IRQHandler</a> from startup_stm32f767xx.o(.text) referenced from startup_stm32f767xx.o(RESET)
 <LI><a href="#[27]">DMA1_Stream6_IRQHandler</a> from startup_stm32f767xx.o(.text) referenced from startup_stm32f767xx.o(RESET)
 <LI><a href="#[45]">DMA1_Stream7_IRQHandler</a> from startup_stm32f767xx.o(.text) referenced from startup_stm32f767xx.o(RESET)
 <LI><a href="#[6f]">DMA2D_IRQHandler</a> from startup_stm32f767xx.o(.text) referenced from startup_stm32f767xx.o(RESET)
 <LI><a href="#[4e]">DMA2_Stream0_IRQHandler</a> from startup_stm32f767xx.o(.text) referenced from startup_stm32f767xx.o(RESET)
 <LI><a href="#[4f]">DMA2_Stream1_IRQHandler</a> from startup_stm32f767xx.o(.text) referenced from startup_stm32f767xx.o(RESET)
 <LI><a href="#[50]">DMA2_Stream2_IRQHandler</a> from startup_stm32f767xx.o(.text) referenced from startup_stm32f767xx.o(RESET)
 <LI><a href="#[51]">DMA2_Stream3_IRQHandler</a> from startup_stm32f767xx.o(.text) referenced from startup_stm32f767xx.o(RESET)
 <LI><a href="#[52]">DMA2_Stream4_IRQHandler</a> from startup_stm32f767xx.o(.text) referenced from startup_stm32f767xx.o(RESET)
 <LI><a href="#[5a]">DMA2_Stream5_IRQHandler</a> from startup_stm32f767xx.o(.text) referenced from startup_stm32f767xx.o(RESET)
 <LI><a href="#[5b]">DMA2_Stream6_IRQHandler</a> from startup_stm32f767xx.o(.text) referenced from startup_stm32f767xx.o(RESET)
 <LI><a href="#[5c]">DMA2_Stream7_IRQHandler</a> from startup_stm32f767xx.o(.text) referenced from startup_stm32f767xx.o(RESET)
 <LI><a href="#[13]">DebugMon_Handler</a> from stm32f7xx_it.o(.text.DebugMon_Handler) referenced from startup_stm32f767xx.o(RESET)
 <LI><a href="#[53]">ETH_IRQHandler</a> from startup_stm32f767xx.o(.text) referenced from startup_stm32f767xx.o(RESET)
 <LI><a href="#[54]">ETH_WKUP_IRQHandler</a> from startup_stm32f767xx.o(.text) referenced from startup_stm32f767xx.o(RESET)
 <LI><a href="#[1c]">EXTI0_IRQHandler</a> from startup_stm32f767xx.o(.text) referenced from startup_stm32f767xx.o(RESET)
 <LI><a href="#[3e]">EXTI15_10_IRQHandler</a> from startup_stm32f767xx.o(.text) referenced from startup_stm32f767xx.o(RESET)
 <LI><a href="#[1d]">EXTI1_IRQHandler</a> from startup_stm32f767xx.o(.text) referenced from startup_stm32f767xx.o(RESET)
 <LI><a href="#[1e]">EXTI2_IRQHandler</a> from startup_stm32f767xx.o(.text) referenced from startup_stm32f767xx.o(RESET)
 <LI><a href="#[1f]">EXTI3_IRQHandler</a> from stm32f7xx_it.o(.text.EXTI3_IRQHandler) referenced from startup_stm32f767xx.o(RESET)
 <LI><a href="#[20]">EXTI4_IRQHandler</a> from startup_stm32f767xx.o(.text) referenced from startup_stm32f767xx.o(RESET)
 <LI><a href="#[2d]">EXTI9_5_IRQHandler</a> from startup_stm32f767xx.o(.text) referenced from startup_stm32f767xx.o(RESET)
 <LI><a href="#[1a]">FLASH_IRQHandler</a> from startup_stm32f767xx.o(.text) referenced from startup_stm32f767xx.o(RESET)
 <LI><a href="#[46]">FMC_IRQHandler</a> from startup_stm32f767xx.o(.text) referenced from startup_stm32f767xx.o(RESET)
 <LI><a href="#[66]">FPU_IRQHandler</a> from startup_stm32f767xx.o(.text) referenced from startup_stm32f767xx.o(RESET)
 <LI><a href="#[e]">HardFault_Handler</a> from stm32f7xx_it.o(.text.HardFault_Handler) referenced from startup_stm32f767xx.o(RESET)
 <LI><a href="#[36]">I2C1_ER_IRQHandler</a> from startup_stm32f767xx.o(.text) referenced from startup_stm32f767xx.o(RESET)
 <LI><a href="#[35]">I2C1_EV_IRQHandler</a> from startup_stm32f767xx.o(.text) referenced from startup_stm32f767xx.o(RESET)
 <LI><a href="#[38]">I2C2_ER_IRQHandler</a> from startup_stm32f767xx.o(.text) referenced from startup_stm32f767xx.o(RESET)
 <LI><a href="#[37]">I2C2_EV_IRQHandler</a> from startup_stm32f767xx.o(.text) referenced from startup_stm32f767xx.o(RESET)
 <LI><a href="#[5f]">I2C3_ER_IRQHandler</a> from startup_stm32f767xx.o(.text) referenced from startup_stm32f767xx.o(RESET)
 <LI><a href="#[5e]">I2C3_EV_IRQHandler</a> from startup_stm32f767xx.o(.text) referenced from startup_stm32f767xx.o(RESET)
 <LI><a href="#[75]">I2C4_ER_IRQHandler</a> from startup_stm32f767xx.o(.text) referenced from startup_stm32f767xx.o(RESET)
 <LI><a href="#[74]">I2C4_EV_IRQHandler</a> from startup_stm32f767xx.o(.text) referenced from startup_stm32f767xx.o(RESET)
 <LI><a href="#[80]">JPEG_IRQHandler</a> from startup_stm32f767xx.o(.text) referenced from startup_stm32f767xx.o(RESET)
 <LI><a href="#[72]">LPTIM1_IRQHandler</a> from startup_stm32f767xx.o(.text) referenced from startup_stm32f767xx.o(RESET)
 <LI><a href="#[6e]">LTDC_ER_IRQHandler</a> from startup_stm32f767xx.o(.text) referenced from startup_stm32f767xx.o(RESET)
 <LI><a href="#[6d]">LTDC_IRQHandler</a> from startup_stm32f767xx.o(.text) referenced from startup_stm32f767xx.o(RESET)
 <LI><a href="#[a0]">LibCanIL_IsMsgIL</a> from libcanil.o(.text.LibCanIL_IsMsgIL) referenced from libcanil.o(.rodata.LibCanIL_Module)
 <LI><a href="#[a2]">LibCanIL_MsgConfirm</a> from libcanil.o(.text.LibCanIL_MsgConfirm) referenced from libcanil.o(.rodata.LibCanIL_Module)
 <LI><a href="#[a1]">LibCanIL_MsgIndicate</a> from libcanil.o(.text.LibCanIL_MsgIndicate) referenced from libcanil.o(.rodata.LibCanIL_Module)
 <LI><a href="#[8]">LibCanIL_ServiceHndl</a> from libcanil.o(.text.LibCanIL_ServiceHndl) referenced 2 times from libcanil.o(.data.LibCanIL_Service)
 <LI><a href="#[9]">LibCanIL_TxEventMsgTimerCallback</a> from libcanil.o(.text.LibCanIL_TxEventMsgTimerCallback) referenced 2 times from libcanil.o(.data.LibCanIL_TxEventMsgTimer)
 <LI><a href="#[8c]">LibFsm_Empty</a> from cannm.o(.text.LibFsm_Empty) referenced 2 times from cannm.o(.rodata.CANNM_STATE_NORMAL_TrDescTab)
 <LI><a href="#[8c]">LibFsm_Empty</a> from cannm.o(.text.LibFsm_Empty) referenced from cannm.o(.rodata.CANNM_STATE_POWER_OFF_TrDescTab)
 <LI><a href="#[8c]">LibFsm_Empty</a> from cannm.o(.text.LibFsm_Empty) referenced from cannm.o(.rodata.CANNM_STATE_PREPARE_SLEEP_TrDescTab)
 <LI><a href="#[8c]">LibFsm_Empty</a> from cannm.o(.text.LibFsm_Empty) referenced 3 times from cannm.o(.rodata.CANNM_STATE_READY_SLEEP_TrDescTab)
 <LI><a href="#[8c]">LibFsm_Empty</a> from cannm.o(.text.LibFsm_Empty) referenced 2 times from cannm.o(.rodata.CANNM_STATE_REPEAT_MESSAGE_TrDescTab)
 <LI><a href="#[8c]">LibFsm_Empty</a> from cannm.o(.text.LibFsm_Empty) referenced 3 times from cannm.o(.rodata.CanNm_StateHndl)
 <LI><a href="#[81]">MDIOS_IRQHandler</a> from startup_stm32f767xx.o(.text) referenced from startup_stm32f767xx.o(RESET)
 <LI><a href="#[f]">MemManage_Handler</a> from stm32f7xx_it.o(.text.MemManage_Handler) referenced from startup_stm32f767xx.o(RESET)
 <LI><a href="#[d]">NMI_Handler</a> from stm32f7xx_it.o(.text.NMI_Handler) referenced from startup_stm32f767xx.o(RESET)
 <LI><a href="#[59]">OTG_FS_IRQHandler</a> from startup_stm32f767xx.o(.text) referenced from startup_stm32f767xx.o(RESET)
 <LI><a href="#[40]">OTG_FS_WKUP_IRQHandler</a> from startup_stm32f767xx.o(.text) referenced from startup_stm32f767xx.o(RESET)
 <LI><a href="#[61]">OTG_HS_EP1_IN_IRQHandler</a> from startup_stm32f767xx.o(.text) referenced from startup_stm32f767xx.o(RESET)
 <LI><a href="#[60]">OTG_HS_EP1_OUT_IRQHandler</a> from startup_stm32f767xx.o(.text) referenced from startup_stm32f767xx.o(RESET)
 <LI><a href="#[63]">OTG_HS_IRQHandler</a> from startup_stm32f767xx.o(.text) referenced from startup_stm32f767xx.o(RESET)
 <LI><a href="#[62]">OTG_HS_WKUP_IRQHandler</a> from startup_stm32f767xx.o(.text) referenced from startup_stm32f767xx.o(RESET)
 <LI><a href="#[17]">PVD_IRQHandler</a> from startup_stm32f767xx.o(.text) referenced from startup_stm32f767xx.o(RESET)
 <LI><a href="#[14]">PendSV_Handler</a> from port.o(.text.PendSV_Handler) referenced from startup_stm32f767xx.o(RESET)
 <LI><a href="#[a]">PowerDown_DelaySleepTimerCb</a> from cannm.o(.text.PowerDown_DelaySleepTimerCb) referenced 2 times from cannm.o(.data.PowerDown_DelaySleepTimer)
 <LI><a href="#[71]">QUADSPI_IRQHandler</a> from startup_stm32f767xx.o(.text) referenced from startup_stm32f767xx.o(RESET)
 <LI><a href="#[1b]">RCC_IRQHandler</a> from startup_stm32f767xx.o(.text) referenced from startup_stm32f767xx.o(RESET)
 <LI><a href="#[65]">RNG_IRQHandler</a> from startup_stm32f767xx.o(.text) referenced from startup_stm32f767xx.o(RESET)
 <LI><a href="#[3f]">RTC_Alarm_IRQHandler</a> from startup_stm32f767xx.o(.text) referenced from startup_stm32f767xx.o(RESET)
 <LI><a href="#[19]">RTC_WKUP_IRQHandler</a> from startup_stm32f767xx.o(.text) referenced from startup_stm32f767xx.o(RESET)
 <LI><a href="#[c]">Reset_Handler</a> from startup_stm32f767xx.o(.text) referenced from startup_stm32f767xx.o(RESET)
 <LI><a href="#[6c]">SAI1_IRQHandler</a> from startup_stm32f767xx.o(.text) referenced from startup_stm32f767xx.o(RESET)
 <LI><a href="#[70]">SAI2_IRQHandler</a> from startup_stm32f767xx.o(.text) referenced from startup_stm32f767xx.o(RESET)
 <LI><a href="#[47]">SDMMC1_IRQHandler</a> from startup_stm32f767xx.o(.text) referenced from startup_stm32f767xx.o(RESET)
 <LI><a href="#[7b]">SDMMC2_IRQHandler</a> from startup_stm32f767xx.o(.text) referenced from startup_stm32f767xx.o(RESET)
 <LI><a href="#[76]">SPDIF_RX_IRQHandler</a> from startup_stm32f767xx.o(.text) referenced from startup_stm32f767xx.o(RESET)
 <LI><a href="#[39]">SPI1_IRQHandler</a> from startup_stm32f767xx.o(.text) referenced from startup_stm32f767xx.o(RESET)
 <LI><a href="#[3a]">SPI2_IRQHandler</a> from startup_stm32f767xx.o(.text) referenced from startup_stm32f767xx.o(RESET)
 <LI><a href="#[49]">SPI3_IRQHandler</a> from startup_stm32f767xx.o(.text) referenced from startup_stm32f767xx.o(RESET)
 <LI><a href="#[69]">SPI4_IRQHandler</a> from startup_stm32f767xx.o(.text) referenced from startup_stm32f767xx.o(RESET)
 <LI><a href="#[6a]">SPI5_IRQHandler</a> from startup_stm32f767xx.o(.text) referenced from startup_stm32f767xx.o(RESET)
 <LI><a href="#[6b]">SPI6_IRQHandler</a> from startup_stm32f767xx.o(.text) referenced from startup_stm32f767xx.o(RESET)
 <LI><a href="#[12]">SVC_Handler</a> from port.o(.text.SVC_Handler) referenced from startup_stm32f767xx.o(RESET)
 <LI><a href="#[87]">StartBSWTask10ms</a> from freertos.o(.text.StartBSWTask10ms) referenced 2 times from freertos.o(.text.MX_FREERTOS_Init)
 <LI><a href="#[86]">StartTask10ms</a> from freertos.o(.text.StartTask10ms) referenced 2 times from freertos.o(.text.MX_FREERTOS_Init)
 <LI><a href="#[15]">SysTick_Handler</a> from stm32f7xx_it.o(.text.SysTick_Handler) referenced from startup_stm32f767xx.o(RESET)
 <LI><a href="#[82]">SystemInit</a> from system_stm32f7xx.o(.text.SystemInit) referenced from startup_stm32f767xx.o(.text)
 <LI><a href="#[18]">TAMP_STAMP_IRQHandler</a> from startup_stm32f767xx.o(.text) referenced from startup_stm32f767xx.o(RESET)
 <LI><a href="#[b]">TASK_CAN_ServiceHndl</a> from cantask.o(.text.TASK_CAN_ServiceHndl) referenced 2 times from cantask.o(.data.TASK_CAN)
 <LI><a href="#[2e]">TIM1_BRK_TIM9_IRQHandler</a> from startup_stm32f767xx.o(.text) referenced from startup_stm32f767xx.o(RESET)
 <LI><a href="#[31]">TIM1_CC_IRQHandler</a> from startup_stm32f767xx.o(.text) referenced from startup_stm32f767xx.o(RESET)
 <LI><a href="#[30]">TIM1_TRG_COM_TIM11_IRQHandler</a> from startup_stm32f767xx.o(.text) referenced from startup_stm32f767xx.o(RESET)
 <LI><a href="#[2f]">TIM1_UP_TIM10_IRQHandler</a> from startup_stm32f767xx.o(.text) referenced from startup_stm32f767xx.o(RESET)
 <LI><a href="#[32]">TIM2_IRQHandler</a> from startup_stm32f767xx.o(.text) referenced from startup_stm32f767xx.o(RESET)
 <LI><a href="#[33]">TIM3_IRQHandler</a> from startup_stm32f767xx.o(.text) referenced from startup_stm32f767xx.o(RESET)
 <LI><a href="#[34]">TIM4_IRQHandler</a> from startup_stm32f767xx.o(.text) referenced from startup_stm32f767xx.o(RESET)
 <LI><a href="#[48]">TIM5_IRQHandler</a> from startup_stm32f767xx.o(.text) referenced from startup_stm32f767xx.o(RESET)
 <LI><a href="#[4c]">TIM6_DAC_IRQHandler</a> from startup_stm32f767xx.o(.text) referenced from startup_stm32f767xx.o(RESET)
 <LI><a href="#[4d]">TIM7_IRQHandler</a> from startup_stm32f767xx.o(.text) referenced from startup_stm32f767xx.o(RESET)
 <LI><a href="#[41]">TIM8_BRK_TIM12_IRQHandler</a> from startup_stm32f767xx.o(.text) referenced from startup_stm32f767xx.o(RESET)
 <LI><a href="#[44]">TIM8_CC_IRQHandler</a> from startup_stm32f767xx.o(.text) referenced from startup_stm32f767xx.o(RESET)
 <LI><a href="#[43]">TIM8_TRG_COM_TIM14_IRQHandler</a> from startup_stm32f767xx.o(.text) referenced from startup_stm32f767xx.o(RESET)
 <LI><a href="#[42]">TIM8_UP_TIM13_IRQHandler</a> from startup_stm32f767xx.o(.text) referenced from startup_stm32f767xx.o(RESET)
 <LI><a href="#[88]">TimerCallback</a> from cmsis_os2.o(.text.TimerCallback) referenced 4 times from cmsis_os2.o(.text.osTimerNew)
 <LI><a href="#[4a]">UART4_IRQHandler</a> from startup_stm32f767xx.o(.text) referenced from startup_stm32f767xx.o(RESET)
 <LI><a href="#[4b]">UART5_IRQHandler</a> from startup_stm32f767xx.o(.text) referenced from startup_stm32f767xx.o(RESET)
 <LI><a href="#[67]">UART7_IRQHandler</a> from startup_stm32f767xx.o(.text) referenced from startup_stm32f767xx.o(RESET)
 <LI><a href="#[68]">UART8_IRQHandler</a> from startup_stm32f767xx.o(.text) referenced from startup_stm32f767xx.o(RESET)
 <LI><a href="#[84]">UART_DMAAbortOnError</a> from stm32f7xx_hal_uart.o(.text.UART_DMAAbortOnError) referenced 2 times from stm32f7xx_hal_uart.o(.text.HAL_UART_IRQHandler)
 <LI><a href="#[3b]">USART1_IRQHandler</a> from stm32f7xx_it.o(.text.USART1_IRQHandler) referenced from startup_stm32f767xx.o(RESET)
 <LI><a href="#[3c]">USART2_IRQHandler</a> from startup_stm32f767xx.o(.text) referenced from startup_stm32f767xx.o(RESET)
 <LI><a href="#[3d]">USART3_IRQHandler</a> from startup_stm32f767xx.o(.text) referenced from startup_stm32f767xx.o(RESET)
 <LI><a href="#[5d]">USART6_IRQHandler</a> from startup_stm32f767xx.o(.text) referenced from startup_stm32f767xx.o(RESET)
 <LI><a href="#[11]">UsageFault_Handler</a> from stm32f7xx_it.o(.text.UsageFault_Handler) referenced from startup_stm32f767xx.o(RESET)
 <LI><a href="#[16]">WWDG_IRQHandler</a> from startup_stm32f767xx.o(.text) referenced from startup_stm32f767xx.o(RESET)
 <LI><a href="#[83]">__main</a> from __main.o(!!!main) referenced from startup_stm32f767xx.o(.text)
 <LI><a href="#[8a]">prvIdleTask</a> from tasks.o(.text.prvIdleTask) referenced 2 times from tasks.o(.text.vTaskStartScheduler)
 <LI><a href="#[89]">prvTaskExitError</a> from port.o(.text.prvTaskExitError) referenced 2 times from port.o(.text.pxPortInitialiseStack)
 <LI><a href="#[8b]">prvTimerTask</a> from timers.o(.text.prvTimerTask) referenced 2 times from timers.o(.text.xTimerCreateTimerTask)
</UL>
<P>
<H3>
Global Symbols
</H3>
<P><STRONG><a name="[83]"></a>__main</STRONG> (Thumb, 8 bytes, Stack size 0 bytes, __main.o(!!!main))
<BR><BR>[Calls]<UL><LI><a href="#[a4]">&gt;&gt;</a>&nbsp;&nbsp;&nbsp;__rt_entry
<LI><a href="#[a3]">&gt;&gt;</a>&nbsp;&nbsp;&nbsp;__scatterload
</UL>
<BR>[Address Reference Count : 1]<UL><LI> startup_stm32f767xx.o(.text)
</UL>
<P><STRONG><a name="[a3]"></a>__scatterload</STRONG> (Thumb, 0 bytes, Stack size unknown bytes, __scatter.o(!!!scatter))
<BR><BR>[Called By]<UL><LI><a href="#[83]">&gt;&gt;</a>&nbsp;&nbsp;&nbsp;__main
</UL>

<P><STRONG><a name="[a5]"></a>__scatterload_rt2</STRONG> (Thumb, 44 bytes, Stack size unknown bytes, __scatter.o(!!!scatter), UNUSED)
<BR><BR>[Calls]<UL><LI><a href="#[a4]">&gt;&gt;</a>&nbsp;&nbsp;&nbsp;__rt_entry
</UL>

<P><STRONG><a name="[1ca]"></a>__scatterload_rt2_thumb_only</STRONG> (Thumb, 0 bytes, Stack size unknown bytes, __scatter.o(!!!scatter), UNUSED)

<P><STRONG><a name="[1cb]"></a>__scatterload_null</STRONG> (Thumb, 0 bytes, Stack size unknown bytes, __scatter.o(!!!scatter), UNUSED)

<P><STRONG><a name="[1cc]"></a>__decompress</STRONG> (Thumb, 58 bytes, Stack size unknown bytes, __dczerorl.o(!!dczerorl), UNUSED)

<P><STRONG><a name="[1cd]"></a>__decompress0</STRONG> (Thumb, 0 bytes, Stack size unknown bytes, __dczerorl.o(!!dczerorl), UNUSED)

<P><STRONG><a name="[1ce]"></a>__scatterload_zeroinit</STRONG> (Thumb, 28 bytes, Stack size unknown bytes, __scatter_zi.o(!!handler_zi), UNUSED)

<P><STRONG><a name="[ab]"></a>__rt_lib_init</STRONG> (Thumb, 0 bytes, Stack size unknown bytes, libinit.o(.ARM.Collect$$libinit$$00000000))
<BR><BR>[Called By]<UL><LI><a href="#[aa]">&gt;&gt;</a>&nbsp;&nbsp;&nbsp;__rt_entry_li
</UL>

<P><STRONG><a name="[a6]"></a>__rt_lib_init_fp_1</STRONG> (Thumb, 0 bytes, Stack size unknown bytes, libinit2.o(.ARM.Collect$$libinit$$00000001))
<BR><BR>[Calls]<UL><LI><a href="#[a7]">&gt;&gt;</a>&nbsp;&nbsp;&nbsp;_fp_init
</UL>

<P><STRONG><a name="[1cf]"></a>__rt_lib_init_alloca_1</STRONG> (Thumb, 0 bytes, Stack size unknown bytes, libinit2.o(.ARM.Collect$$libinit$$00000030))

<P><STRONG><a name="[1d0]"></a>__rt_lib_init_argv_1</STRONG> (Thumb, 0 bytes, Stack size unknown bytes, libinit2.o(.ARM.Collect$$libinit$$0000002E))

<P><STRONG><a name="[1d1]"></a>__rt_lib_init_atexit_1</STRONG> (Thumb, 0 bytes, Stack size unknown bytes, libinit2.o(.ARM.Collect$$libinit$$0000001D))

<P><STRONG><a name="[1d2]"></a>__rt_lib_init_clock_1</STRONG> (Thumb, 0 bytes, Stack size unknown bytes, libinit2.o(.ARM.Collect$$libinit$$00000023))

<P><STRONG><a name="[1d3]"></a>__rt_lib_init_cpp_1</STRONG> (Thumb, 0 bytes, Stack size unknown bytes, libinit2.o(.ARM.Collect$$libinit$$00000034))

<P><STRONG><a name="[1d4]"></a>__rt_lib_init_exceptions_1</STRONG> (Thumb, 0 bytes, Stack size unknown bytes, libinit2.o(.ARM.Collect$$libinit$$00000032))

<P><STRONG><a name="[1d5]"></a>__rt_lib_init_fp_trap_1</STRONG> (Thumb, 0 bytes, Stack size unknown bytes, libinit2.o(.ARM.Collect$$libinit$$00000021))

<P><STRONG><a name="[1d6]"></a>__rt_lib_init_getenv_1</STRONG> (Thumb, 0 bytes, Stack size unknown bytes, libinit2.o(.ARM.Collect$$libinit$$00000025))

<P><STRONG><a name="[1d7]"></a>__rt_lib_init_heap_1</STRONG> (Thumb, 0 bytes, Stack size unknown bytes, libinit2.o(.ARM.Collect$$libinit$$0000000C))

<P><STRONG><a name="[1d8]"></a>__rt_lib_init_lc_collate_1</STRONG> (Thumb, 0 bytes, Stack size unknown bytes, libinit2.o(.ARM.Collect$$libinit$$00000013))

<P><STRONG><a name="[1d9]"></a>__rt_lib_init_lc_ctype_1</STRONG> (Thumb, 0 bytes, Stack size unknown bytes, libinit2.o(.ARM.Collect$$libinit$$00000015))

<P><STRONG><a name="[1da]"></a>__rt_lib_init_lc_monetary_1</STRONG> (Thumb, 0 bytes, Stack size unknown bytes, libinit2.o(.ARM.Collect$$libinit$$00000017))

<P><STRONG><a name="[1db]"></a>__rt_lib_init_lc_numeric_1</STRONG> (Thumb, 0 bytes, Stack size unknown bytes, libinit2.o(.ARM.Collect$$libinit$$00000019))

<P><STRONG><a name="[1dc]"></a>__rt_lib_init_lc_time_1</STRONG> (Thumb, 0 bytes, Stack size unknown bytes, libinit2.o(.ARM.Collect$$libinit$$0000001B))

<P><STRONG><a name="[1dd]"></a>__rt_lib_init_preinit_1</STRONG> (Thumb, 0 bytes, Stack size unknown bytes, libinit2.o(.ARM.Collect$$libinit$$00000006))

<P><STRONG><a name="[1de]"></a>__rt_lib_init_rand_1</STRONG> (Thumb, 0 bytes, Stack size unknown bytes, libinit2.o(.ARM.Collect$$libinit$$00000010))

<P><STRONG><a name="[1df]"></a>__rt_lib_init_relocate_pie_1</STRONG> (Thumb, 0 bytes, Stack size unknown bytes, libinit2.o(.ARM.Collect$$libinit$$00000004))

<P><STRONG><a name="[1e0]"></a>__rt_lib_init_return</STRONG> (Thumb, 0 bytes, Stack size unknown bytes, libinit2.o(.ARM.Collect$$libinit$$00000035))

<P><STRONG><a name="[1e1]"></a>__rt_lib_init_signal_1</STRONG> (Thumb, 0 bytes, Stack size unknown bytes, libinit2.o(.ARM.Collect$$libinit$$0000001F))

<P><STRONG><a name="[1e2]"></a>__rt_lib_init_stdio_1</STRONG> (Thumb, 0 bytes, Stack size unknown bytes, libinit2.o(.ARM.Collect$$libinit$$00000027))

<P><STRONG><a name="[1e3]"></a>__rt_lib_init_user_alloc_1</STRONG> (Thumb, 0 bytes, Stack size unknown bytes, libinit2.o(.ARM.Collect$$libinit$$0000000E))

<P><STRONG><a name="[b0]"></a>__rt_lib_shutdown</STRONG> (Thumb, 0 bytes, Stack size unknown bytes, libshutdown.o(.ARM.Collect$$libshutdown$$00000000))
<BR><BR>[Called By]<UL><LI><a href="#[af]">&gt;&gt;</a>&nbsp;&nbsp;&nbsp;__rt_exit_ls
</UL>

<P><STRONG><a name="[1e4]"></a>__rt_lib_shutdown_cpp_1</STRONG> (Thumb, 0 bytes, Stack size unknown bytes, libshutdown2.o(.ARM.Collect$$libshutdown$$00000002))

<P><STRONG><a name="[1e5]"></a>__rt_lib_shutdown_fp_trap_1</STRONG> (Thumb, 0 bytes, Stack size unknown bytes, libshutdown2.o(.ARM.Collect$$libshutdown$$00000007))

<P><STRONG><a name="[1e6]"></a>__rt_lib_shutdown_heap_1</STRONG> (Thumb, 0 bytes, Stack size unknown bytes, libshutdown2.o(.ARM.Collect$$libshutdown$$0000000F))

<P><STRONG><a name="[1e7]"></a>__rt_lib_shutdown_return</STRONG> (Thumb, 0 bytes, Stack size unknown bytes, libshutdown2.o(.ARM.Collect$$libshutdown$$00000010))

<P><STRONG><a name="[1e8]"></a>__rt_lib_shutdown_signal_1</STRONG> (Thumb, 0 bytes, Stack size unknown bytes, libshutdown2.o(.ARM.Collect$$libshutdown$$0000000A))

<P><STRONG><a name="[1e9]"></a>__rt_lib_shutdown_stdio_1</STRONG> (Thumb, 0 bytes, Stack size unknown bytes, libshutdown2.o(.ARM.Collect$$libshutdown$$00000004))

<P><STRONG><a name="[1ea]"></a>__rt_lib_shutdown_user_alloc_1</STRONG> (Thumb, 0 bytes, Stack size unknown bytes, libshutdown2.o(.ARM.Collect$$libshutdown$$0000000C))

<P><STRONG><a name="[a4]"></a>__rt_entry</STRONG> (Thumb, 0 bytes, Stack size unknown bytes, __rtentry.o(.ARM.Collect$$rtentry$$00000000))
<BR><BR>[Called By]<UL><LI><a href="#[83]">&gt;&gt;</a>&nbsp;&nbsp;&nbsp;__main
<LI><a href="#[a5]">&gt;&gt;</a>&nbsp;&nbsp;&nbsp;__scatterload_rt2
</UL>

<P><STRONG><a name="[1eb]"></a>__rt_entry_presh_1</STRONG> (Thumb, 0 bytes, Stack size unknown bytes, __rtentry2.o(.ARM.Collect$$rtentry$$00000002))

<P><STRONG><a name="[a8]"></a>__rt_entry_sh</STRONG> (Thumb, 0 bytes, Stack size unknown bytes, __rtentry4.o(.ARM.Collect$$rtentry$$00000004))
<BR><BR>[Stack]<UL><LI>Max Depth = 8 + Unknown Stack Size
<LI>Call Chain = __rt_entry_sh &rArr; __user_setup_stackheap
</UL>
<BR>[Calls]<UL><LI><a href="#[a9]">&gt;&gt;</a>&nbsp;&nbsp;&nbsp;__user_setup_stackheap
</UL>

<P><STRONG><a name="[aa]"></a>__rt_entry_li</STRONG> (Thumb, 0 bytes, Stack size unknown bytes, __rtentry2.o(.ARM.Collect$$rtentry$$0000000A))
<BR><BR>[Calls]<UL><LI><a href="#[ab]">&gt;&gt;</a>&nbsp;&nbsp;&nbsp;__rt_lib_init
</UL>

<P><STRONG><a name="[1ec]"></a>__rt_entry_postsh_1</STRONG> (Thumb, 0 bytes, Stack size unknown bytes, __rtentry2.o(.ARM.Collect$$rtentry$$00000009))

<P><STRONG><a name="[ac]"></a>__rt_entry_main</STRONG> (Thumb, 0 bytes, Stack size unknown bytes, __rtentry2.o(.ARM.Collect$$rtentry$$0000000D))
<BR><BR>[Stack]<UL><LI>Max Depth = 356 + Unknown Stack Size
<LI>Call Chain = __rt_entry_main &rArr; main &rArr; MX_FREERTOS_Init &rArr; osTimerNew &rArr; xTimerCreateStatic &rArr; prvInitialiseNewTimer &rArr; prvCheckForValidListAndQueue &rArr; xQueueGenericCreateStatic &rArr; prvInitialiseNewQueue &rArr; xQueueGenericReset &rArr; xTaskRemoveFromEventList &rArr; vListInsertEnd
</UL>
<BR>[Calls]<UL><LI><a href="#[ad]">&gt;&gt;</a>&nbsp;&nbsp;&nbsp;main
<LI><a href="#[ae]">&gt;&gt;</a>&nbsp;&nbsp;&nbsp;exit
</UL>

<P><STRONG><a name="[1ed]"></a>__rt_entry_postli_1</STRONG> (Thumb, 0 bytes, Stack size unknown bytes, __rtentry2.o(.ARM.Collect$$rtentry$$0000000C))

<P><STRONG><a name="[b9]"></a>__rt_exit</STRONG> (Thumb, 0 bytes, Stack size unknown bytes, rtexit.o(.ARM.Collect$$rtexit$$00000000))
<BR><BR>[Called By]<UL><LI><a href="#[ae]">&gt;&gt;</a>&nbsp;&nbsp;&nbsp;exit
</UL>

<P><STRONG><a name="[af]"></a>__rt_exit_ls</STRONG> (Thumb, 0 bytes, Stack size unknown bytes, rtexit2.o(.ARM.Collect$$rtexit$$00000003))
<BR><BR>[Calls]<UL><LI><a href="#[b0]">&gt;&gt;</a>&nbsp;&nbsp;&nbsp;__rt_lib_shutdown
</UL>

<P><STRONG><a name="[1ee]"></a>__rt_exit_prels_1</STRONG> (Thumb, 0 bytes, Stack size unknown bytes, rtexit2.o(.ARM.Collect$$rtexit$$00000002))

<P><STRONG><a name="[b1]"></a>__rt_exit_exit</STRONG> (Thumb, 0 bytes, Stack size unknown bytes, rtexit2.o(.ARM.Collect$$rtexit$$00000004))
<BR><BR>[Calls]<UL><LI><a href="#[b2]">&gt;&gt;</a>&nbsp;&nbsp;&nbsp;_sys_exit
</UL>

<P><STRONG><a name="[c]"></a>Reset_Handler</STRONG> (Thumb, 8 bytes, Stack size 0 bytes, startup_stm32f767xx.o(.text))
<BR>[Address Reference Count : 1]<UL><LI> startup_stm32f767xx.o(RESET)
</UL>
<P><STRONG><a name="[28]"></a>ADC_IRQHandler</STRONG> (Thumb, 0 bytes, Stack size 0 bytes, startup_stm32f767xx.o(.text))
<BR><BR>[Calls]<UL><LI><a href="#[28]">&gt;&gt;</a>&nbsp;&nbsp;&nbsp;ADC_IRQHandler
</UL>
<BR>[Called By]<UL><LI><a href="#[28]">&gt;&gt;</a>&nbsp;&nbsp;&nbsp;ADC_IRQHandler
</UL>
<BR>[Address Reference Count : 1]<UL><LI> startup_stm32f767xx.o(RESET)
</UL>
<P><STRONG><a name="[29]"></a>CAN1_TX_IRQHandler</STRONG> (Thumb, 0 bytes, Stack size 0 bytes, startup_stm32f767xx.o(.text))
<BR>[Address Reference Count : 1]<UL><LI> startup_stm32f767xx.o(RESET)
</UL>
<P><STRONG><a name="[56]"></a>CAN2_RX0_IRQHandler</STRONG> (Thumb, 0 bytes, Stack size 0 bytes, startup_stm32f767xx.o(.text))
<BR>[Address Reference Count : 1]<UL><LI> startup_stm32f767xx.o(RESET)
</UL>
<P><STRONG><a name="[57]"></a>CAN2_RX1_IRQHandler</STRONG> (Thumb, 0 bytes, Stack size 0 bytes, startup_stm32f767xx.o(.text))
<BR>[Address Reference Count : 1]<UL><LI> startup_stm32f767xx.o(RESET)
</UL>
<P><STRONG><a name="[58]"></a>CAN2_SCE_IRQHandler</STRONG> (Thumb, 0 bytes, Stack size 0 bytes, startup_stm32f767xx.o(.text))
<BR>[Address Reference Count : 1]<UL><LI> startup_stm32f767xx.o(RESET)
</UL>
<P><STRONG><a name="[55]"></a>CAN2_TX_IRQHandler</STRONG> (Thumb, 0 bytes, Stack size 0 bytes, startup_stm32f767xx.o(.text))
<BR>[Address Reference Count : 1]<UL><LI> startup_stm32f767xx.o(RESET)
</UL>
<P><STRONG><a name="[7d]"></a>CAN3_RX0_IRQHandler</STRONG> (Thumb, 0 bytes, Stack size 0 bytes, startup_stm32f767xx.o(.text))
<BR>[Address Reference Count : 1]<UL><LI> startup_stm32f767xx.o(RESET)
</UL>
<P><STRONG><a name="[7e]"></a>CAN3_RX1_IRQHandler</STRONG> (Thumb, 0 bytes, Stack size 0 bytes, startup_stm32f767xx.o(.text))
<BR>[Address Reference Count : 1]<UL><LI> startup_stm32f767xx.o(RESET)
</UL>
<P><STRONG><a name="[7f]"></a>CAN3_SCE_IRQHandler</STRONG> (Thumb, 0 bytes, Stack size 0 bytes, startup_stm32f767xx.o(.text))
<BR>[Address Reference Count : 1]<UL><LI> startup_stm32f767xx.o(RESET)
</UL>
<P><STRONG><a name="[7c]"></a>CAN3_TX_IRQHandler</STRONG> (Thumb, 0 bytes, Stack size 0 bytes, startup_stm32f767xx.o(.text))
<BR>[Address Reference Count : 1]<UL><LI> startup_stm32f767xx.o(RESET)
</UL>
<P><STRONG><a name="[73]"></a>CEC_IRQHandler</STRONG> (Thumb, 0 bytes, Stack size 0 bytes, startup_stm32f767xx.o(.text))
<BR>[Address Reference Count : 1]<UL><LI> startup_stm32f767xx.o(RESET)
</UL>
<P><STRONG><a name="[64]"></a>DCMI_IRQHandler</STRONG> (Thumb, 0 bytes, Stack size 0 bytes, startup_stm32f767xx.o(.text))
<BR>[Address Reference Count : 1]<UL><LI> startup_stm32f767xx.o(RESET)
</UL>
<P><STRONG><a name="[77]"></a>DFSDM1_FLT0_IRQHandler</STRONG> (Thumb, 0 bytes, Stack size 0 bytes, startup_stm32f767xx.o(.text))
<BR>[Address Reference Count : 1]<UL><LI> startup_stm32f767xx.o(RESET)
</UL>
<P><STRONG><a name="[78]"></a>DFSDM1_FLT1_IRQHandler</STRONG> (Thumb, 0 bytes, Stack size 0 bytes, startup_stm32f767xx.o(.text))
<BR>[Address Reference Count : 1]<UL><LI> startup_stm32f767xx.o(RESET)
</UL>
<P><STRONG><a name="[79]"></a>DFSDM1_FLT2_IRQHandler</STRONG> (Thumb, 0 bytes, Stack size 0 bytes, startup_stm32f767xx.o(.text))
<BR>[Address Reference Count : 1]<UL><LI> startup_stm32f767xx.o(RESET)
</UL>
<P><STRONG><a name="[7a]"></a>DFSDM1_FLT3_IRQHandler</STRONG> (Thumb, 0 bytes, Stack size 0 bytes, startup_stm32f767xx.o(.text))
<BR>[Address Reference Count : 1]<UL><LI> startup_stm32f767xx.o(RESET)
</UL>
<P><STRONG><a name="[21]"></a>DMA1_Stream0_IRQHandler</STRONG> (Thumb, 0 bytes, Stack size 0 bytes, startup_stm32f767xx.o(.text))
<BR>[Address Reference Count : 1]<UL><LI> startup_stm32f767xx.o(RESET)
</UL>
<P><STRONG><a name="[22]"></a>DMA1_Stream1_IRQHandler</STRONG> (Thumb, 0 bytes, Stack size 0 bytes, startup_stm32f767xx.o(.text))
<BR>[Address Reference Count : 1]<UL><LI> startup_stm32f767xx.o(RESET)
</UL>
<P><STRONG><a name="[23]"></a>DMA1_Stream2_IRQHandler</STRONG> (Thumb, 0 bytes, Stack size 0 bytes, startup_stm32f767xx.o(.text))
<BR>[Address Reference Count : 1]<UL><LI> startup_stm32f767xx.o(RESET)
</UL>
<P><STRONG><a name="[24]"></a>DMA1_Stream3_IRQHandler</STRONG> (Thumb, 0 bytes, Stack size 0 bytes, startup_stm32f767xx.o(.text))
<BR>[Address Reference Count : 1]<UL><LI> startup_stm32f767xx.o(RESET)
</UL>
<P><STRONG><a name="[25]"></a>DMA1_Stream4_IRQHandler</STRONG> (Thumb, 0 bytes, Stack size 0 bytes, startup_stm32f767xx.o(.text))
<BR>[Address Reference Count : 1]<UL><LI> startup_stm32f767xx.o(RESET)
</UL>
<P><STRONG><a name="[26]"></a>DMA1_Stream5_IRQHandler</STRONG> (Thumb, 0 bytes, Stack size 0 bytes, startup_stm32f767xx.o(.text))
<BR>[Address Reference Count : 1]<UL><LI> startup_stm32f767xx.o(RESET)
</UL>
<P><STRONG><a name="[27]"></a>DMA1_Stream6_IRQHandler</STRONG> (Thumb, 0 bytes, Stack size 0 bytes, startup_stm32f767xx.o(.text))
<BR>[Address Reference Count : 1]<UL><LI> startup_stm32f767xx.o(RESET)
</UL>
<P><STRONG><a name="[45]"></a>DMA1_Stream7_IRQHandler</STRONG> (Thumb, 0 bytes, Stack size 0 bytes, startup_stm32f767xx.o(.text))
<BR>[Address Reference Count : 1]<UL><LI> startup_stm32f767xx.o(RESET)
</UL>
<P><STRONG><a name="[6f]"></a>DMA2D_IRQHandler</STRONG> (Thumb, 0 bytes, Stack size 0 bytes, startup_stm32f767xx.o(.text))
<BR>[Address Reference Count : 1]<UL><LI> startup_stm32f767xx.o(RESET)
</UL>
<P><STRONG><a name="[4e]"></a>DMA2_Stream0_IRQHandler</STRONG> (Thumb, 0 bytes, Stack size 0 bytes, startup_stm32f767xx.o(.text))
<BR>[Address Reference Count : 1]<UL><LI> startup_stm32f767xx.o(RESET)
</UL>
<P><STRONG><a name="[4f]"></a>DMA2_Stream1_IRQHandler</STRONG> (Thumb, 0 bytes, Stack size 0 bytes, startup_stm32f767xx.o(.text))
<BR>[Address Reference Count : 1]<UL><LI> startup_stm32f767xx.o(RESET)
</UL>
<P><STRONG><a name="[50]"></a>DMA2_Stream2_IRQHandler</STRONG> (Thumb, 0 bytes, Stack size 0 bytes, startup_stm32f767xx.o(.text))
<BR>[Address Reference Count : 1]<UL><LI> startup_stm32f767xx.o(RESET)
</UL>
<P><STRONG><a name="[51]"></a>DMA2_Stream3_IRQHandler</STRONG> (Thumb, 0 bytes, Stack size 0 bytes, startup_stm32f767xx.o(.text))
<BR>[Address Reference Count : 1]<UL><LI> startup_stm32f767xx.o(RESET)
</UL>
<P><STRONG><a name="[52]"></a>DMA2_Stream4_IRQHandler</STRONG> (Thumb, 0 bytes, Stack size 0 bytes, startup_stm32f767xx.o(.text))
<BR>[Address Reference Count : 1]<UL><LI> startup_stm32f767xx.o(RESET)
</UL>
<P><STRONG><a name="[5a]"></a>DMA2_Stream5_IRQHandler</STRONG> (Thumb, 0 bytes, Stack size 0 bytes, startup_stm32f767xx.o(.text))
<BR>[Address Reference Count : 1]<UL><LI> startup_stm32f767xx.o(RESET)
</UL>
<P><STRONG><a name="[5b]"></a>DMA2_Stream6_IRQHandler</STRONG> (Thumb, 0 bytes, Stack size 0 bytes, startup_stm32f767xx.o(.text))
<BR>[Address Reference Count : 1]<UL><LI> startup_stm32f767xx.o(RESET)
</UL>
<P><STRONG><a name="[5c]"></a>DMA2_Stream7_IRQHandler</STRONG> (Thumb, 0 bytes, Stack size 0 bytes, startup_stm32f767xx.o(.text))
<BR>[Address Reference Count : 1]<UL><LI> startup_stm32f767xx.o(RESET)
</UL>
<P><STRONG><a name="[53]"></a>ETH_IRQHandler</STRONG> (Thumb, 0 bytes, Stack size 0 bytes, startup_stm32f767xx.o(.text))
<BR>[Address Reference Count : 1]<UL><LI> startup_stm32f767xx.o(RESET)
</UL>
<P><STRONG><a name="[54]"></a>ETH_WKUP_IRQHandler</STRONG> (Thumb, 0 bytes, Stack size 0 bytes, startup_stm32f767xx.o(.text))
<BR>[Address Reference Count : 1]<UL><LI> startup_stm32f767xx.o(RESET)
</UL>
<P><STRONG><a name="[1c]"></a>EXTI0_IRQHandler</STRONG> (Thumb, 0 bytes, Stack size 0 bytes, startup_stm32f767xx.o(.text))
<BR>[Address Reference Count : 1]<UL><LI> startup_stm32f767xx.o(RESET)
</UL>
<P><STRONG><a name="[3e]"></a>EXTI15_10_IRQHandler</STRONG> (Thumb, 0 bytes, Stack size 0 bytes, startup_stm32f767xx.o(.text))
<BR>[Address Reference Count : 1]<UL><LI> startup_stm32f767xx.o(RESET)
</UL>
<P><STRONG><a name="[1d]"></a>EXTI1_IRQHandler</STRONG> (Thumb, 0 bytes, Stack size 0 bytes, startup_stm32f767xx.o(.text))
<BR>[Address Reference Count : 1]<UL><LI> startup_stm32f767xx.o(RESET)
</UL>
<P><STRONG><a name="[1e]"></a>EXTI2_IRQHandler</STRONG> (Thumb, 0 bytes, Stack size 0 bytes, startup_stm32f767xx.o(.text))
<BR>[Address Reference Count : 1]<UL><LI> startup_stm32f767xx.o(RESET)
</UL>
<P><STRONG><a name="[20]"></a>EXTI4_IRQHandler</STRONG> (Thumb, 0 bytes, Stack size 0 bytes, startup_stm32f767xx.o(.text))
<BR>[Address Reference Count : 1]<UL><LI> startup_stm32f767xx.o(RESET)
</UL>
<P><STRONG><a name="[2d]"></a>EXTI9_5_IRQHandler</STRONG> (Thumb, 0 bytes, Stack size 0 bytes, startup_stm32f767xx.o(.text))
<BR>[Address Reference Count : 1]<UL><LI> startup_stm32f767xx.o(RESET)
</UL>
<P><STRONG><a name="[1a]"></a>FLASH_IRQHandler</STRONG> (Thumb, 0 bytes, Stack size 0 bytes, startup_stm32f767xx.o(.text))
<BR>[Address Reference Count : 1]<UL><LI> startup_stm32f767xx.o(RESET)
</UL>
<P><STRONG><a name="[46]"></a>FMC_IRQHandler</STRONG> (Thumb, 0 bytes, Stack size 0 bytes, startup_stm32f767xx.o(.text))
<BR>[Address Reference Count : 1]<UL><LI> startup_stm32f767xx.o(RESET)
</UL>
<P><STRONG><a name="[66]"></a>FPU_IRQHandler</STRONG> (Thumb, 0 bytes, Stack size 0 bytes, startup_stm32f767xx.o(.text))
<BR>[Address Reference Count : 1]<UL><LI> startup_stm32f767xx.o(RESET)
</UL>
<P><STRONG><a name="[36]"></a>I2C1_ER_IRQHandler</STRONG> (Thumb, 0 bytes, Stack size 0 bytes, startup_stm32f767xx.o(.text))
<BR>[Address Reference Count : 1]<UL><LI> startup_stm32f767xx.o(RESET)
</UL>
<P><STRONG><a name="[35]"></a>I2C1_EV_IRQHandler</STRONG> (Thumb, 0 bytes, Stack size 0 bytes, startup_stm32f767xx.o(.text))
<BR>[Address Reference Count : 1]<UL><LI> startup_stm32f767xx.o(RESET)
</UL>
<P><STRONG><a name="[38]"></a>I2C2_ER_IRQHandler</STRONG> (Thumb, 0 bytes, Stack size 0 bytes, startup_stm32f767xx.o(.text))
<BR>[Address Reference Count : 1]<UL><LI> startup_stm32f767xx.o(RESET)
</UL>
<P><STRONG><a name="[37]"></a>I2C2_EV_IRQHandler</STRONG> (Thumb, 0 bytes, Stack size 0 bytes, startup_stm32f767xx.o(.text))
<BR>[Address Reference Count : 1]<UL><LI> startup_stm32f767xx.o(RESET)
</UL>
<P><STRONG><a name="[5f]"></a>I2C3_ER_IRQHandler</STRONG> (Thumb, 0 bytes, Stack size 0 bytes, startup_stm32f767xx.o(.text))
<BR>[Address Reference Count : 1]<UL><LI> startup_stm32f767xx.o(RESET)
</UL>
<P><STRONG><a name="[5e]"></a>I2C3_EV_IRQHandler</STRONG> (Thumb, 0 bytes, Stack size 0 bytes, startup_stm32f767xx.o(.text))
<BR>[Address Reference Count : 1]<UL><LI> startup_stm32f767xx.o(RESET)
</UL>
<P><STRONG><a name="[75]"></a>I2C4_ER_IRQHandler</STRONG> (Thumb, 0 bytes, Stack size 0 bytes, startup_stm32f767xx.o(.text))
<BR>[Address Reference Count : 1]<UL><LI> startup_stm32f767xx.o(RESET)
</UL>
<P><STRONG><a name="[74]"></a>I2C4_EV_IRQHandler</STRONG> (Thumb, 0 bytes, Stack size 0 bytes, startup_stm32f767xx.o(.text))
<BR>[Address Reference Count : 1]<UL><LI> startup_stm32f767xx.o(RESET)
</UL>
<P><STRONG><a name="[80]"></a>JPEG_IRQHandler</STRONG> (Thumb, 0 bytes, Stack size 0 bytes, startup_stm32f767xx.o(.text))
<BR>[Address Reference Count : 1]<UL><LI> startup_stm32f767xx.o(RESET)
</UL>
<P><STRONG><a name="[72]"></a>LPTIM1_IRQHandler</STRONG> (Thumb, 0 bytes, Stack size 0 bytes, startup_stm32f767xx.o(.text))
<BR>[Address Reference Count : 1]<UL><LI> startup_stm32f767xx.o(RESET)
</UL>
<P><STRONG><a name="[6e]"></a>LTDC_ER_IRQHandler</STRONG> (Thumb, 0 bytes, Stack size 0 bytes, startup_stm32f767xx.o(.text))
<BR>[Address Reference Count : 1]<UL><LI> startup_stm32f767xx.o(RESET)
</UL>
<P><STRONG><a name="[6d]"></a>LTDC_IRQHandler</STRONG> (Thumb, 0 bytes, Stack size 0 bytes, startup_stm32f767xx.o(.text))
<BR>[Address Reference Count : 1]<UL><LI> startup_stm32f767xx.o(RESET)
</UL>
<P><STRONG><a name="[81]"></a>MDIOS_IRQHandler</STRONG> (Thumb, 0 bytes, Stack size 0 bytes, startup_stm32f767xx.o(.text))
<BR>[Address Reference Count : 1]<UL><LI> startup_stm32f767xx.o(RESET)
</UL>
<P><STRONG><a name="[59]"></a>OTG_FS_IRQHandler</STRONG> (Thumb, 0 bytes, Stack size 0 bytes, startup_stm32f767xx.o(.text))
<BR>[Address Reference Count : 1]<UL><LI> startup_stm32f767xx.o(RESET)
</UL>
<P><STRONG><a name="[40]"></a>OTG_FS_WKUP_IRQHandler</STRONG> (Thumb, 0 bytes, Stack size 0 bytes, startup_stm32f767xx.o(.text))
<BR>[Address Reference Count : 1]<UL><LI> startup_stm32f767xx.o(RESET)
</UL>
<P><STRONG><a name="[61]"></a>OTG_HS_EP1_IN_IRQHandler</STRONG> (Thumb, 0 bytes, Stack size 0 bytes, startup_stm32f767xx.o(.text))
<BR>[Address Reference Count : 1]<UL><LI> startup_stm32f767xx.o(RESET)
</UL>
<P><STRONG><a name="[60]"></a>OTG_HS_EP1_OUT_IRQHandler</STRONG> (Thumb, 0 bytes, Stack size 0 bytes, startup_stm32f767xx.o(.text))
<BR>[Address Reference Count : 1]<UL><LI> startup_stm32f767xx.o(RESET)
</UL>
<P><STRONG><a name="[63]"></a>OTG_HS_IRQHandler</STRONG> (Thumb, 0 bytes, Stack size 0 bytes, startup_stm32f767xx.o(.text))
<BR>[Address Reference Count : 1]<UL><LI> startup_stm32f767xx.o(RESET)
</UL>
<P><STRONG><a name="[62]"></a>OTG_HS_WKUP_IRQHandler</STRONG> (Thumb, 0 bytes, Stack size 0 bytes, startup_stm32f767xx.o(.text))
<BR>[Address Reference Count : 1]<UL><LI> startup_stm32f767xx.o(RESET)
</UL>
<P><STRONG><a name="[17]"></a>PVD_IRQHandler</STRONG> (Thumb, 0 bytes, Stack size 0 bytes, startup_stm32f767xx.o(.text))
<BR>[Address Reference Count : 1]<UL><LI> startup_stm32f767xx.o(RESET)
</UL>
<P><STRONG><a name="[71]"></a>QUADSPI_IRQHandler</STRONG> (Thumb, 0 bytes, Stack size 0 bytes, startup_stm32f767xx.o(.text))
<BR>[Address Reference Count : 1]<UL><LI> startup_stm32f767xx.o(RESET)
</UL>
<P><STRONG><a name="[1b]"></a>RCC_IRQHandler</STRONG> (Thumb, 0 bytes, Stack size 0 bytes, startup_stm32f767xx.o(.text))
<BR>[Address Reference Count : 1]<UL><LI> startup_stm32f767xx.o(RESET)
</UL>
<P><STRONG><a name="[65]"></a>RNG_IRQHandler</STRONG> (Thumb, 0 bytes, Stack size 0 bytes, startup_stm32f767xx.o(.text))
<BR>[Address Reference Count : 1]<UL><LI> startup_stm32f767xx.o(RESET)
</UL>
<P><STRONG><a name="[3f]"></a>RTC_Alarm_IRQHandler</STRONG> (Thumb, 0 bytes, Stack size 0 bytes, startup_stm32f767xx.o(.text))
<BR>[Address Reference Count : 1]<UL><LI> startup_stm32f767xx.o(RESET)
</UL>
<P><STRONG><a name="[19]"></a>RTC_WKUP_IRQHandler</STRONG> (Thumb, 0 bytes, Stack size 0 bytes, startup_stm32f767xx.o(.text))
<BR>[Address Reference Count : 1]<UL><LI> startup_stm32f767xx.o(RESET)
</UL>
<P><STRONG><a name="[6c]"></a>SAI1_IRQHandler</STRONG> (Thumb, 0 bytes, Stack size 0 bytes, startup_stm32f767xx.o(.text))
<BR>[Address Reference Count : 1]<UL><LI> startup_stm32f767xx.o(RESET)
</UL>
<P><STRONG><a name="[70]"></a>SAI2_IRQHandler</STRONG> (Thumb, 0 bytes, Stack size 0 bytes, startup_stm32f767xx.o(.text))
<BR>[Address Reference Count : 1]<UL><LI> startup_stm32f767xx.o(RESET)
</UL>
<P><STRONG><a name="[47]"></a>SDMMC1_IRQHandler</STRONG> (Thumb, 0 bytes, Stack size 0 bytes, startup_stm32f767xx.o(.text))
<BR>[Address Reference Count : 1]<UL><LI> startup_stm32f767xx.o(RESET)
</UL>
<P><STRONG><a name="[7b]"></a>SDMMC2_IRQHandler</STRONG> (Thumb, 0 bytes, Stack size 0 bytes, startup_stm32f767xx.o(.text))
<BR>[Address Reference Count : 1]<UL><LI> startup_stm32f767xx.o(RESET)
</UL>
<P><STRONG><a name="[76]"></a>SPDIF_RX_IRQHandler</STRONG> (Thumb, 0 bytes, Stack size 0 bytes, startup_stm32f767xx.o(.text))
<BR>[Address Reference Count : 1]<UL><LI> startup_stm32f767xx.o(RESET)
</UL>
<P><STRONG><a name="[39]"></a>SPI1_IRQHandler</STRONG> (Thumb, 0 bytes, Stack size 0 bytes, startup_stm32f767xx.o(.text))
<BR>[Address Reference Count : 1]<UL><LI> startup_stm32f767xx.o(RESET)
</UL>
<P><STRONG><a name="[3a]"></a>SPI2_IRQHandler</STRONG> (Thumb, 0 bytes, Stack size 0 bytes, startup_stm32f767xx.o(.text))
<BR>[Address Reference Count : 1]<UL><LI> startup_stm32f767xx.o(RESET)
</UL>
<P><STRONG><a name="[49]"></a>SPI3_IRQHandler</STRONG> (Thumb, 0 bytes, Stack size 0 bytes, startup_stm32f767xx.o(.text))
<BR>[Address Reference Count : 1]<UL><LI> startup_stm32f767xx.o(RESET)
</UL>
<P><STRONG><a name="[69]"></a>SPI4_IRQHandler</STRONG> (Thumb, 0 bytes, Stack size 0 bytes, startup_stm32f767xx.o(.text))
<BR>[Address Reference Count : 1]<UL><LI> startup_stm32f767xx.o(RESET)
</UL>
<P><STRONG><a name="[6a]"></a>SPI5_IRQHandler</STRONG> (Thumb, 0 bytes, Stack size 0 bytes, startup_stm32f767xx.o(.text))
<BR>[Address Reference Count : 1]<UL><LI> startup_stm32f767xx.o(RESET)
</UL>
<P><STRONG><a name="[6b]"></a>SPI6_IRQHandler</STRONG> (Thumb, 0 bytes, Stack size 0 bytes, startup_stm32f767xx.o(.text))
<BR>[Address Reference Count : 1]<UL><LI> startup_stm32f767xx.o(RESET)
</UL>
<P><STRONG><a name="[18]"></a>TAMP_STAMP_IRQHandler</STRONG> (Thumb, 0 bytes, Stack size 0 bytes, startup_stm32f767xx.o(.text))
<BR>[Address Reference Count : 1]<UL><LI> startup_stm32f767xx.o(RESET)
</UL>
<P><STRONG><a name="[2e]"></a>TIM1_BRK_TIM9_IRQHandler</STRONG> (Thumb, 0 bytes, Stack size 0 bytes, startup_stm32f767xx.o(.text))
<BR>[Address Reference Count : 1]<UL><LI> startup_stm32f767xx.o(RESET)
</UL>
<P><STRONG><a name="[31]"></a>TIM1_CC_IRQHandler</STRONG> (Thumb, 0 bytes, Stack size 0 bytes, startup_stm32f767xx.o(.text))
<BR>[Address Reference Count : 1]<UL><LI> startup_stm32f767xx.o(RESET)
</UL>
<P><STRONG><a name="[30]"></a>TIM1_TRG_COM_TIM11_IRQHandler</STRONG> (Thumb, 0 bytes, Stack size 0 bytes, startup_stm32f767xx.o(.text))
<BR>[Address Reference Count : 1]<UL><LI> startup_stm32f767xx.o(RESET)
</UL>
<P><STRONG><a name="[2f]"></a>TIM1_UP_TIM10_IRQHandler</STRONG> (Thumb, 0 bytes, Stack size 0 bytes, startup_stm32f767xx.o(.text))
<BR>[Address Reference Count : 1]<UL><LI> startup_stm32f767xx.o(RESET)
</UL>
<P><STRONG><a name="[32]"></a>TIM2_IRQHandler</STRONG> (Thumb, 0 bytes, Stack size 0 bytes, startup_stm32f767xx.o(.text))
<BR>[Address Reference Count : 1]<UL><LI> startup_stm32f767xx.o(RESET)
</UL>
<P><STRONG><a name="[33]"></a>TIM3_IRQHandler</STRONG> (Thumb, 0 bytes, Stack size 0 bytes, startup_stm32f767xx.o(.text))
<BR>[Address Reference Count : 1]<UL><LI> startup_stm32f767xx.o(RESET)
</UL>
<P><STRONG><a name="[34]"></a>TIM4_IRQHandler</STRONG> (Thumb, 0 bytes, Stack size 0 bytes, startup_stm32f767xx.o(.text))
<BR>[Address Reference Count : 1]<UL><LI> startup_stm32f767xx.o(RESET)
</UL>
<P><STRONG><a name="[48]"></a>TIM5_IRQHandler</STRONG> (Thumb, 0 bytes, Stack size 0 bytes, startup_stm32f767xx.o(.text))
<BR>[Address Reference Count : 1]<UL><LI> startup_stm32f767xx.o(RESET)
</UL>
<P><STRONG><a name="[4c]"></a>TIM6_DAC_IRQHandler</STRONG> (Thumb, 0 bytes, Stack size 0 bytes, startup_stm32f767xx.o(.text))
<BR>[Address Reference Count : 1]<UL><LI> startup_stm32f767xx.o(RESET)
</UL>
<P><STRONG><a name="[4d]"></a>TIM7_IRQHandler</STRONG> (Thumb, 0 bytes, Stack size 0 bytes, startup_stm32f767xx.o(.text))
<BR>[Address Reference Count : 1]<UL><LI> startup_stm32f767xx.o(RESET)
</UL>
<P><STRONG><a name="[41]"></a>TIM8_BRK_TIM12_IRQHandler</STRONG> (Thumb, 0 bytes, Stack size 0 bytes, startup_stm32f767xx.o(.text))
<BR>[Address Reference Count : 1]<UL><LI> startup_stm32f767xx.o(RESET)
</UL>
<P><STRONG><a name="[44]"></a>TIM8_CC_IRQHandler</STRONG> (Thumb, 0 bytes, Stack size 0 bytes, startup_stm32f767xx.o(.text))
<BR>[Address Reference Count : 1]<UL><LI> startup_stm32f767xx.o(RESET)
</UL>
<P><STRONG><a name="[43]"></a>TIM8_TRG_COM_TIM14_IRQHandler</STRONG> (Thumb, 0 bytes, Stack size 0 bytes, startup_stm32f767xx.o(.text))
<BR>[Address Reference Count : 1]<UL><LI> startup_stm32f767xx.o(RESET)
</UL>
<P><STRONG><a name="[42]"></a>TIM8_UP_TIM13_IRQHandler</STRONG> (Thumb, 0 bytes, Stack size 0 bytes, startup_stm32f767xx.o(.text))
<BR>[Address Reference Count : 1]<UL><LI> startup_stm32f767xx.o(RESET)
</UL>
<P><STRONG><a name="[4a]"></a>UART4_IRQHandler</STRONG> (Thumb, 0 bytes, Stack size 0 bytes, startup_stm32f767xx.o(.text))
<BR>[Address Reference Count : 1]<UL><LI> startup_stm32f767xx.o(RESET)
</UL>
<P><STRONG><a name="[4b]"></a>UART5_IRQHandler</STRONG> (Thumb, 0 bytes, Stack size 0 bytes, startup_stm32f767xx.o(.text))
<BR>[Address Reference Count : 1]<UL><LI> startup_stm32f767xx.o(RESET)
</UL>
<P><STRONG><a name="[67]"></a>UART7_IRQHandler</STRONG> (Thumb, 0 bytes, Stack size 0 bytes, startup_stm32f767xx.o(.text))
<BR>[Address Reference Count : 1]<UL><LI> startup_stm32f767xx.o(RESET)
</UL>
<P><STRONG><a name="[68]"></a>UART8_IRQHandler</STRONG> (Thumb, 0 bytes, Stack size 0 bytes, startup_stm32f767xx.o(.text))
<BR>[Address Reference Count : 1]<UL><LI> startup_stm32f767xx.o(RESET)
</UL>
<P><STRONG><a name="[3c]"></a>USART2_IRQHandler</STRONG> (Thumb, 0 bytes, Stack size 0 bytes, startup_stm32f767xx.o(.text))
<BR>[Address Reference Count : 1]<UL><LI> startup_stm32f767xx.o(RESET)
</UL>
<P><STRONG><a name="[3d]"></a>USART3_IRQHandler</STRONG> (Thumb, 0 bytes, Stack size 0 bytes, startup_stm32f767xx.o(.text))
<BR>[Address Reference Count : 1]<UL><LI> startup_stm32f767xx.o(RESET)
</UL>
<P><STRONG><a name="[5d]"></a>USART6_IRQHandler</STRONG> (Thumb, 0 bytes, Stack size 0 bytes, startup_stm32f767xx.o(.text))
<BR>[Address Reference Count : 1]<UL><LI> startup_stm32f767xx.o(RESET)
</UL>
<P><STRONG><a name="[16]"></a>WWDG_IRQHandler</STRONG> (Thumb, 0 bytes, Stack size 0 bytes, startup_stm32f767xx.o(.text))
<BR>[Address Reference Count : 1]<UL><LI> startup_stm32f767xx.o(RESET)
</UL>
<P><STRONG><a name="[b8]"></a>__user_initial_stackheap</STRONG> (Thumb, 0 bytes, Stack size unknown bytes, startup_stm32f767xx.o(.text))
<BR><BR>[Called By]<UL><LI><a href="#[a9]">&gt;&gt;</a>&nbsp;&nbsp;&nbsp;__user_setup_stackheap
</UL>

<P><STRONG><a name="[134]"></a>__aeabi_uldivmod</STRONG> (Thumb, 0 bytes, Stack size 48 bytes, lludivv7m.o(.text))
<BR><BR>[Stack]<UL><LI>Max Depth = 48<LI>Call Chain = __aeabi_uldivmod
</UL>
<BR>[Called By]<UL><LI><a href="#[130]">&gt;&gt;</a>&nbsp;&nbsp;&nbsp;HAL_RCC_GetSysClockFreq
</UL>

<P><STRONG><a name="[1ef]"></a>_ll_udiv</STRONG> (Thumb, 240 bytes, Stack size 48 bytes, lludivv7m.o(.text), UNUSED)

<P><STRONG><a name="[150]"></a>__aeabi_memcpy</STRONG> (Thumb, 0 bytes, Stack size 0 bytes, rt_memcpy_v6.o(.text))
<BR><BR>[Called By]<UL><LI><a href="#[19a]">&gt;&gt;</a>&nbsp;&nbsp;&nbsp;prvCopyDataFromQueue
<LI><a href="#[19b]">&gt;&gt;</a>&nbsp;&nbsp;&nbsp;prvCopyDataToQueue
<LI><a href="#[153]">&gt;&gt;</a>&nbsp;&nbsp;&nbsp;LibCanIL_TransmitMsg
<LI><a href="#[14f]">&gt;&gt;</a>&nbsp;&nbsp;&nbsp;LibCanIL_ServiceEvMessageInd
<LI><a href="#[f8]">&gt;&gt;</a>&nbsp;&nbsp;&nbsp;LibMcan_IoCtl
<LI><a href="#[d8]">&gt;&gt;</a>&nbsp;&nbsp;&nbsp;LibFifoQueue_Push
</UL>

<P><STRONG><a name="[b3]"></a>__rt_memcpy</STRONG> (Thumb, 138 bytes, Stack size 0 bytes, rt_memcpy_v6.o(.text), UNUSED)
<BR><BR>[Calls]<UL><LI><a href="#[b4]">&gt;&gt;</a>&nbsp;&nbsp;&nbsp;__aeabi_memcpy4
</UL>

<P><STRONG><a name="[1f0]"></a>_memcpy_lastbytes</STRONG> (Thumb, 0 bytes, Stack size unknown bytes, rt_memcpy_v6.o(.text), UNUSED)

<P><STRONG><a name="[b5]"></a>__aeabi_memset4</STRONG> (Thumb, 16 bytes, Stack size 0 bytes, aeabi_memset4.o(.text))
<BR><BR>[Stack]<UL><LI>Max Depth = 4<LI>Call Chain = __aeabi_memset4 &rArr; _memset_w
</UL>
<BR>[Calls]<UL><LI><a href="#[b6]">&gt;&gt;</a>&nbsp;&nbsp;&nbsp;_memset_w
</UL>
<BR>[Called By]<UL><LI><a href="#[1a1]">&gt;&gt;</a>&nbsp;&nbsp;&nbsp;prvInitialiseNewTask
</UL>

<P><STRONG><a name="[1f1]"></a>__aeabi_memset8</STRONG> (Thumb, 0 bytes, Stack size 0 bytes, aeabi_memset4.o(.text), UNUSED)

<P><STRONG><a name="[13a]"></a>__aeabi_memclr4</STRONG> (Thumb, 0 bytes, Stack size unknown bytes, rt_memclr_w.o(.text))
<BR><BR>[Called By]<UL><LI><a href="#[146]">&gt;&gt;</a>&nbsp;&nbsp;&nbsp;HAL_UART_MspInit
<LI><a href="#[137]">&gt;&gt;</a>&nbsp;&nbsp;&nbsp;HAL_RTC_MspInit
<LI><a href="#[170]">&gt;&gt;</a>&nbsp;&nbsp;&nbsp;SystemClock_Config
</UL>

<P><STRONG><a name="[1f2]"></a>__aeabi_memclr8</STRONG> (Thumb, 0 bytes, Stack size unknown bytes, rt_memclr_w.o(.text), UNUSED)

<P><STRONG><a name="[1f3]"></a>__rt_memclr_w</STRONG> (Thumb, 0 bytes, Stack size unknown bytes, rt_memclr_w.o(.text), UNUSED)

<P><STRONG><a name="[b6]"></a>_memset_w</STRONG> (Thumb, 74 bytes, Stack size 4 bytes, rt_memclr_w.o(.text))
<BR><BR>[Stack]<UL><LI>Max Depth = 4<LI>Call Chain = _memset_w
</UL>
<BR>[Called By]<UL><LI><a href="#[b5]">&gt;&gt;</a>&nbsp;&nbsp;&nbsp;__aeabi_memset4
</UL>

<P><STRONG><a name="[1f4]"></a>__use_two_region_memory</STRONG> (Thumb, 2 bytes, Stack size 0 bytes, heapauxi.o(.text), UNUSED)

<P><STRONG><a name="[1f5]"></a>__rt_heap_escrow$2region</STRONG> (Thumb, 2 bytes, Stack size 0 bytes, heapauxi.o(.text), UNUSED)

<P><STRONG><a name="[1f6]"></a>__rt_heap_expand$2region</STRONG> (Thumb, 2 bytes, Stack size 0 bytes, heapauxi.o(.text), UNUSED)

<P><STRONG><a name="[b4]"></a>__aeabi_memcpy4</STRONG> (Thumb, 0 bytes, Stack size 8 bytes, rt_memcpy_w.o(.text), UNUSED)
<BR><BR>[Called By]<UL><LI><a href="#[b3]">&gt;&gt;</a>&nbsp;&nbsp;&nbsp;__rt_memcpy
</UL>

<P><STRONG><a name="[1f7]"></a>__aeabi_memcpy8</STRONG> (Thumb, 0 bytes, Stack size 8 bytes, rt_memcpy_w.o(.text), UNUSED)

<P><STRONG><a name="[1f8]"></a>__rt_memcpy_w</STRONG> (Thumb, 100 bytes, Stack size 8 bytes, rt_memcpy_w.o(.text), UNUSED)

<P><STRONG><a name="[1f9]"></a>_memcpy_lastbytes_aligned</STRONG> (Thumb, 0 bytes, Stack size unknown bytes, rt_memcpy_w.o(.text), UNUSED)

<P><STRONG><a name="[a9]"></a>__user_setup_stackheap</STRONG> (Thumb, 74 bytes, Stack size 8 bytes, sys_stackheap_outer.o(.text))
<BR><BR>[Stack]<UL><LI>Max Depth = 8 + Unknown Stack Size
<LI>Call Chain = __user_setup_stackheap
</UL>
<BR>[Calls]<UL><LI><a href="#[b8]">&gt;&gt;</a>&nbsp;&nbsp;&nbsp;__user_initial_stackheap
<LI><a href="#[b7]">&gt;&gt;</a>&nbsp;&nbsp;&nbsp;__user_perproc_libspace
</UL>
<BR>[Called By]<UL><LI><a href="#[a8]">&gt;&gt;</a>&nbsp;&nbsp;&nbsp;__rt_entry_sh
</UL>

<P><STRONG><a name="[ae]"></a>exit</STRONG> (Thumb, 18 bytes, Stack size 8 bytes, exit.o(.text))
<BR><BR>[Stack]<UL><LI>Max Depth = 8 + Unknown Stack Size
<LI>Call Chain = exit
</UL>
<BR>[Calls]<UL><LI><a href="#[b9]">&gt;&gt;</a>&nbsp;&nbsp;&nbsp;__rt_exit
</UL>
<BR>[Called By]<UL><LI><a href="#[ac]">&gt;&gt;</a>&nbsp;&nbsp;&nbsp;__rt_entry_main
</UL>

<P><STRONG><a name="[1fa]"></a>__user_libspace</STRONG> (Thumb, 8 bytes, Stack size 0 bytes, libspace.o(.text), UNUSED)

<P><STRONG><a name="[b7]"></a>__user_perproc_libspace</STRONG> (Thumb, 0 bytes, Stack size 0 bytes, libspace.o(.text))
<BR><BR>[Called By]<UL><LI><a href="#[a9]">&gt;&gt;</a>&nbsp;&nbsp;&nbsp;__user_setup_stackheap
</UL>

<P><STRONG><a name="[1fb]"></a>__user_perthread_libspace</STRONG> (Thumb, 0 bytes, Stack size 0 bytes, libspace.o(.text), UNUSED)

<P><STRONG><a name="[b2]"></a>_sys_exit</STRONG> (Thumb, 8 bytes, Stack size 0 bytes, sys_exit.o(.text))
<BR><BR>[Called By]<UL><LI><a href="#[b1]">&gt;&gt;</a>&nbsp;&nbsp;&nbsp;__rt_exit_exit
</UL>

<P><STRONG><a name="[1fc]"></a>__I$use$semihosting</STRONG> (Thumb, 0 bytes, Stack size 0 bytes, use_no_semi.o(.text), UNUSED)

<P><STRONG><a name="[1fd]"></a>__use_no_semihosting_swi</STRONG> (Thumb, 2 bytes, Stack size 0 bytes, use_no_semi.o(.text), UNUSED)

<P><STRONG><a name="[1fe]"></a>__semihosting_library_function</STRONG> (Thumb, 0 bytes, Stack size unknown bytes, indicate_semi.o(.text), UNUSED)

<P><STRONG><a name="[10]"></a>BusFault_Handler</STRONG> (Thumb, 4 bytes, Stack size 0 bytes, stm32f7xx_it.o(.text.BusFault_Handler))
<BR>[Address Reference Count : 1]<UL><LI> startup_stm32f767xx.o(RESET)
</UL>
<P><STRONG><a name="[2a]"></a>CAN1_RX0_IRQHandler</STRONG> (Thumb, 16 bytes, Stack size 8 bytes, stm32f7xx_it.o(.text.CAN1_RX0_IRQHandler))
<BR><BR>[Stack]<UL><LI>Max Depth = 192<LI>Call Chain = CAN1_RX0_IRQHandler &rArr; HAL_CAN_IRQHandler &rArr; HAL_CAN_RxFifo0MsgPendingCallback &rArr; Can_MsgReceived &rArr; LibService_SetEvent &rArr; LibServiceHost_Notify
</UL>
<BR>[Calls]<UL><LI><a href="#[ba]">&gt;&gt;</a>&nbsp;&nbsp;&nbsp;HAL_CAN_IRQHandler
</UL>
<BR>[Address Reference Count : 1]<UL><LI> startup_stm32f767xx.o(RESET)
</UL>
<P><STRONG><a name="[2b]"></a>CAN1_RX1_IRQHandler</STRONG> (Thumb, 16 bytes, Stack size 8 bytes, stm32f7xx_it.o(.text.CAN1_RX1_IRQHandler))
<BR><BR>[Stack]<UL><LI>Max Depth = 192<LI>Call Chain = CAN1_RX1_IRQHandler &rArr; HAL_CAN_IRQHandler &rArr; HAL_CAN_RxFifo0MsgPendingCallback &rArr; Can_MsgReceived &rArr; LibService_SetEvent &rArr; LibServiceHost_Notify
</UL>
<BR>[Calls]<UL><LI><a href="#[ba]">&gt;&gt;</a>&nbsp;&nbsp;&nbsp;HAL_CAN_IRQHandler
</UL>
<BR>[Address Reference Count : 1]<UL><LI> startup_stm32f767xx.o(RESET)
</UL>
<P><STRONG><a name="[2c]"></a>CAN1_SCE_IRQHandler</STRONG> (Thumb, 16 bytes, Stack size 8 bytes, stm32f7xx_it.o(.text.CAN1_SCE_IRQHandler))
<BR><BR>[Stack]<UL><LI>Max Depth = 192<LI>Call Chain = CAN1_SCE_IRQHandler &rArr; HAL_CAN_IRQHandler &rArr; HAL_CAN_RxFifo0MsgPendingCallback &rArr; Can_MsgReceived &rArr; LibService_SetEvent &rArr; LibServiceHost_Notify
</UL>
<BR>[Calls]<UL><LI><a href="#[ba]">&gt;&gt;</a>&nbsp;&nbsp;&nbsp;HAL_CAN_IRQHandler
</UL>
<BR>[Address Reference Count : 1]<UL><LI> startup_stm32f767xx.o(RESET)
</UL>
<P><STRONG><a name="[85]"></a>Callback01</STRONG> (Thumb, 8 bytes, Stack size 4 bytes, freertos.o(.text.Callback01))
<BR><BR>[Stack]<UL><LI>Max Depth = 4<LI>Call Chain = Callback01
</UL>
<BR>[Address Reference Count : 1]<UL><LI> freertos.o(.text.MX_FREERTOS_Init)
</UL>
<P><STRONG><a name="[bb]"></a>Can1IfDrv_Deinit</STRONG> (Thumb, 16 bytes, Stack size 8 bytes, canif.o(.text.Can1IfDrv_Deinit))
<BR><BR>[Stack]<UL><LI>Max Depth = 120<LI>Call Chain = Can1IfDrv_Deinit &rArr; HAL_CAN_DeInit &rArr; HAL_CAN_MspDeInit &rArr; HAL_GPIO_DeInit &rArr; assert_failed
</UL>
<BR>[Calls]<UL><LI><a href="#[bc]">&gt;&gt;</a>&nbsp;&nbsp;&nbsp;HAL_CAN_DeInit
</UL>
<BR>[Called By]<UL><LI><a href="#[b]">&gt;&gt;</a>&nbsp;&nbsp;&nbsp;TASK_CAN_ServiceHndl
<LI><a href="#[c7]">&gt;&gt;</a>&nbsp;&nbsp;&nbsp;Can1_Bus_Off
</UL>

<P><STRONG><a name="[bd]"></a>Can1IfDrv_Init</STRONG> (Thumb, 8 bytes, Stack size 8 bytes, canif.o(.text.Can1IfDrv_Init))
<BR><BR>[Stack]<UL><LI>Max Depth = 184<LI>Call Chain = Can1IfDrv_Init &rArr; MX_CAN1_Init &rArr; HAL_CAN_Init &rArr; HAL_CAN_MspInit &rArr; HAL_GPIO_Init &rArr; assert_failed
</UL>
<BR>[Calls]<UL><LI><a href="#[be]">&gt;&gt;</a>&nbsp;&nbsp;&nbsp;MX_CAN1_Init
</UL>
<BR>[Called By]<UL><LI><a href="#[b]">&gt;&gt;</a>&nbsp;&nbsp;&nbsp;TASK_CAN_ServiceHndl
<LI><a href="#[c7]">&gt;&gt;</a>&nbsp;&nbsp;&nbsp;Can1_Bus_Off
</UL>

<P><STRONG><a name="[bf]"></a>Can1IfDrv_Start</STRONG> (Thumb, 104 bytes, Stack size 24 bytes, canif.o(.text.Can1IfDrv_Start))
<BR><BR>[Stack]<UL><LI>Max Depth = 64<LI>Call Chain = Can1IfDrv_Start &rArr; HAL_CAN_ConfigFilter &rArr; assert_failed
</UL>
<BR>[Calls]<UL><LI><a href="#[c0]">&gt;&gt;</a>&nbsp;&nbsp;&nbsp;HAL_CAN_GetState
<LI><a href="#[c1]">&gt;&gt;</a>&nbsp;&nbsp;&nbsp;HAL_CAN_ActivateNotification
<LI><a href="#[c3]">&gt;&gt;</a>&nbsp;&nbsp;&nbsp;HAL_CAN_Start
<LI><a href="#[c2]">&gt;&gt;</a>&nbsp;&nbsp;&nbsp;HAL_CAN_ConfigFilter
</UL>
<BR>[Called By]<UL><LI><a href="#[f8]">&gt;&gt;</a>&nbsp;&nbsp;&nbsp;LibMcan_IoCtl
<LI><a href="#[c7]">&gt;&gt;</a>&nbsp;&nbsp;&nbsp;Can1_Bus_Off
</UL>

<P><STRONG><a name="[c4]"></a>Can1IfDrv_Stop</STRONG> (Thumb, 60 bytes, Stack size 16 bytes, canif.o(.text.Can1IfDrv_Stop))
<BR><BR>[Stack]<UL><LI>Max Depth = 48<LI>Call Chain = Can1IfDrv_Stop &rArr; HAL_CAN_DeactivateNotification &rArr; assert_failed
</UL>
<BR>[Calls]<UL><LI><a href="#[c0]">&gt;&gt;</a>&nbsp;&nbsp;&nbsp;HAL_CAN_GetState
<LI><a href="#[c5]">&gt;&gt;</a>&nbsp;&nbsp;&nbsp;HAL_CAN_DeactivateNotification
<LI><a href="#[c6]">&gt;&gt;</a>&nbsp;&nbsp;&nbsp;HAL_CAN_Stop
</UL>
<BR>[Called By]<UL><LI><a href="#[f8]">&gt;&gt;</a>&nbsp;&nbsp;&nbsp;LibMcan_IoCtl
</UL>

<P><STRONG><a name="[c7]"></a>Can1_Bus_Off</STRONG> (Thumb, 46 bytes, Stack size 8 bytes, canif.o(.text.Can1_Bus_Off))
<BR><BR>[Stack]<UL><LI>Max Depth = 192<LI>Call Chain = Can1_Bus_Off &rArr; Can1IfDrv_Init &rArr; MX_CAN1_Init &rArr; HAL_CAN_Init &rArr; HAL_CAN_MspInit &rArr; HAL_GPIO_Init &rArr; assert_failed
</UL>
<BR>[Calls]<UL><LI><a href="#[bf]">&gt;&gt;</a>&nbsp;&nbsp;&nbsp;Can1IfDrv_Start
<LI><a href="#[bb]">&gt;&gt;</a>&nbsp;&nbsp;&nbsp;Can1IfDrv_Deinit
<LI><a href="#[bd]">&gt;&gt;</a>&nbsp;&nbsp;&nbsp;Can1IfDrv_Init
</UL>
<BR>[Called By]<UL><LI><a href="#[b]">&gt;&gt;</a>&nbsp;&nbsp;&nbsp;TASK_CAN_ServiceHndl
</UL>

<P><STRONG><a name="[c9]"></a>Can2IfDrv_Deinit</STRONG> (Thumb, 2 bytes, Stack size 0 bytes, canif.o(.text.Can2IfDrv_Deinit))
<BR><BR>[Called By]<UL><LI><a href="#[b]">&gt;&gt;</a>&nbsp;&nbsp;&nbsp;TASK_CAN_ServiceHndl
<LI><a href="#[c8]">&gt;&gt;</a>&nbsp;&nbsp;&nbsp;Can2_Bus_Off
</UL>

<P><STRONG><a name="[ca]"></a>Can2IfDrv_Init</STRONG> (Thumb, 2 bytes, Stack size 0 bytes, canif.o(.text.Can2IfDrv_Init))
<BR><BR>[Called By]<UL><LI><a href="#[b]">&gt;&gt;</a>&nbsp;&nbsp;&nbsp;TASK_CAN_ServiceHndl
<LI><a href="#[c8]">&gt;&gt;</a>&nbsp;&nbsp;&nbsp;Can2_Bus_Off
</UL>

<P><STRONG><a name="[cb]"></a>Can2IfDrv_Start</STRONG> (Thumb, 2 bytes, Stack size 0 bytes, canif.o(.text.Can2IfDrv_Start))
<BR><BR>[Called By]<UL><LI><a href="#[f8]">&gt;&gt;</a>&nbsp;&nbsp;&nbsp;LibMcan_IoCtl
<LI><a href="#[c8]">&gt;&gt;</a>&nbsp;&nbsp;&nbsp;Can2_Bus_Off
</UL>

<P><STRONG><a name="[156]"></a>Can2IfDrv_Stop</STRONG> (Thumb, 2 bytes, Stack size 0 bytes, canif.o(.text.Can2IfDrv_Stop))
<BR><BR>[Called By]<UL><LI><a href="#[f8]">&gt;&gt;</a>&nbsp;&nbsp;&nbsp;LibMcan_IoCtl
</UL>

<P><STRONG><a name="[c8]"></a>Can2_Bus_Off</STRONG> (Thumb, 46 bytes, Stack size 8 bytes, canif.o(.text.Can2_Bus_Off))
<BR><BR>[Stack]<UL><LI>Max Depth = 8<LI>Call Chain = Can2_Bus_Off
</UL>
<BR>[Calls]<UL><LI><a href="#[cb]">&gt;&gt;</a>&nbsp;&nbsp;&nbsp;Can2IfDrv_Start
<LI><a href="#[c9]">&gt;&gt;</a>&nbsp;&nbsp;&nbsp;Can2IfDrv_Deinit
<LI><a href="#[ca]">&gt;&gt;</a>&nbsp;&nbsp;&nbsp;Can2IfDrv_Init
</UL>
<BR>[Called By]<UL><LI><a href="#[b]">&gt;&gt;</a>&nbsp;&nbsp;&nbsp;TASK_CAN_ServiceHndl
</UL>

<P><STRONG><a name="[f1]"></a>CanNMHistory_Load</STRONG> (Thumb, 2 bytes, Stack size 0 bytes, cannmhistory.o(.text.CanNMHistory_Load))
<BR><BR>[Called By]<UL><LI><a href="#[4]">&gt;&gt;</a>&nbsp;&nbsp;&nbsp;CanNm_ServiceHndl
</UL>

<P><STRONG><a name="[cc]"></a>CanNMHistory_Save</STRONG> (Thumb, 30 bytes, Stack size 16 bytes, cannmhistory.o(.text.CanNMHistory_Save))
<BR><BR>[Stack]<UL><LI>Max Depth = 24<LI>Call Chain = CanNMHistory_Save &rArr; LibFifoQueue_GetPopItem
</UL>
<BR>[Calls]<UL><LI><a href="#[cd]">&gt;&gt;</a>&nbsp;&nbsp;&nbsp;LibFifoQueue_GetPopItem
</UL>
<BR>[Called By]<UL><LI><a href="#[4]">&gt;&gt;</a>&nbsp;&nbsp;&nbsp;CanNm_ServiceHndl
</UL>

<P><STRONG><a name="[120]"></a>CanNM_ClearWakeUpReason</STRONG> (Thumb, 30 bytes, Stack size 8 bytes, cannm.o(.text.CanNM_ClearWakeUpReason))
<BR><BR>[Stack]<UL><LI>Max Depth = 8<LI>Call Chain = CanNM_ClearWakeUpReason
</UL>
<BR>[Called By]<UL><LI><a href="#[11f]">&gt;&gt;</a>&nbsp;&nbsp;&nbsp;HAL_GPIO_EXTI_Callback
</UL>

<P><STRONG><a name="[d2]"></a>CanNM_ReleaseNetwork</STRONG> (Thumb, 22 bytes, Stack size 8 bytes, cannm.o(.text.CanNM_ReleaseNetwork))
<BR><BR>[Stack]<UL><LI>Max Depth = 48<LI>Call Chain = CanNM_ReleaseNetwork &rArr; CanNm_DispatchEvent &rArr; LibFsm_DispatchEvent
</UL>
<BR>[Calls]<UL><LI><a href="#[d3]">&gt;&gt;</a>&nbsp;&nbsp;&nbsp;CanNm_DispatchEvent
</UL>
<BR>[Called By]<UL><LI><a href="#[4]">&gt;&gt;</a>&nbsp;&nbsp;&nbsp;CanNm_ServiceHndl
</UL>

<P><STRONG><a name="[d4]"></a>CanNM_RequestNetwork</STRONG> (Thumb, 20 bytes, Stack size 8 bytes, cannm.o(.text.CanNM_RequestNetwork))
<BR><BR>[Stack]<UL><LI>Max Depth = 48<LI>Call Chain = CanNM_RequestNetwork &rArr; CanNm_DispatchEvent &rArr; LibFsm_DispatchEvent
</UL>
<BR>[Calls]<UL><LI><a href="#[d3]">&gt;&gt;</a>&nbsp;&nbsp;&nbsp;CanNm_DispatchEvent
</UL>
<BR>[Called By]<UL><LI><a href="#[9d]">&gt;&gt;</a>&nbsp;&nbsp;&nbsp;CanNm_PrepareSleepSrv
<LI><a href="#[91]">&gt;&gt;</a>&nbsp;&nbsp;&nbsp;CanNm_SleepSrv
<LI><a href="#[4]">&gt;&gt;</a>&nbsp;&nbsp;&nbsp;CanNm_ServiceHndl
</UL>

<P><STRONG><a name="[d5]"></a>CanNM_SetWakeUpReason</STRONG> (Thumb, 50 bytes, Stack size 16 bytes, cannm.o(.text.CanNM_SetWakeUpReason))
<BR><BR>[Stack]<UL><LI>Max Depth = 56<LI>Call Chain = CanNM_SetWakeUpReason &rArr; LibService_SetEvent &rArr; LibServiceHost_Notify
</UL>
<BR>[Calls]<UL><LI><a href="#[d6]">&gt;&gt;</a>&nbsp;&nbsp;&nbsp;LibService_SetEvent
</UL>
<BR>[Called By]<UL><LI><a href="#[11f]">&gt;&gt;</a>&nbsp;&nbsp;&nbsp;HAL_GPIO_EXTI_Callback
</UL>

<P><STRONG><a name="[d7]"></a>CanNmHistory_PushState</STRONG> (Thumb, 74 bytes, Stack size 24 bytes, cannmhistory.o(.text.CanNmHistory_PushState))
<BR><BR>[Stack]<UL><LI>Max Depth = 48<LI>Call Chain = CanNmHistory_PushState &rArr; LibFifoQueue_Push
</UL>
<BR>[Calls]<UL><LI><a href="#[d8]">&gt;&gt;</a>&nbsp;&nbsp;&nbsp;LibFifoQueue_Push
</UL>
<BR>[Called By]<UL><LI><a href="#[9e]">&gt;&gt;</a>&nbsp;&nbsp;&nbsp;CanNm_PrepareSleepEntry
<LI><a href="#[9b]">&gt;&gt;</a>&nbsp;&nbsp;&nbsp;CanNm_ReadySleepEntry
<LI><a href="#[98]">&gt;&gt;</a>&nbsp;&nbsp;&nbsp;CanNm_NormalEntry
<LI><a href="#[95]">&gt;&gt;</a>&nbsp;&nbsp;&nbsp;CanNm_RepeatMsgEntry
<LI><a href="#[92]">&gt;&gt;</a>&nbsp;&nbsp;&nbsp;CanNm_SleepEntry
<LI><a href="#[4]">&gt;&gt;</a>&nbsp;&nbsp;&nbsp;CanNm_ServiceHndl
</UL>

<P><STRONG><a name="[d9]"></a>CanNmMgr_BusSleepEntered</STRONG> (Thumb, 12 bytes, Stack size 8 bytes, cannmmgr.o(.text.CanNmMgr_BusSleepEntered))
<BR><BR>[Stack]<UL><LI>Max Depth = 16<LI>Call Chain = CanNmMgr_BusSleepEntered &rArr; LibSystem_WakeUpRequest
</UL>
<BR>[Calls]<UL><LI><a href="#[da]">&gt;&gt;</a>&nbsp;&nbsp;&nbsp;LibSystem_WakeUpRequest
</UL>
<BR>[Called By]<UL><LI><a href="#[92]">&gt;&gt;</a>&nbsp;&nbsp;&nbsp;CanNm_SleepEntry
</UL>

<P><STRONG><a name="[cf]"></a>CanNmMgr_NetworkModeEntered</STRONG> (Thumb, 12 bytes, Stack size 8 bytes, cannmmgr.o(.text.CanNmMgr_NetworkModeEntered))
<BR><BR>[Stack]<UL><LI>Max Depth = 8<LI>Call Chain = CanNmMgr_NetworkModeEntered
</UL>
<BR>[Calls]<UL><LI><a href="#[dc]">&gt;&gt;</a>&nbsp;&nbsp;&nbsp;LibCanIL_RxStart
<LI><a href="#[db]">&gt;&gt;</a>&nbsp;&nbsp;&nbsp;LibCanIL_TxStart
</UL>
<BR>[Called By]<UL><LI><a href="#[8d]">&gt;&gt;</a>&nbsp;&nbsp;&nbsp;CanNm_TransitionEnterNetwork
<LI><a href="#[ce]">&gt;&gt;</a>&nbsp;&nbsp;&nbsp;CanNM_OpenNmSwitchByJumpsignal
<LI><a href="#[4]">&gt;&gt;</a>&nbsp;&nbsp;&nbsp;CanNm_ServiceHndl
</UL>

<P><STRONG><a name="[dd]"></a>CanNmMgr_PrepareBusSleepEntered</STRONG> (Thumb, 12 bytes, Stack size 8 bytes, cannmmgr.o(.text.CanNmMgr_PrepareBusSleepEntered))
<BR><BR>[Stack]<UL><LI>Max Depth = 20<LI>Call Chain = CanNmMgr_PrepareBusSleepEntered &rArr; LibCanIL_RxStop &rArr; LibFifoQueue_Clear
</UL>
<BR>[Calls]<UL><LI><a href="#[de]">&gt;&gt;</a>&nbsp;&nbsp;&nbsp;LibCanIL_TxDisable
<LI><a href="#[df]">&gt;&gt;</a>&nbsp;&nbsp;&nbsp;LibCanIL_RxStop
</UL>
<BR>[Called By]<UL><LI><a href="#[9e]">&gt;&gt;</a>&nbsp;&nbsp;&nbsp;CanNm_PrepareSleepEntry
</UL>

<P><STRONG><a name="[e0]"></a>CanNmMsgs_BuildNmPDU</STRONG> (Thumb, 54 bytes, Stack size 24 bytes, cannmmsgs.o(.text.CanNmMsgs_BuildNmPDU))
<BR><BR>[Stack]<UL><LI>Max Depth = 144<LI>Call Chain = CanNmMsgs_BuildNmPDU &rArr; CanNmMsgs_WriteMessage &rArr; LibCanIL_GetSignal
</UL>
<BR>[Calls]<UL><LI><a href="#[e2]">&gt;&gt;</a>&nbsp;&nbsp;&nbsp;CanNmMsgs_WriteMessage
<LI><a href="#[e1]">&gt;&gt;</a>&nbsp;&nbsp;&nbsp;LibCanIL_SetSignal
</UL>
<BR>[Called By]<UL><LI><a href="#[f3]">&gt;&gt;</a>&nbsp;&nbsp;&nbsp;CanNm_TransmitNmPdu
</UL>

<P><STRONG><a name="[e9]"></a>CanNmMsgs_IsNmPduId</STRONG> (Thumb, 34 bytes, Stack size 8 bytes, cannmmsgs.o(.text.CanNmMsgs_IsNmPduId))
<BR><BR>[Stack]<UL><LI>Max Depth = 8<LI>Call Chain = CanNmMsgs_IsNmPduId
</UL>
<BR>[Called By]<UL><LI><a href="#[8e]">&gt;&gt;</a>&nbsp;&nbsp;&nbsp;CanNm_IsMsgNm
</UL>

<P><STRONG><a name="[e3]"></a>CanNmMsgs_IsRSRSet</STRONG> (Thumb, 36 bytes, Stack size 16 bytes, cannmmsgs.o(.text.CanNmMsgs_IsRSRSet))
<BR><BR>[Stack]<UL><LI>Max Depth = 72<LI>Call Chain = CanNmMsgs_IsRSRSet &rArr; LibCanIL_GetSignal
</UL>
<BR>[Calls]<UL><LI><a href="#[e4]">&gt;&gt;</a>&nbsp;&nbsp;&nbsp;LibCanIL_GetSignal
</UL>
<BR>[Called By]<UL><LI><a href="#[9a]">&gt;&gt;</a>&nbsp;&nbsp;&nbsp;CanNm_ReadySleepSrv
<LI><a href="#[97]">&gt;&gt;</a>&nbsp;&nbsp;&nbsp;CanNm_NormalSrv
</UL>

<P><STRONG><a name="[d0]"></a>CanNm_GetCurrentState</STRONG> (Thumb, 16 bytes, Stack size 8 bytes, cannm.o(.text.CanNm_GetCurrentState))
<BR><BR>[Stack]<UL><LI>Max Depth = 12<LI>Call Chain = CanNm_GetCurrentState &rArr; LibFsm_GetCurrentState
</UL>
<BR>[Calls]<UL><LI><a href="#[e8]">&gt;&gt;</a>&nbsp;&nbsp;&nbsp;LibFsm_GetCurrentState
</UL>
<BR>[Called By]<UL><LI><a href="#[ce]">&gt;&gt;</a>&nbsp;&nbsp;&nbsp;CanNM_OpenNmSwitchByJumpsignal
<LI><a href="#[4]">&gt;&gt;</a>&nbsp;&nbsp;&nbsp;CanNm_ServiceHndl
</UL>

<P><STRONG><a name="[ee]"></a>CanNm_RunCurrentState</STRONG> (Thumb, 16 bytes, Stack size 8 bytes, cannm.o(.text.CanNm_RunCurrentState))
<BR><BR>[Stack]<UL><LI>Max Depth = 24<LI>Call Chain = CanNm_RunCurrentState &rArr; LibFsm_RunCurrentState
</UL>
<BR>[Calls]<UL><LI><a href="#[ef]">&gt;&gt;</a>&nbsp;&nbsp;&nbsp;LibFsm_RunCurrentState
</UL>
<BR>[Called By]<UL><LI><a href="#[4]">&gt;&gt;</a>&nbsp;&nbsp;&nbsp;CanNm_ServiceHndl
</UL>

<P><STRONG><a name="[f5]"></a>Can_BusOff</STRONG> (Thumb, 24 bytes, Stack size 16 bytes, cantask.o(.text.Can_BusOff))
<BR><BR>[Stack]<UL><LI>Max Depth = 56<LI>Call Chain = Can_BusOff &rArr; LibService_SetEvent &rArr; LibServiceHost_Notify
</UL>
<BR>[Calls]<UL><LI><a href="#[d6]">&gt;&gt;</a>&nbsp;&nbsp;&nbsp;LibService_SetEvent
</UL>
<BR>[Called By]<UL><LI><a href="#[102]">&gt;&gt;</a>&nbsp;&nbsp;&nbsp;HAL_CAN_ErrorCallback
</UL>

<P><STRONG><a name="[f7]"></a>Can_HandleCanMsgs</STRONG> (Thumb, 210 bytes, Stack size 48 bytes, cantask.o(.text.Can_HandleCanMsgs))
<BR><BR>[Stack]<UL><LI>Max Depth = 208<LI>Call Chain = Can_HandleCanMsgs &rArr; LibMcan_IoCtl &rArr; Can1IfDrv_Start &rArr; HAL_CAN_ConfigFilter &rArr; assert_failed
</UL>
<BR>[Calls]<UL><LI><a href="#[f8]">&gt;&gt;</a>&nbsp;&nbsp;&nbsp;LibMcan_IoCtl
</UL>
<BR>[Called By]<UL><LI><a href="#[b]">&gt;&gt;</a>&nbsp;&nbsp;&nbsp;TASK_CAN_ServiceHndl
</UL>

<P><STRONG><a name="[f9]"></a>Can_MsgReceived</STRONG> (Thumb, 24 bytes, Stack size 16 bytes, cantask.o(.text.Can_MsgReceived))
<BR><BR>[Stack]<UL><LI>Max Depth = 56<LI>Call Chain = Can_MsgReceived &rArr; LibService_SetEvent &rArr; LibServiceHost_Notify
</UL>
<BR>[Calls]<UL><LI><a href="#[d6]">&gt;&gt;</a>&nbsp;&nbsp;&nbsp;LibService_SetEvent
</UL>
<BR>[Called By]<UL><LI><a href="#[10d]">&gt;&gt;</a>&nbsp;&nbsp;&nbsp;HAL_CAN_RxFifo0MsgPendingCallback
</UL>

<P><STRONG><a name="[fa]"></a>Can_MsgSent</STRONG> (Thumb, 58 bytes, Stack size 16 bytes, cantask.o(.text.Can_MsgSent))
<BR><BR>[Stack]<UL><LI>Max Depth = 56<LI>Call Chain = Can_MsgSent &rArr; LibService_SetEvent &rArr; LibServiceHost_Notify
</UL>
<BR>[Calls]<UL><LI><a href="#[d6]">&gt;&gt;</a>&nbsp;&nbsp;&nbsp;LibService_SetEvent
<LI><a href="#[d8]">&gt;&gt;</a>&nbsp;&nbsp;&nbsp;LibFifoQueue_Push
</UL>
<BR>[Called By]<UL><LI><a href="#[f8]">&gt;&gt;</a>&nbsp;&nbsp;&nbsp;LibMcan_IoCtl
</UL>

<P><STRONG><a name="[fc]"></a>Can_TriggerShutdown</STRONG> (Thumb, 16 bytes, Stack size 16 bytes, cantask.o(.text.Can_TriggerShutdown))
<BR><BR>[Stack]<UL><LI>Max Depth = 56<LI>Call Chain = Can_TriggerShutdown &rArr; LibServiceHost_TriggerShutdown &rArr; LibServiceHost_Notify
</UL>
<BR>[Calls]<UL><LI><a href="#[fd]">&gt;&gt;</a>&nbsp;&nbsp;&nbsp;LibServiceHost_TriggerShutdown
</UL>
<BR>[Called By]<UL><LI><a href="#[b]">&gt;&gt;</a>&nbsp;&nbsp;&nbsp;TASK_CAN_ServiceHndl
</UL>

<P><STRONG><a name="[13]"></a>DebugMon_Handler</STRONG> (Thumb, 2 bytes, Stack size 0 bytes, stm32f7xx_it.o(.text.DebugMon_Handler))
<BR>[Address Reference Count : 1]<UL><LI> startup_stm32f767xx.o(RESET)
</UL>
<P><STRONG><a name="[1f]"></a>EXTI3_IRQHandler</STRONG> (Thumb, 10 bytes, Stack size 8 bytes, stm32f7xx_it.o(.text.EXTI3_IRQHandler))
<BR><BR>[Stack]<UL><LI>Max Depth = 96<LI>Call Chain = EXTI3_IRQHandler &rArr; HAL_GPIO_EXTI_IRQHandler &rArr; HAL_GPIO_EXTI_Callback &rArr; CanNM_SetWakeUpReason &rArr; LibService_SetEvent &rArr; LibServiceHost_Notify
</UL>
<BR>[Calls]<UL><LI><a href="#[fe]">&gt;&gt;</a>&nbsp;&nbsp;&nbsp;HAL_GPIO_EXTI_IRQHandler
</UL>
<BR>[Address Reference Count : 1]<UL><LI> startup_stm32f767xx.o(RESET)
</UL>
<P><STRONG><a name="[13b]"></a>Error_Handler</STRONG> (Thumb, 14 bytes, Stack size 4 bytes, main.o(.text.Error_Handler))
<BR><BR>[Stack]<UL><LI>Max Depth = 4<LI>Call Chain = Error_Handler
</UL>
<BR>[Called By]<UL><LI><a href="#[146]">&gt;&gt;</a>&nbsp;&nbsp;&nbsp;HAL_UART_MspInit
<LI><a href="#[137]">&gt;&gt;</a>&nbsp;&nbsp;&nbsp;HAL_RTC_MspInit
<LI><a href="#[be]">&gt;&gt;</a>&nbsp;&nbsp;&nbsp;MX_CAN1_Init
<LI><a href="#[167]">&gt;&gt;</a>&nbsp;&nbsp;&nbsp;MX_USART1_UART_Init
<LI><a href="#[166]">&gt;&gt;</a>&nbsp;&nbsp;&nbsp;MX_RTC_Init
<LI><a href="#[15e]">&gt;&gt;</a>&nbsp;&nbsp;&nbsp;MX_CRC_Init
<LI><a href="#[170]">&gt;&gt;</a>&nbsp;&nbsp;&nbsp;SystemClock_Config
</UL>

<P><STRONG><a name="[c1]"></a>HAL_CAN_ActivateNotification</STRONG> (Thumb, 120 bytes, Stack size 24 bytes, stm32f7xx_hal_can.o(.text.HAL_CAN_ActivateNotification))
<BR><BR>[Stack]<UL><LI>Max Depth = 32<LI>Call Chain = HAL_CAN_ActivateNotification &rArr; assert_failed
</UL>
<BR>[Calls]<UL><LI><a href="#[ff]">&gt;&gt;</a>&nbsp;&nbsp;&nbsp;assert_failed
</UL>
<BR>[Called By]<UL><LI><a href="#[bf]">&gt;&gt;</a>&nbsp;&nbsp;&nbsp;Can1IfDrv_Start
</UL>

<P><STRONG><a name="[100]"></a>HAL_CAN_AddTxMessage</STRONG> (Thumb, 556 bytes, Stack size 40 bytes, stm32f7xx_hal_can.o(.text.HAL_CAN_AddTxMessage))
<BR><BR>[Stack]<UL><LI>Max Depth = 48<LI>Call Chain = HAL_CAN_AddTxMessage &rArr; assert_failed
</UL>
<BR>[Calls]<UL><LI><a href="#[ff]">&gt;&gt;</a>&nbsp;&nbsp;&nbsp;assert_failed
</UL>
<BR>[Called By]<UL><LI><a href="#[f8]">&gt;&gt;</a>&nbsp;&nbsp;&nbsp;LibMcan_IoCtl
</UL>

<P><STRONG><a name="[c2]"></a>HAL_CAN_ConfigFilter</STRONG> (Thumb, 816 bytes, Stack size 32 bytes, stm32f7xx_hal_can.o(.text.HAL_CAN_ConfigFilter))
<BR><BR>[Stack]<UL><LI>Max Depth = 40<LI>Call Chain = HAL_CAN_ConfigFilter &rArr; assert_failed
</UL>
<BR>[Calls]<UL><LI><a href="#[ff]">&gt;&gt;</a>&nbsp;&nbsp;&nbsp;assert_failed
</UL>
<BR>[Called By]<UL><LI><a href="#[bf]">&gt;&gt;</a>&nbsp;&nbsp;&nbsp;Can1IfDrv_Start
</UL>

<P><STRONG><a name="[bc]"></a>HAL_CAN_DeInit</STRONG> (Thumb, 144 bytes, Stack size 16 bytes, stm32f7xx_hal_can.o(.text.HAL_CAN_DeInit))
<BR><BR>[Stack]<UL><LI>Max Depth = 112<LI>Call Chain = HAL_CAN_DeInit &rArr; HAL_CAN_MspDeInit &rArr; HAL_GPIO_DeInit &rArr; assert_failed
</UL>
<BR>[Calls]<UL><LI><a href="#[c6]">&gt;&gt;</a>&nbsp;&nbsp;&nbsp;HAL_CAN_Stop
<LI><a href="#[101]">&gt;&gt;</a>&nbsp;&nbsp;&nbsp;HAL_CAN_MspDeInit
<LI><a href="#[ff]">&gt;&gt;</a>&nbsp;&nbsp;&nbsp;assert_failed
</UL>
<BR>[Called By]<UL><LI><a href="#[bb]">&gt;&gt;</a>&nbsp;&nbsp;&nbsp;Can1IfDrv_Deinit
</UL>

<P><STRONG><a name="[c5]"></a>HAL_CAN_DeactivateNotification</STRONG> (Thumb, 120 bytes, Stack size 24 bytes, stm32f7xx_hal_can.o(.text.HAL_CAN_DeactivateNotification))
<BR><BR>[Stack]<UL><LI>Max Depth = 32<LI>Call Chain = HAL_CAN_DeactivateNotification &rArr; assert_failed
</UL>
<BR>[Calls]<UL><LI><a href="#[ff]">&gt;&gt;</a>&nbsp;&nbsp;&nbsp;assert_failed
</UL>
<BR>[Called By]<UL><LI><a href="#[c4]">&gt;&gt;</a>&nbsp;&nbsp;&nbsp;Can1IfDrv_Stop
</UL>

<P><STRONG><a name="[102]"></a>HAL_CAN_ErrorCallback</STRONG> (Thumb, 82 bytes, Stack size 16 bytes, canif.o(.text.HAL_CAN_ErrorCallback))
<BR><BR>[Stack]<UL><LI>Max Depth = 72<LI>Call Chain = HAL_CAN_ErrorCallback &rArr; Can_BusOff &rArr; LibService_SetEvent &rArr; LibServiceHost_Notify
</UL>
<BR>[Calls]<UL><LI><a href="#[103]">&gt;&gt;</a>&nbsp;&nbsp;&nbsp;HAL_CAN_GetError
<LI><a href="#[f5]">&gt;&gt;</a>&nbsp;&nbsp;&nbsp;Can_BusOff
</UL>
[...]
<LI><a href="#[f1]">&gt;&gt;</a>&nbsp;&nbsp;&nbsp;CanNMHistory_Load
<LI><a href="#[cf]">&gt;&gt;</a>&nbsp;&nbsp;&nbsp;CanNmMgr_NetworkModeEntered
<LI><a href="#[d0]">&gt;&gt;</a>&nbsp;&nbsp;&nbsp;CanNm_GetCurrentState
<LI><a href="#[ee]">&gt;&gt;</a>&nbsp;&nbsp;&nbsp;CanNm_RunCurrentState
<LI><a href="#[f3]">&gt;&gt;</a>&nbsp;&nbsp;&nbsp;CanNm_TransmitNmPdu
<LI><a href="#[d3]">&gt;&gt;</a>&nbsp;&nbsp;&nbsp;CanNm_DispatchEvent
<LI><a href="#[ce]">&gt;&gt;</a>&nbsp;&nbsp;&nbsp;CanNM_OpenNmSwitchByJumpsignal
<LI><a href="#[ed]">&gt;&gt;</a>&nbsp;&nbsp;&nbsp;LibFifoQueue_Pop
<LI><a href="#[ea]">&gt;&gt;</a>&nbsp;&nbsp;&nbsp;LibTimer_Stop
<LI><a href="#[d1]">&gt;&gt;</a>&nbsp;&nbsp;&nbsp;LibTimer_Start
<LI><a href="#[f2]">&gt;&gt;</a>&nbsp;&nbsp;&nbsp;LibService_Terminate
<LI><a href="#[f0]">&gt;&gt;</a>&nbsp;&nbsp;&nbsp;LibService_CheckClearEvent
</UL>
<BR>[Address Reference Count : 1]<UL><LI> cannm.o(.data.CanNm_Service)
</UL>
<P><STRONG><a name="[ce]"></a>CanNM_OpenNmSwitchByJumpsignal</STRONG> (Thumb, 126 bytes, Stack size 16 bytes, cannm.o(.text.CanNM_OpenNmSwitchByJumpsignal))
<BR><BR>[Stack]<UL><LI>Max Depth = 76<LI>Call Chain = CanNM_OpenNmSwitchByJumpsignal &rArr; LibTimer_Start &rArr; LibTimer_InsertIntoList
</UL>
<BR>[Calls]<UL><LI><a href="#[cf]">&gt;&gt;</a>&nbsp;&nbsp;&nbsp;CanNmMgr_NetworkModeEntered
<LI><a href="#[d0]">&gt;&gt;</a>&nbsp;&nbsp;&nbsp;CanNm_GetCurrentState
<LI><a href="#[d1]">&gt;&gt;</a>&nbsp;&nbsp;&nbsp;LibTimer_Start
</UL>
<BR>[Called By]<UL><LI><a href="#[4]">&gt;&gt;</a>&nbsp;&nbsp;&nbsp;CanNm_ServiceHndl
</UL>

<P><STRONG><a name="[d3]"></a>CanNm_DispatchEvent</STRONG> (Thumb, 28 bytes, Stack size 16 bytes, cannm.o(.text.CanNm_DispatchEvent))
<BR><BR>[Stack]<UL><LI>Max Depth = 40<LI>Call Chain = CanNm_DispatchEvent &rArr; LibFsm_DispatchEvent
</UL>
<BR>[Calls]<UL><LI><a href="#[e7]">&gt;&gt;</a>&nbsp;&nbsp;&nbsp;LibFsm_DispatchEvent
</UL>
<BR>[Called By]<UL><LI><a href="#[d2]">&gt;&gt;</a>&nbsp;&nbsp;&nbsp;CanNM_ReleaseNetwork
<LI><a href="#[d4]">&gt;&gt;</a>&nbsp;&nbsp;&nbsp;CanNM_RequestNetwork
<LI><a href="#[9a]">&gt;&gt;</a>&nbsp;&nbsp;&nbsp;CanNm_ReadySleepSrv
<LI><a href="#[97]">&gt;&gt;</a>&nbsp;&nbsp;&nbsp;CanNm_NormalSrv
<LI><a href="#[4]">&gt;&gt;</a>&nbsp;&nbsp;&nbsp;CanNm_ServiceHndl
</UL>

<P><STRONG><a name="[f3]"></a>CanNm_TransmitNmPdu</STRONG> (Thumb, 98 bytes, Stack size 48 bytes, cannm.o(.text.CanNm_TransmitNmPdu))
<BR><BR>[Stack]<UL><LI>Max Depth = 192<LI>Call Chain = CanNm_TransmitNmPdu &rArr; CanNmMsgs_BuildNmPDU &rArr; CanNmMsgs_WriteMessage &rArr; LibCanIL_GetSignal
</UL>
<BR>[Calls]<UL><LI><a href="#[e0]">&gt;&gt;</a>&nbsp;&nbsp;&nbsp;CanNmMsgs_BuildNmPDU
<LI><a href="#[d1]">&gt;&gt;</a>&nbsp;&nbsp;&nbsp;LibTimer_Start
<LI><a href="#[d6]">&gt;&gt;</a>&nbsp;&nbsp;&nbsp;LibService_SetEvent
<LI><a href="#[d8]">&gt;&gt;</a>&nbsp;&nbsp;&nbsp;LibFifoQueue_Push
</UL>
<BR>[Called By]<UL><LI><a href="#[4]">&gt;&gt;</a>&nbsp;&nbsp;&nbsp;CanNm_ServiceHndl
</UL>

<P><STRONG><a name="[8e]"></a>CanNm_IsMsgNm</STRONG> (Thumb, 18 bytes, Stack size 16 bytes, cannm.o(.text.CanNm_IsMsgNm))
<BR><BR>[Stack]<UL><LI>Max Depth = 24<LI>Call Chain = CanNm_IsMsgNm &rArr; CanNmMsgs_IsNmPduId
</UL>
<BR>[Calls]<UL><LI><a href="#[e9]">&gt;&gt;</a>&nbsp;&nbsp;&nbsp;CanNmMsgs_IsNmPduId
</UL>
<BR>[Address Reference Count : 1]<UL><LI> cannm.o(.rodata.CanNm_Module)
</UL>
<P><STRONG><a name="[8f]"></a>CanNm_MsgIndicate</STRONG> (Thumb, 56 bytes, Stack size 16 bytes, cannm.o(.text.CanNm_MsgIndicate))
<BR><BR>[Stack]<UL><LI>Max Depth = 56<LI>Call Chain = CanNm_MsgIndicate &rArr; LibService_SetEvent &rArr; LibServiceHost_Notify
</UL>
<BR>[Calls]<UL><LI><a href="#[d6]">&gt;&gt;</a>&nbsp;&nbsp;&nbsp;LibService_SetEvent
<LI><a href="#[d8]">&gt;&gt;</a>&nbsp;&nbsp;&nbsp;LibFifoQueue_Push
</UL>
<BR>[Address Reference Count : 1]<UL><LI> cannm.o(.rodata.CanNm_Module)
</UL>
<P><STRONG><a name="[90]"></a>CanNm_MsgConfirm</STRONG> (Thumb, 22 bytes, Stack size 16 bytes, cannm.o(.text.CanNm_MsgConfirm))
<BR><BR>[Stack]<UL><LI>Max Depth = 24<LI>Call Chain = CanNm_MsgConfirm &rArr; LibTimer_Stop
</UL>
<BR>[Calls]<UL><LI><a href="#[ea]">&gt;&gt;</a>&nbsp;&nbsp;&nbsp;LibTimer_Stop
</UL>
<BR>[Address Reference Count : 1]<UL><LI> cannm.o(.rodata.CanNm_Module)
</UL>
<P><STRONG><a name="[8d]"></a>CanNm_TransitionEnterNetwork</STRONG> (Thumb, 14 bytes, Stack size 16 bytes, cannm.o(.text.CanNm_TransitionEnterNetwork))
<BR><BR>[Stack]<UL><LI>Max Depth = 24<LI>Call Chain = CanNm_TransitionEnterNetwork &rArr; CanNmMgr_NetworkModeEntered
</UL>
<BR>[Calls]<UL><LI><a href="#[cf]">&gt;&gt;</a>&nbsp;&nbsp;&nbsp;CanNmMgr_NetworkModeEntered
</UL>
<BR>[Address Reference Count : 2]<UL><LI> cannm.o(.rodata.CANNM_STATE_SLEEP_TrDescTab)
<LI> cannm.o(.rodata.CANNM_STATE_PREPARE_SLEEP_TrDescTab)
</UL>
<P><STRONG><a name="[91]"></a>CanNm_SleepSrv</STRONG> (Thumb, 50 bytes, Stack size 16 bytes, cannm.o(.text.CanNm_SleepSrv))
<BR><BR>[Stack]<UL><LI>Max Depth = 64<LI>Call Chain = CanNm_SleepSrv &rArr; CanNM_RequestNetwork &rArr; CanNm_DispatchEvent &rArr; LibFsm_DispatchEvent
</UL>
<BR>[Calls]<UL><LI><a href="#[d4]">&gt;&gt;</a>&nbsp;&nbsp;&nbsp;CanNM_RequestNetwork
<LI><a href="#[ed]">&gt;&gt;</a>&nbsp;&nbsp;&nbsp;LibFifoQueue_Pop
<LI><a href="#[ec]">&gt;&gt;</a>&nbsp;&nbsp;&nbsp;LibFifoQueue_GetItem
</UL>
<BR>[Address Reference Count : 1]<UL><LI> cannm.o(.rodata.CanNm_StateHndl)
</UL>
<P><STRONG><a name="[92]"></a>CanNm_SleepEntry</STRONG> (Thumb, 66 bytes, Stack size 16 bytes, cannm.o(.text.CanNm_SleepEntry))
<BR><BR>[Stack]<UL><LI>Max Depth = 76<LI>Call Chain = CanNm_SleepEntry &rArr; LibTimer_Start &rArr; LibTimer_InsertIntoList
</UL>
<BR>[Calls]<UL><LI><a href="#[d9]">&gt;&gt;</a>&nbsp;&nbsp;&nbsp;CanNmMgr_BusSleepEntered
<LI><a href="#[d7]">&gt;&gt;</a>&nbsp;&nbsp;&nbsp;CanNmHistory_PushState
<LI><a href="#[d1]">&gt;&gt;</a>&nbsp;&nbsp;&nbsp;LibTimer_Start
</UL>
<BR>[Address Reference Count : 1]<UL><LI> cannm.o(.rodata.CanNm_StateHndl)
</UL>
<P><STRONG><a name="[93]"></a>CanNm_SleepExit</STRONG> (Thumb, 22 bytes, Stack size 16 bytes, cannm.o(.text.CanNm_SleepExit))
<BR><BR>[Stack]<UL><LI>Max Depth = 24<LI>Call Chain = CanNm_SleepExit &rArr; LibTimer_Stop
</UL>
<BR>[Calls]<UL><LI><a href="#[ea]">&gt;&gt;</a>&nbsp;&nbsp;&nbsp;LibTimer_Stop
</UL>
<BR>[Address Reference Count : 1]<UL><LI> cannm.o(.rodata.CanNm_StateHndl)
</UL>
<P><STRONG><a name="[94]"></a>CanNm_RepeatMsgSrv</STRONG> (Thumb, 124 bytes, Stack size 24 bytes, cannm.o(.text.CanNm_RepeatMsgSrv))
<BR><BR>[Stack]<UL><LI>Max Depth = 84<LI>Call Chain = CanNm_RepeatMsgSrv &rArr; LibTimer_Start &rArr; LibTimer_InsertIntoList
</UL>
<BR>[Calls]<UL><LI><a href="#[ed]">&gt;&gt;</a>&nbsp;&nbsp;&nbsp;LibFifoQueue_Pop
<LI><a href="#[ec]">&gt;&gt;</a>&nbsp;&nbsp;&nbsp;LibFifoQueue_GetItem
<LI><a href="#[ea]">&gt;&gt;</a>&nbsp;&nbsp;&nbsp;LibTimer_Stop
<LI><a href="#[d1]">&gt;&gt;</a>&nbsp;&nbsp;&nbsp;LibTimer_Start
<LI><a href="#[eb]">&gt;&gt;</a>&nbsp;&nbsp;&nbsp;LibTimer_GetTimeLeft_ms
</UL>
<BR>[Address Reference Count : 1]<UL><LI> cannm.o(.rodata.CanNm_StateHndl)
</UL>
<P><STRONG><a name="[95]"></a>CanNm_RepeatMsgEntry</STRONG> (Thumb, 290 bytes, Stack size 24 bytes, cannm.o(.text.CanNm_RepeatMsgEntry))
<BR><BR>[Stack]<UL><LI>Max Depth = 112<LI>Call Chain = CanNm_RepeatMsgEntry &rArr; LibCanIL_SetSignal
</UL>
<BR>[Calls]<UL><LI><a href="#[d7]">&gt;&gt;</a>&nbsp;&nbsp;&nbsp;CanNmHistory_PushState
<LI><a href="#[e1]">&gt;&gt;</a>&nbsp;&nbsp;&nbsp;LibCanIL_SetSignal
<LI><a href="#[d1]">&gt;&gt;</a>&nbsp;&nbsp;&nbsp;LibTimer_Start
<LI><a href="#[eb]">&gt;&gt;</a>&nbsp;&nbsp;&nbsp;LibTimer_GetTimeLeft_ms
</UL>
<BR>[Address Reference Count : 1]<UL><LI> cannm.o(.rodata.CanNm_StateHndl)
</UL>
<P><STRONG><a name="[96]"></a>CanNm_RepeatMsgExit</STRONG> (Thumb, 44 bytes, Stack size 16 bytes, cannm.o(.text.CanNm_RepeatMsgExit))
<BR><BR>[Stack]<UL><LI>Max Depth = 104<LI>Call Chain = CanNm_RepeatMsgExit &rArr; LibCanIL_SetSignal
</UL>
<BR>[Calls]<UL><LI><a href="#[e1]">&gt;&gt;</a>&nbsp;&nbsp;&nbsp;LibCanIL_SetSignal
<LI><a href="#[ea]">&gt;&gt;</a>&nbsp;&nbsp;&nbsp;LibTimer_Stop
</UL>
<BR>[Address Reference Count : 1]<UL><LI> cannm.o(.rodata.CanNm_StateHndl)
</UL>
<P><STRONG><a name="[97]"></a>CanNm_NormalSrv</STRONG> (Thumb, 144 bytes, Stack size 24 bytes, cannm.o(.text.CanNm_NormalSrv))
<BR><BR>[Stack]<UL><LI>Max Depth = 96<LI>Call Chain = CanNm_NormalSrv &rArr; CanNmMsgs_IsRSRSet &rArr; LibCanIL_GetSignal
</UL>
<BR>[Calls]<UL><LI><a href="#[e3]">&gt;&gt;</a>&nbsp;&nbsp;&nbsp;CanNmMsgs_IsRSRSet
<LI><a href="#[d3]">&gt;&gt;</a>&nbsp;&nbsp;&nbsp;CanNm_DispatchEvent
<LI><a href="#[ed]">&gt;&gt;</a>&nbsp;&nbsp;&nbsp;LibFifoQueue_Pop
<LI><a href="#[ec]">&gt;&gt;</a>&nbsp;&nbsp;&nbsp;LibFifoQueue_GetItem
<LI><a href="#[ea]">&gt;&gt;</a>&nbsp;&nbsp;&nbsp;LibTimer_Stop
<LI><a href="#[d1]">&gt;&gt;</a>&nbsp;&nbsp;&nbsp;LibTimer_Start
<LI><a href="#[eb]">&gt;&gt;</a>&nbsp;&nbsp;&nbsp;LibTimer_GetTimeLeft_ms
</UL>
<BR>[Address Reference Count : 1]<UL><LI> cannm.o(.rodata.CanNm_StateHndl)
</UL>
<P><STRONG><a name="[98]"></a>CanNm_NormalEntry</STRONG> (Thumb, 106 bytes, Stack size 16 bytes, cannm.o(.text.CanNm_NormalEntry))
<BR><BR>[Stack]<UL><LI>Max Depth = 76<LI>Call Chain = CanNm_NormalEntry &rArr; LibTimer_Start &rArr; LibTimer_InsertIntoList
</UL>
<BR>[Calls]<UL><LI><a href="#[d7]">&gt;&gt;</a>&nbsp;&nbsp;&nbsp;CanNmHistory_PushState
<LI><a href="#[d1]">&gt;&gt;</a>&nbsp;&nbsp;&nbsp;LibTimer_Start
<LI><a href="#[eb]">&gt;&gt;</a>&nbsp;&nbsp;&nbsp;LibTimer_GetTimeLeft_ms
</UL>
<BR>[Address Reference Count : 1]<UL><LI> cannm.o(.rodata.CanNm_StateHndl)
</UL>
<P><STRONG><a name="[99]"></a>CanNm_NormalExit</STRONG> (Thumb, 22 bytes, Stack size 16 bytes, cannm.o(.text.CanNm_NormalExit))
<BR><BR>[Stack]<UL><LI>Max Depth = 24<LI>Call Chain = CanNm_NormalExit &rArr; LibTimer_Stop
</UL>
<BR>[Calls]<UL><LI><a href="#[ea]">&gt;&gt;</a>&nbsp;&nbsp;&nbsp;LibTimer_Stop
</UL>
<BR>[Address Reference Count : 1]<UL><LI> cannm.o(.rodata.CanNm_StateHndl)
</UL>
<P><STRONG><a name="[9a]"></a>CanNm_ReadySleepSrv</STRONG> (Thumb, 152 bytes, Stack size 24 bytes, cannm.o(.text.CanNm_ReadySleepSrv))
<BR><BR>[Stack]<UL><LI>Max Depth = 96<LI>Call Chain = CanNm_ReadySleepSrv &rArr; CanNmMsgs_IsRSRSet &rArr; LibCanIL_GetSignal
</UL>
<BR>[Calls]<UL><LI><a href="#[e3]">&gt;&gt;</a>&nbsp;&nbsp;&nbsp;CanNmMsgs_IsRSRSet
<LI><a href="#[d3]">&gt;&gt;</a>&nbsp;&nbsp;&nbsp;CanNm_DispatchEvent
<LI><a href="#[ed]">&gt;&gt;</a>&nbsp;&nbsp;&nbsp;LibFifoQueue_Pop
<LI><a href="#[ec]">&gt;&gt;</a>&nbsp;&nbsp;&nbsp;LibFifoQueue_GetItem
<LI><a href="#[ea]">&gt;&gt;</a>&nbsp;&nbsp;&nbsp;LibTimer_Stop
<LI><a href="#[d1]">&gt;&gt;</a>&nbsp;&nbsp;&nbsp;LibTimer_Start
<LI><a href="#[eb]">&gt;&gt;</a>&nbsp;&nbsp;&nbsp;LibTimer_GetTimeLeft_ms
</UL>
<BR>[Address Reference Count : 1]<UL><LI> cannm.o(.rodata.CanNm_StateHndl)
</UL>
<P><STRONG><a name="[9b]"></a>CanNm_ReadySleepEntry</STRONG> (Thumb, 28 bytes, Stack size 16 bytes, cannm.o(.text.CanNm_ReadySleepEntry))
<BR><BR>[Stack]<UL><LI>Max Depth = 64<LI>Call Chain = CanNm_ReadySleepEntry &rArr; CanNmHistory_PushState &rArr; LibFifoQueue_Push
</UL>
<BR>[Calls]<UL><LI><a href="#[d7]">&gt;&gt;</a>&nbsp;&nbsp;&nbsp;CanNmHistory_PushState
<LI><a href="#[ea]">&gt;&gt;</a>&nbsp;&nbsp;&nbsp;LibTimer_Stop
</UL>
<BR>[Address Reference Count : 1]<UL><LI> cannm.o(.rodata.CanNm_StateHndl)
</UL>
<P><STRONG><a name="[9c]"></a>CanNm_ReadySleepExit</STRONG> (Thumb, 8 bytes, Stack size 4 bytes, cannm.o(.text.CanNm_ReadySleepExit))
<BR><BR>[Stack]<UL><LI>Max Depth = 4<LI>Call Chain = CanNm_ReadySleepExit
</UL>
<BR>[Address Reference Count : 1]<UL><LI> cannm.o(.rodata.CanNm_StateHndl)
</UL>
<P><STRONG><a name="[9d]"></a>CanNm_PrepareSleepSrv</STRONG> (Thumb, 50 bytes, Stack size 16 bytes, cannm.o(.text.CanNm_PrepareSleepSrv))
<BR><BR>[Stack]<UL><LI>Max Depth = 64<LI>Call Chain = CanNm_PrepareSleepSrv &rArr; CanNM_RequestNetwork &rArr; CanNm_DispatchEvent &rArr; LibFsm_DispatchEvent
</UL>
<BR>[Calls]<UL><LI><a href="#[d4]">&gt;&gt;</a>&nbsp;&nbsp;&nbsp;CanNM_RequestNetwork
<LI><a href="#[ed]">&gt;&gt;</a>&nbsp;&nbsp;&nbsp;LibFifoQueue_Pop
<LI><a href="#[ec]">&gt;&gt;</a>&nbsp;&nbsp;&nbsp;LibFifoQueue_GetItem
</UL>
<BR>[Address Reference Count : 1]<UL><LI> cannm.o(.rodata.CanNm_StateHndl)
</UL>
<P><STRONG><a name="[9e]"></a>CanNm_PrepareSleepEntry</STRONG> (Thumb, 130 bytes, Stack size 16 bytes, cannm.o(.text.CanNm_PrepareSleepEntry))
<BR><BR>[Stack]<UL><LI>Max Depth = 76<LI>Call Chain = CanNm_PrepareSleepEntry &rArr; LibTimer_Start &rArr; LibTimer_InsertIntoList
</UL>
<BR>[Calls]<UL><LI><a href="#[dd]">&gt;&gt;</a>&nbsp;&nbsp;&nbsp;CanNmMgr_PrepareBusSleepEntered
<LI><a href="#[d7]">&gt;&gt;</a>&nbsp;&nbsp;&nbsp;CanNmHistory_PushState
<LI><a href="#[ea]">&gt;&gt;</a>&nbsp;&nbsp;&nbsp;LibTimer_Stop
<LI><a href="#[d1]">&gt;&gt;</a>&nbsp;&nbsp;&nbsp;LibTimer_Start
</UL>
<BR>[Address Reference Count : 1]<UL><LI> cannm.o(.rodata.CanNm_StateHndl)
</UL>
<P><STRONG><a name="[9f]"></a>CanNm_PrepareSleepExit</STRONG> (Thumb, 22 bytes, Stack size 16 bytes, cannm.o(.text.CanNm_PrepareSleepExit))
<BR><BR>[Stack]<UL><LI>Max Depth = 24<LI>Call Chain = CanNm_PrepareSleepExit &rArr; LibTimer_Stop
</UL>
<BR>[Calls]<UL><LI><a href="#[ea]">&gt;&gt;</a>&nbsp;&nbsp;&nbsp;LibTimer_Stop
</UL>
<BR>[Address Reference Count : 1]<UL><LI> cannm.o(.rodata.CanNm_StateHndl)
</UL>
<P><STRONG><a name="[a]"></a>PowerDown_DelaySleepTimerCb</STRONG> (Thumb, 96 bytes, Stack size 16 bytes, cannm.o(.text.PowerDown_DelaySleepTimerCb))
<BR><BR>[Stack]<UL><LI>Max Depth = 56<LI>Call Chain = PowerDown_DelaySleepTimerCb &rArr; LibService_SetEvent &rArr; LibServiceHost_Notify
</UL>
<BR>[Calls]<UL><LI><a href="#[de]">&gt;&gt;</a>&nbsp;&nbsp;&nbsp;LibCanIL_TxDisable
<LI><a href="#[df]">&gt;&gt;</a>&nbsp;&nbsp;&nbsp;LibCanIL_RxStop
<LI><a href="#[d6]">&gt;&gt;</a>&nbsp;&nbsp;&nbsp;LibService_SetEvent
</UL>
<BR>[Address Reference Count : 1]<UL><LI> cannm.o(.data.PowerDown_DelaySleepTimer)
</UL>
<P><STRONG><a name="[0]"></a>CanNm_NmTimeoutTimerCb</STRONG> (Thumb, 52 bytes, Stack size 16 bytes, cannm.o(.text.CanNm_NmTimeoutTimerCb))
<BR><BR>[Stack]<UL><LI>Max Depth = 56<LI>Call Chain = CanNm_NmTimeoutTimerCb &rArr; LibService_SetEvent &rArr; LibServiceHost_Notify
</UL>
<BR>[Calls]<UL><LI><a href="#[d6]">&gt;&gt;</a>&nbsp;&nbsp;&nbsp;LibService_SetEvent
</UL>
<BR>[Address Reference Count : 1]<UL><LI> cannm.o(.data.CanNm_NmTimeoutTimer)
</UL>
<P><STRONG><a name="[3]"></a>CanNm_RepeatedMsgStateTimerCb</STRONG> (Thumb, 54 bytes, Stack size 16 bytes, cannm.o(.text.CanNm_RepeatedMsgStateTimerCb))
<BR><BR>[Stack]<UL><LI>Max Depth = 56<LI>Call Chain = CanNm_RepeatedMsgStateTimerCb &rArr; LibService_SetEvent &rArr; LibServiceHost_Notify
</UL>
<BR>[Calls]<UL><LI><a href="#[d6]">&gt;&gt;</a>&nbsp;&nbsp;&nbsp;LibService_SetEvent
</UL>
<BR>[Address Reference Count : 1]<UL><LI> cannm.o(.data.CanNm_RepeatedMsgStateTimer)
</UL>
<P><STRONG><a name="[2]"></a>CanNm_PduTransmitTimerCb</STRONG> (Thumb, 116 bytes, Stack size 16 bytes, cannm.o(.text.CanNm_PduTransmitTimerCb))
<BR><BR>[Stack]<UL><LI>Max Depth = 76<LI>Call Chain = CanNm_PduTransmitTimerCb &rArr; LibTimer_Start &rArr; LibTimer_InsertIntoList
</UL>
<BR>[Calls]<UL><LI><a href="#[ea]">&gt;&gt;</a>&nbsp;&nbsp;&nbsp;LibTimer_Stop
<LI><a href="#[d1]">&gt;&gt;</a>&nbsp;&nbsp;&nbsp;LibTimer_Start
<LI><a href="#[d6]">&gt;&gt;</a>&nbsp;&nbsp;&nbsp;LibService_SetEvent
</UL>
<BR>[Address Reference Count : 1]<UL><LI> cannm.o(.data.CanNm_PduTransmitTimer)
</UL>
<P><STRONG><a name="[1]"></a>CanNm_NormalStateTimerCb</STRONG> (Thumb, 24 bytes, Stack size 16 bytes, cannm.o(.text.CanNm_NormalStateTimerCb))
<BR><BR>[Stack]<UL><LI>Max Depth = 56<LI>Call Chain = CanNm_NormalStateTimerCb &rArr; LibService_SetEvent &rArr; LibServiceHost_Notify
</UL>
<BR>[Calls]<UL><LI><a href="#[d6]">&gt;&gt;</a>&nbsp;&nbsp;&nbsp;LibService_SetEvent
</UL>
<BR>[Address Reference Count : 1]<UL><LI> cannm.o(.data.CanNm_NormalStateTimer)
</UL>
<P><STRONG><a name="[5]"></a>CanNm_SleepWaitTxFifoClearTimerCb</STRONG> (Thumb, 52 bytes, Stack size 16 bytes, cannm.o(.text.CanNm_SleepWaitTxFifoClearTimerCb))
<BR><BR>[Stack]<UL><LI>Max Depth = 56<LI>Call Chain = CanNm_SleepWaitTxFifoClearTimerCb &rArr; LibService_SetEvent &rArr; LibServiceHost_Notify
</UL>
<BR>[Calls]<UL><LI><a href="#[ec]">&gt;&gt;</a>&nbsp;&nbsp;&nbsp;LibFifoQueue_GetItem
<LI><a href="#[f4]">&gt;&gt;</a>&nbsp;&nbsp;&nbsp;LibCanIL_TxStop
<LI><a href="#[d6]">&gt;&gt;</a>&nbsp;&nbsp;&nbsp;LibService_SetEvent
</UL>
<BR>[Address Reference Count : 1]<UL><LI> cannm.o(.data.CanNm_SleepWaitTxFifoClearTimer)
</UL>
<P><STRONG><a name="[7]"></a>CanNm_WaitBusSleepTimerCb</STRONG> (Thumb, 24 bytes, Stack size 16 bytes, cannm.o(.text.CanNm_WaitBusSleepTimerCb))
<BR><BR>[Stack]<UL><LI>Max Depth = 56<LI>Call Chain = CanNm_WaitBusSleepTimerCb &rArr; LibService_SetEvent &rArr; LibServiceHost_Notify
</UL>
<BR>[Calls]<UL><LI><a href="#[d6]">&gt;&gt;</a>&nbsp;&nbsp;&nbsp;LibService_SetEvent
</UL>
<BR>[Address Reference Count : 1]<UL><LI> cannm.o(.data.CanNm_WaitBusSleepTimer)
</UL>
<P><STRONG><a name="[6]"></a>CanNm_PduPeriodicTxTimeoutCb</STRONG> (Thumb, 24 bytes, Stack size 16 bytes, cannm.o(.text.CanNm_PduPeriodicTxTimeoutCb))
<BR><BR>[Stack]<UL><LI>Max Depth = 56<LI>Call Chain = CanNm_PduPeriodicTxTimeoutCb &rArr; LibService_SetEvent &rArr; LibServiceHost_Notify
</UL>
<BR>[Calls]<UL><LI><a href="#[d6]">&gt;&gt;</a>&nbsp;&nbsp;&nbsp;LibService_SetEvent
</UL>
<BR>[Address Reference Count : 1]<UL><LI> cannm.o(.data.CanNm_TxTimeout)
</UL>
<P><STRONG><a name="[e2]"></a>CanNmMsgs_WriteMessage</STRONG> (Thumb, 386 bytes, Stack size 64 bytes, cannmmsgs.o(.text.CanNmMsgs_WriteMessage))
<BR><BR>[Stack]<UL><LI>Max Depth = 120<LI>Call Chain = CanNmMsgs_WriteMessage &rArr; LibCanIL_GetSignal
</UL>
<BR>[Calls]<UL><LI><a href="#[e6]">&gt;&gt;</a>&nbsp;&nbsp;&nbsp;CanNmMsgs_ConstructSignal
<LI><a href="#[e5]">&gt;&gt;</a>&nbsp;&nbsp;&nbsp;LibCan_GetMsgDataLength
<LI><a href="#[e4]">&gt;&gt;</a>&nbsp;&nbsp;&nbsp;LibCanIL_GetSignal
</UL>
<BR>[Called By]<UL><LI><a href="#[e0]">&gt;&gt;</a>&nbsp;&nbsp;&nbsp;CanNmMsgs_BuildNmPDU
</UL>

<P><STRONG><a name="[e6]"></a>CanNmMsgs_ConstructSignal</STRONG> (Thumb, 252 bytes, Stack size 40 bytes, cannmmsgs.o(.text.CanNmMsgs_ConstructSignal))
<BR><BR>[Stack]<UL><LI>Max Depth = 40<LI>Call Chain = CanNmMsgs_ConstructSignal
</UL>
<BR>[Called By]<UL><LI><a href="#[e2]">&gt;&gt;</a>&nbsp;&nbsp;&nbsp;CanNmMsgs_WriteMessage
</UL>

<P><STRONG><a name="[fb]"></a>Can_TransmitCanMsgs</STRONG> (Thumb, 154 bytes, Stack size 24 bytes, cantask.o(.text.Can_TransmitCanMsgs))
<BR><BR>[Stack]<UL><LI>Max Depth = 184<LI>Call Chain = Can_TransmitCanMsgs &rArr; LibMcan_IoCtl &rArr; Can1IfDrv_Start &rArr; HAL_CAN_ConfigFilter &rArr; assert_failed
</UL>
<BR>[Calls]<UL><LI><a href="#[ed]">&gt;&gt;</a>&nbsp;&nbsp;&nbsp;LibFifoQueue_Pop
<LI><a href="#[ec]">&gt;&gt;</a>&nbsp;&nbsp;&nbsp;LibFifoQueue_GetItem
<LI><a href="#[f8]">&gt;&gt;</a>&nbsp;&nbsp;&nbsp;LibMcan_IoCtl
</UL>
<BR>[Called By]<UL><LI><a href="#[b]">&gt;&gt;</a>&nbsp;&nbsp;&nbsp;TASK_CAN_ServiceHndl
</UL>

<P><STRONG><a name="[f6]"></a>Can_ConfirmCanMsgs</STRONG> (Thumb, 168 bytes, Stack size 24 bytes, cantask.o(.text.Can_ConfirmCanMsgs))
<BR><BR>[Stack]<UL><LI>Max Depth = 40<LI>Call Chain = Can_ConfirmCanMsgs &rArr; LibFifoQueue_GetItem
</UL>
<BR>[Calls]<UL><LI><a href="#[ed]">&gt;&gt;</a>&nbsp;&nbsp;&nbsp;LibFifoQueue_Pop
<LI><a href="#[ec]">&gt;&gt;</a>&nbsp;&nbsp;&nbsp;LibFifoQueue_GetItem
</UL>
<BR>[Called By]<UL><LI><a href="#[b]">&gt;&gt;</a>&nbsp;&nbsp;&nbsp;TASK_CAN_ServiceHndl
</UL>

<P><STRONG><a name="[15c]"></a>LibTimer_InsertIntoList</STRONG> (Thumb, 314 bytes, Stack size 28 bytes, libtimer.o(.text.LibTimer_InsertIntoList))
<BR><BR>[Stack]<UL><LI>Max Depth = 28<LI>Call Chain = LibTimer_InsertIntoList
</UL>
<BR>[Called By]<UL><LI><a href="#[15d]">&gt;&gt;</a>&nbsp;&nbsp;&nbsp;LibTimer_Tick
<LI><a href="#[d1]">&gt;&gt;</a>&nbsp;&nbsp;&nbsp;LibTimer_Start
</UL>
<P>
<H3>
Undefined Global Symbols
</H3><HR></body></html>
