Component: Arm Compiler for Embedded 6.19 Tool: armlink [5e73cb00]

==============================================================================

Section Cross References

    startup_stm32f767xx.o(STACK) refers (Special) to heapauxi.o(.text) for __use_two_region_memory
    startup_stm32f767xx.o(HEAP) refers (Special) to heapauxi.o(.text) for __use_two_region_memory
    startup_stm32f767xx.o(RESET) refers (Special) to heapauxi.o(.text) for __use_two_region_memory
    startup_stm32f767xx.o(RESET) refers to startup_stm32f767xx.o(STACK) for __initial_sp
    startup_stm32f767xx.o(RESET) refers to startup_stm32f767xx.o(.text) for Reset_Handler
    startup_stm32f767xx.o(RESET) refers to stm32f7xx_it.o(.text.NMI_Handler) for NMI_Handler
    startup_stm32f767xx.o(RESET) refers to stm32f7xx_it.o(.text.HardFault_Handler) for HardFault_Handler
    startup_stm32f767xx.o(RESET) refers to stm32f7xx_it.o(.text.MemManage_Handler) for MemManage_Handler
    startup_stm32f767xx.o(RESET) refers to stm32f7xx_it.o(.text.BusFault_Handler) for BusFault_Handler
    startup_stm32f767xx.o(RESET) refers to stm32f7xx_it.o(.text.UsageFault_Handler) for UsageFault_Handler
    startup_stm32f767xx.o(RESET) refers to port.o(.text.SVC_Handler) for SVC_Handler
    startup_stm32f767xx.o(RESET) refers to stm32f7xx_it.o(.text.DebugMon_Handler) for DebugMon_Handler
    startup_stm32f767xx.o(RESET) refers to port.o(.text.PendSV_Handler) for PendSV_Handler
    startup_stm32f767xx.o(RESET) refers to stm32f7xx_it.o(.text.SysTick_Handler) for SysTick_Handler
    startup_stm32f767xx.o(RESET) refers to stm32f7xx_it.o(.text.CAN1_RX0_IRQHandler) for CAN1_RX0_IRQHandler
    startup_stm32f767xx.o(RESET) refers to stm32f7xx_it.o(.text.CAN1_RX1_IRQHandler) for CAN1_RX1_IRQHandler
    startup_stm32f767xx.o(RESET) refers to stm32f7xx_it.o(.text.CAN1_SCE_IRQHandler) for CAN1_SCE_IRQHandler
    startup_stm32f767xx.o(.text) refers (Special) to heapauxi.o(.text) for __use_two_region_memory
    startup_stm32f767xx.o(.text) refers to system_stm32f7xx.o(.text.SystemInit) for SystemInit
    startup_stm32f767xx.o(.text) refers to __main.o(!!!main) for __main
    startup_stm32f767xx.o(.text) refers to startup_stm32f767xx.o(HEAP) for Heap_Mem
    startup_stm32f767xx.o(.text) refers to startup_stm32f767xx.o(STACK) for Stack_Mem
    main.o(.text.main) refers to stm32f7xx_hal.o(.text.HAL_Init) for HAL_Init
    main.o(.text.main) refers to main.o(.text.SystemClock_Config) for SystemClock_Config
    main.o(.text.main) refers to gpio.o(.text.MX_GPIO_Init) for MX_GPIO_Init
    main.o(.text.main) refers to crc.o(.text.MX_CRC_Init) for MX_CRC_Init
    main.o(.text.main) refers to rtc.o(.text.MX_RTC_Init) for MX_RTC_Init
    main.o(.text.main) refers to can.o(.text.MX_CAN1_Init) for MX_CAN1_Init
    main.o(.text.main) refers to cmsis_os2.o(.text.osKernelInitialize) for osKernelInitialize
    main.o(.text.main) refers to freertos.o(.text.MX_FREERTOS_Init) for MX_FREERTOS_Init
    main.o(.text.main) refers to cmsis_os2.o(.text.osKernelStart) for osKernelStart
    main.o(.ARM.exidx.text.main) refers to main.o(.text.main) for [Anonymous Symbol]
    main.o(.text.SystemClock_Config) refers to rt_memclr_w.o(.text) for __aeabi_memclr4
    main.o(.text.SystemClock_Config) refers to stm32f7xx_hal_pwr.o(.text.HAL_PWR_EnableBkUpAccess) for HAL_PWR_EnableBkUpAccess
    main.o(.text.SystemClock_Config) refers to stm32f7xx_hal_rcc.o(.text.HAL_RCC_OscConfig) for HAL_RCC_OscConfig
    main.o(.text.SystemClock_Config) refers to stm32f7xx_hal_pwr_ex.o(.text.HAL_PWREx_EnableOverDrive) for HAL_PWREx_EnableOverDrive
    main.o(.text.SystemClock_Config) refers to stm32f7xx_hal_rcc.o(.text.HAL_RCC_ClockConfig) for HAL_RCC_ClockConfig
    main.o(.ARM.exidx.text.SystemClock_Config) refers to main.o(.text.SystemClock_Config) for [Anonymous Symbol]
    main.o(.ARM.exidx.text.Error_Handler) refers to main.o(.text.Error_Handler) for [Anonymous Symbol]
    main.o(.ARM.exidx.text.assert_failed) refers to main.o(.text.assert_failed) for [Anonymous Symbol]
    gpio.o(.text.MX_GPIO_Init) refers to stm32f7xx_hal_gpio.o(.text.HAL_GPIO_WritePin) for HAL_GPIO_WritePin
    gpio.o(.text.MX_GPIO_Init) refers to stm32f7xx_hal_gpio.o(.text.HAL_GPIO_Init) for HAL_GPIO_Init
    gpio.o(.ARM.exidx.text.MX_GPIO_Init) refers to gpio.o(.text.MX_GPIO_Init) for [Anonymous Symbol]
    freertos.o(.ARM.exidx.text.vApplicationStackOverflowHook) refers to freertos.o(.text.vApplicationStackOverflowHook) for [Anonymous Symbol]
    freertos.o(.text.MX_FREERTOS_Init) refers to freertos.o(.rodata.myMutex01_attributes) for myMutex01_attributes
    freertos.o(.text.MX_FREERTOS_Init) refers to cmsis_os2.o(.text.osMutexNew) for osMutexNew
    freertos.o(.text.MX_FREERTOS_Init) refers to freertos.o(.bss.myMutex01Handle) for myMutex01Handle
    freertos.o(.text.MX_FREERTOS_Init) refers to freertos.o(.rodata.myRecursiveMutex01_attributes) for myRecursiveMutex01_attributes
[...]
    ucHeap                                   0x20000a70   Data       102400  heap_4.o(.bss.ucHeap)
    [Anonymous Symbol]                       0x20000a70   Section        0  heap_4.o(.bss.ucHeap)
    ucMaxSysCallPriority                     0x20019a70   Data           1  port.o(.bss.ucMaxSysCallPriority)
    [Anonymous Symbol]                       0x20019a70   Section        0  port.o(.bss.ucMaxSysCallPriority)
    ulMaxPRIGROUPValue                       0x20019a74   Data           4  port.o(.bss.ulMaxPRIGROUPValue)
    [Anonymous Symbol]                       0x20019a74   Section        0  port.o(.bss.ulMaxPRIGROUPValue)
    uxCurrentNumberOfTasks                   0x20019a7c   Data           4  tasks.o(.bss.uxCurrentNumberOfTasks)
    [Anonymous Symbol]                       0x20019a7c   Section        0  tasks.o(.bss.uxCurrentNumberOfTasks)
    uxDeletedTasksWaitingCleanUp             0x20019a80   Data           4  tasks.o(.bss.uxDeletedTasksWaitingCleanUp)
    [Anonymous Symbol]                       0x20019a80   Section        0  tasks.o(.bss.uxDeletedTasksWaitingCleanUp)
    uxPendedTicks                            0x20019a84   Data           4  tasks.o(.bss.uxPendedTicks)
    [Anonymous Symbol]                       0x20019a84   Section        0  tasks.o(.bss.uxPendedTicks)
    uxSchedulerSuspended                     0x20019a88   Data           4  tasks.o(.bss.uxSchedulerSuspended)
    [Anonymous Symbol]                       0x20019a88   Section        0  tasks.o(.bss.uxSchedulerSuspended)
    uxTaskNumber                             0x20019a8c   Data           4  tasks.o(.bss.uxTaskNumber)
    [Anonymous Symbol]                       0x20019a8c   Section        0  tasks.o(.bss.uxTaskNumber)
    uxTopReadyPriority                       0x20019a90   Data           4  tasks.o(.bss.uxTopReadyPriority)
    [Anonymous Symbol]                       0x20019a90   Section        0  tasks.o(.bss.uxTopReadyPriority)
    xActiveTimerList1                        0x20019a94   Data          20  timers.o(.bss.xActiveTimerList1)
    [Anonymous Symbol]                       0x20019a94   Section        0  timers.o(.bss.xActiveTimerList1)
    xActiveTimerList2                        0x20019aa8   Data          20  timers.o(.bss.xActiveTimerList2)
    [Anonymous Symbol]                       0x20019aa8   Section        0  timers.o(.bss.xActiveTimerList2)
    xBlockAllocatedBit                       0x20019abc   Data           1  heap_4.o(.bss.xBlockAllocatedBit)
    [Anonymous Symbol]                       0x20019abc   Section        0  heap_4.o(.bss.xBlockAllocatedBit)
    xDelayedTaskList1                        0x20019ac0   Data          20  tasks.o(.bss.xDelayedTaskList1)
    [Anonymous Symbol]                       0x20019ac0   Section        0  tasks.o(.bss.xDelayedTaskList1)
    xDelayedTaskList2                        0x20019ad4   Data          20  tasks.o(.bss.xDelayedTaskList2)
    [Anonymous Symbol]                       0x20019ad4   Section        0  tasks.o(.bss.xDelayedTaskList2)
    xFreeBytesRemaining                      0x20019ae8   Data           4  heap_4.o(.bss.xFreeBytesRemaining)
    [Anonymous Symbol]                       0x20019ae8   Section        0  heap_4.o(.bss.xFreeBytesRemaining)
    xIdleTaskHandle                          0x20019aec   Data           4  tasks.o(.bss.xIdleTaskHandle)
    [Anonymous Symbol]                       0x20019aec   Section        0  tasks.o(.bss.xIdleTaskHandle)
    xMinimumEverFreeBytesRemaining           0x20019af0   Data           4  heap_4.o(.bss.xMinimumEverFreeBytesRemaining)
    [Anonymous Symbol]                       0x20019af0   Section        0  heap_4.o(.bss.xMinimumEverFreeBytesRemaining)
    xNextTaskUnblockTime                     0x20019af4   Data           4  tasks.o(.bss.xNextTaskUnblockTime)
    [Anonymous Symbol]                       0x20019af4   Section        0  tasks.o(.bss.xNextTaskUnblockTime)
    xNumOfOverflows                          0x20019af8   Data           4  tasks.o(.bss.xNumOfOverflows)
    [Anonymous Symbol]                       0x20019af8   Section        0  tasks.o(.bss.xNumOfOverflows)
    xPendingReadyList                        0x20019afc   Data          20  tasks.o(.bss.xPendingReadyList)
    [Anonymous Symbol]                       0x20019afc   Section        0  tasks.o(.bss.xPendingReadyList)
    xSchedulerRunning                        0x20019b50   Data           4  tasks.o(.bss.xSchedulerRunning)
    [Anonymous Symbol]                       0x20019b50   Section        0  tasks.o(.bss.xSchedulerRunning)
    xStart                                   0x20019b54   Data           8  heap_4.o(.bss.xStart)
    [Anonymous Symbol]                       0x20019b54   Section        0  heap_4.o(.bss.xStart)
    xSuspendedTaskList                       0x20019b5c   Data          20  tasks.o(.bss.xSuspendedTaskList)
    [Anonymous Symbol]                       0x20019b5c   Section        0  tasks.o(.bss.xSuspendedTaskList)
    xTasksWaitingTermination                 0x20019b70   Data          20  tasks.o(.bss.xTasksWaitingTermination)
    [Anonymous Symbol]                       0x20019b70   Section        0  tasks.o(.bss.xTasksWaitingTermination)
    xTickCount                               0x20019b84   Data           4  tasks.o(.bss.xTickCount)
    [Anonymous Symbol]                       0x20019b84   Section        0  tasks.o(.bss.xTickCount)
    xTimerQueue                              0x20019b88   Data           4  timers.o(.bss.xTimerQueue)
    [Anonymous Symbol]                       0x20019b88   Section        0  timers.o(.bss.xTimerQueue)
    xTimerTaskHandle                         0x20019b8c   Data           4  timers.o(.bss.xTimerTaskHandle)
    [Anonymous Symbol]                       0x20019b8c   Section        0  timers.o(.bss.xTimerTaskHandle)
    xYieldPending                            0x20019b90   Data           4  tasks.o(.bss.xYieldPending)
    [Anonymous Symbol]                       0x20019b90   Section        0  tasks.o(.bss.xYieldPending)
    Heap_Mem                                 0x20019b98   Data        2048  startup_stm32f767xx.o(HEAP)
    HEAP                                     0x20019b98   Section     2048  startup_stm32f767xx.o(HEAP)
    Stack_Mem                                0x2001a398   Data        2048  startup_stm32f767xx.o(STACK)
    STACK                                    0x2001a398   Section     2048  startup_stm32f767xx.o(STACK)
    __initial_sp                             0x2001ab98   Data           0  startup_stm32f767xx.o(STACK)

    Global Symbols

    Symbol Name                              Value     Ov Type        Size  Object(Section)

    BuildAttributes$$THM_ISAv4$E$P$D$K$B$S$7EM$VFPv5_D16$PE$PLD8$A:L22UL41UL21$X:L11$S22US41US21$IEEE1$IW$~IW$USESV6$~STKCKD$USESV7$~SHL$OTIME$ROPI$EBA8$UX$STANDARDLIB$REQ8$PRES8$EABIv2 0x00000000   Number         0  anon$$obj.o ABSOLUTE
    __ARM_exceptions_init                     - Undefined Weak Reference
    __alloca_initialize                       - Undefined Weak Reference
    __arm_preinit_                            - Undefined Weak Reference
    __arm_relocate_pie_                       - Undefined Weak Reference
    __cpp_initialize__aeabi_                  - Undefined Weak Reference
    __cxa_finalize                            - Undefined Weak Reference
    __rt_locale                               - Undefined Weak Reference
    __sigvec_lookup                           - Undefined Weak Reference
    _atexit_init                              - Undefined Weak Reference
    _call_atexit_fns                          - Undefined Weak Reference
    _clock_init                               - Undefined Weak Reference
    _fp_trap_init                             - Undefined Weak Reference
    _fp_trap_shutdown                         - Undefined Weak Reference
    _get_lc_collate                           - Undefined Weak Reference
    _get_lc_ctype                             - Undefined Weak Reference
    _get_lc_monetary                          - Undefined Weak Reference
    _get_lc_numeric                           - Undefined Weak Reference
    _get_lc_time                              - Undefined Weak Reference
    _getenv_init                              - Undefined Weak Reference
    _handle_redirection                       - Undefined Weak Reference
    _init_alloc                               - Undefined Weak Reference
    _init_user_alloc                          - Undefined Weak Reference
    _initio                                   - Undefined Weak Reference
    _printf_mbtowc                            - Undefined Weak Reference
    _printf_post_padding                      - Undefined Weak Reference
    _printf_pre_padding                       - Undefined Weak Reference
    _printf_truncate_signed                   - Undefined Weak Reference
    _printf_truncate_unsigned                 - Undefined Weak Reference
    _rand_init                                - Undefined Weak Reference
    _signal_finish                            - Undefined Weak Reference
    _signal_init                              - Undefined Weak Reference
    _terminate_alloc                          - Undefined Weak Reference
    _terminate_user_alloc                     - Undefined Weak Reference
    _terminateio                              - Undefined Weak Reference
    __Vectors_Size                           0x000001f8   Number         0  startup_stm32f767xx.o ABSOLUTE
    __Vectors                                0x08000000   Data           4  startup_stm32f767xx.o(RESET)
    __Vectors_End                            0x080001f8   Data           0  startup_stm32f767xx.o(RESET)
    __main                                   0x080001f9   Thumb Code     8  __main.o(!!!main)
    __scatterload                            0x08000201   Thumb Code     0  __scatter.o(!!!scatter)
    __scatterload_rt2                        0x08000201   Thumb Code    44  __scatter.o(!!!scatter)
    __scatterload_rt2_thumb_only             0x08000201   Thumb Code     0  __scatter.o(!!!scatter)
    __scatterload_null                       0x0800020f   Thumb Code     0  __scatter.o(!!!scatter)
    __scatterload_copy                       0x08000235   Thumb Code    26  __scatter_copy.o(!!handler_copy)
    __scatterload_zeroinit                   0x08000251   Thumb Code    28  __scatter_zi.o(!!handler_zi)
    _printf_percent                          0x0800026d   Thumb Code     0  _printf_percent.o(.ARM.Collect$$_printf_percent$$00000000)
    _printf_u                                0x0800026d   Thumb Code     0  _printf_u.o(.ARM.Collect$$_printf_percent$$0000000A)
    _printf_c                                0x08000273   Thumb Code     0  _printf_c.o(.ARM.Collect$$_printf_percent$$00000013)
    _printf_percent_end                      0x08000279   Thumb Code     0  _printf_percent_end.o(.ARM.Collect$$_printf_percent$$00000017)
    __rt_lib_init                            0x0800027d   Thumb Code     0  libinit.o(.ARM.Collect$$libinit$$00000000)
    __rt_lib_init_fp_1                       0x0800027f   Thumb Code     0  libinit2.o(.ARM.Collect$$libinit$$00000001)
    __rt_lib_init_alloca_1                   0x08000283   Thumb Code     0  libinit2.o(.ARM.Collect$$libinit$$00000030)
    __rt_lib_init_argv_1                     0x08000283   Thumb Code     0  libinit2.o(.ARM.Collect$$libinit$$0000002E)
    __rt_lib_init_atexit_1                   0x08000283   Thumb Code     0  libinit2.o(.ARM.Collect$$libinit$$0000001D)
    __rt_lib_init_clock_1                    0x08000283   Thumb Code     0  libinit2.o(.ARM.Collect$$libinit$$00000023)
    __rt_lib_init_cpp_1                      0x08000283   Thumb Code     0  libinit2.o(.ARM.Collect$$libinit$$00000034)
    __rt_lib_init_exceptions_1               0x08000283   Thumb Code     0  libinit2.o(.ARM.Collect$$libinit$$00000032)
    __rt_lib_init_fp_trap_1                  0x08000283   Thumb Code     0  libinit2.o(.ARM.Collect$$libinit$$00000021)
    __rt_lib_init_getenv_1                   0x08000283   Thumb Code     0  libinit2.o(.ARM.Collect$$libinit$$00000025)
    __rt_lib_init_heap_1                     0x08000283   Thumb Code     0  libinit2.o(.ARM.Collect$$libinit$$0000000C)
    __rt_lib_init_lc_collate_1               0x08000283   Thumb Code     0  libinit2.o(.ARM.Collect$$libinit$$00000013)
    __rt_lib_init_lc_ctype_1                 0x08000283   Thumb Code     0  libinit2.o(.ARM.Collect$$libinit$$00000015)
    __rt_lib_init_lc_monetary_1              0x08000283   Thumb Code     0  libinit2.o(.ARM.Collect$$libinit$$00000017)
    __rt_lib_init_lc_numeric_1               0x08000283   Thumb Code     0  libinit2.o(.ARM.Collect$$libinit$$00000019)
    __rt_lib_init_lc_time_1                  0x08000283   Thumb Code     0  libinit2.o(.ARM.Collect$$libinit$$0000001B)
    __rt_lib_init_preinit_1                  0x08000283   Thumb Code     0  libinit2.o(.ARM.Collect$$libinit$$00000006)
    __rt_lib_init_rand_1                     0x08000283   Thumb Code     0  libinit2.o(.ARM.Collect$$libinit$$00000010)
    __rt_lib_init_relocate_pie_1             0x08000283   Thumb Code     0  libinit2.o(.ARM.Collect$$libinit$$00000004)
    __rt_lib_init_return                     0x08000283   Thumb Code     0  libinit2.o(.ARM.Collect$$libinit$$00000035)
    __rt_lib_init_signal_1                   0x08000283   Thumb Code     0  libinit2.o(.ARM.Collect$$libinit$$0000001F)
    __rt_lib_init_stdio_1                    0x08000283   Thumb Code     0  libinit2.o(.ARM.Collect$$libinit$$00000027)
    __rt_lib_init_user_alloc_1               0x08000283   Thumb Code     0  libinit2.o(.ARM.Collect$$libinit$$0000000E)
    __rt_lib_shutdown                        0x08000285   Thumb Code     0  libshutdown.o(.ARM.Collect$$libshutdown$$00000000)
    __rt_lib_shutdown_cpp_1                  0x08000287   Thumb Code     0  libshutdown2.o(.ARM.Collect$$libshutdown$$00000002)
    __rt_lib_shutdown_fp_trap_1              0x08000287   Thumb Code     0  libshutdown2.o(.ARM.Collect$$libshutdown$$00000007)
    __rt_lib_shutdown_heap_1                 0x08000287   Thumb Code     0  libshutdown2.o(.ARM.Collect$$libshutdown$$0000000F)
    __rt_lib_shutdown_return                 0x08000287   Thumb Code     0  libshutdown2.o(.ARM.Collect$$libshutdown$$00000010)
    __rt_lib_shutdown_signal_1               0x08000287   Thumb Code     0  libshutdown2.o(.ARM.Collect$$libshutdown$$0000000A)
    __rt_lib_shutdown_stdio_1                0x08000287   Thumb Code     0  libshutdown2.o(.ARM.Collect$$libshutdown$$00000004)
    __rt_lib_shutdown_user_alloc_1           0x08000287   Thumb Code     0  libshutdown2.o(.ARM.Collect$$libshutdown$$0000000C)
    __rt_entry                               0x08000289   Thumb Code     0  __rtentry.o(.ARM.Collect$$rtentry$$00000000)
    __rt_entry_presh_1                       0x08000289   Thumb Code     0  __rtentry2.o(.ARM.Collect$$rtentry$$00000002)
    __rt_entry_sh                            0x08000289   Thumb Code     0  __rtentry4.o(.ARM.Collect$$rtentry$$00000004)
    __rt_entry_li                            0x0800028f   Thumb Code     0  __rtentry2.o(.ARM.Collect$$rtentry$$0000000A)
    __rt_entry_postsh_1                      0x0800028f   Thumb Code     0  __rtentry2.o(.ARM.Collect$$rtentry$$00000009)
    __rt_entry_main                          0x08000293   Thumb Code     0  __rtentry2.o(.ARM.Collect$$rtentry$$0000000D)
    __rt_entry_postli_1                      0x08000293   Thumb Code     0  __rtentry2.o(.ARM.Collect$$rtentry$$0000000C)
    __rt_exit                                0x0800029b   Thumb Code     0  rtexit.o(.ARM.Collect$$rtexit$$00000000)
    __rt_exit_ls                             0x0800029d   Thumb Code     0  rtexit2.o(.ARM.Collect$$rtexit$$00000003)
    __rt_exit_prels_1                        0x0800029d   Thumb Code     0  rtexit2.o(.ARM.Collect$$rtexit$$00000002)
    __rt_exit_exit                           0x080002a1   Thumb Code     0  rtexit2.o(.ARM.Collect$$rtexit$$00000004)
    Reset_Handler                            0x080002a9   Thumb Code     8  startup_stm32f767xx.o(.text)
    ADC_IRQHandler                           0x080002c3   Thumb Code     0  startup_stm32f767xx.o(.text)
    CAN1_TX_IRQHandler                       0x080002c3   Thumb Code     0  startup_stm32f767xx.o(.text)
    CAN2_RX0_IRQHandler                      0x080002c3   Thumb Code     0  startup_stm32f767xx.o(.text)
    CAN2_RX1_IRQHandler                      0x080002c3   Thumb Code     0  startup_stm32f767xx.o(.text)
    CAN2_SCE_IRQHandler                      0x080002c3   Thumb Code     0  startup_stm32f767xx.o(.text)
    CAN2_TX_IRQHandler                       0x080002c3   Thumb Code     0  startup_stm32f767xx.o(.text)
    CAN3_RX0_IRQHandler                      0x080002c3   Thumb Code     0  startup_stm32f767xx.o(.text)
    CAN3_RX1_IRQHandler                      0x080002c3   Thumb Code     0  startup_stm32f767xx.o(.text)
    CAN3_SCE_IRQHandler                      0x080002c3   Thumb Code     0  startup_stm32f767xx.o(.text)
    CAN3_TX_IRQHandler                       0x080002c3   Thumb Code     0  startup_stm32f767xx.o(.text)
    CEC_IRQHandler                           0x080002c3   Thumb Code     0  startup_stm32f767xx.o(.text)
    DCMI_IRQHandler                          0x080002c3   Thumb Code     0  startup_stm32f767xx.o(.text)
    DFSDM1_FLT0_IRQHandler                   0x080002c3   Thumb Code     0  startup_stm32f767xx.o(.text)
    DFSDM1_FLT1_IRQHandler                   0x080002c3   Thumb Code     0  startup_stm32f767xx.o(.text)
    DFSDM1_FLT2_IRQHandler                   0x080002c3   Thumb Code     0  startup_stm32f767xx.o(.text)
    DFSDM1_FLT3_IRQHandler                   0x080002c3   Thumb Code     0  startup_stm32f767xx.o(.text)
    DMA1_Stream0_IRQHandler                  0x080002c3   Thumb Code     0  startup_stm32f767xx.o(.text)
    DMA1_Stream1_IRQHandler                  0x080002c3   Thumb Code     0  startup_stm32f767xx.o(.text)
    DMA1_Stream2_IRQHandler                  0x080002c3   Thumb Code     0  startup_stm32f767xx.o(.text)
    DMA1_Stream3_IRQHandler                  0x080002c3   Thumb Code     0  startup_stm32f767xx.o(.text)
    DMA1_Stream4_IRQHandler                  0x080002c3   Thumb Code     0  startup_stm32f767xx.o(.text)
    DMA1_Stream5_IRQHandler                  0x080002c3   Thumb Code     0  startup_stm32f767xx.o(.text)
    DMA1_Stream6_IRQHandler                  0x080002c3   Thumb Code     0  startup_stm32f767xx.o(.text)
    DMA1_Stream7_IRQHandler                  0x080002c3   Thumb Code     0  startup_stm32f767xx.o(.text)
    DMA2D_IRQHandler                         0x080002c3   Thumb Code     0  startup_stm32f767xx.o(.text)
    DMA2_Stream0_IRQHandler                  0x080002c3   Thumb Code     0  startup_stm32f767xx.o(.text)
    DMA2_Stream1_IRQHandler                  0x080002c3   Thumb Code     0  startup_stm32f767xx.o(.text)
    DMA2_Stream2_IRQHandler                  0x080002c3   Thumb Code     0  startup_stm32f767xx.o(.text)
    DMA2_Stream3_IRQHandler                  0x080002c3   Thumb Code     0  startup_stm32f767xx.o(.text)
    DMA2_Stream4_IRQHandler                  0x080002c3   Thumb Code     0  startup_stm32f767xx.o(.text)
    DMA2_Stream5_IRQHandler                  0x080002c3   Thumb Code     0  startup_stm32f767xx.o(.text)
    DMA2_Stream6_IRQHandler                  0x080002c3   Thumb Code     0  startup_stm32f767xx.o(.text)
    DMA2_Stream7_IRQHandler                  0x080002c3   Thumb Code     0  startup_stm32f767xx.o(.text)
    ETH_IRQHandler                           0x080002c3   Thumb Code     0  startup_stm32f767xx.o(.text)
    ETH_WKUP_IRQHandler                      0x080002c3   Thumb Code     0  startup_stm32f767xx.o(.text)
    EXTI0_IRQHandler                         0x080002c3   Thumb Code     0  startup_stm32f767xx.o(.text)
    EXTI15_10_IRQHandler                     0x080002c3   Thumb Code     0  startup_stm32f767xx.o(.text)
    EXTI1_IRQHandler                         0x080002c3   Thumb Code     0  startup_stm32f767xx.o(.text)
    EXTI2_IRQHandler                         0x080002c3   Thumb Code     0  startup_stm32f767xx.o(.text)
    EXTI3_IRQHandler                         0x080002c3   Thumb Code     0  startup_stm32f767xx.o(.text)
    EXTI4_IRQHandler                         0x080002c3   Thumb Code     0  startup_stm32f767xx.o(.text)
    EXTI9_5_IRQHandler                       0x080002c3   Thumb Code     0  startup_stm32f767xx.o(.text)
    FLASH_IRQHandler                         0x080002c3   Thumb Code     0  startup_stm32f767xx.o(.text)
    FMC_IRQHandler                           0x080002c3   Thumb Code     0  startup_stm32f767xx.o(.text)
    FPU_IRQHandler                           0x080002c3   Thumb Code     0  startup_stm32f767xx.o(.text)
    I2C1_ER_IRQHandler                       0x080002c3   Thumb Code     0  startup_stm32f767xx.o(.text)
    I2C1_EV_IRQHandler                       0x080002c3   Thumb Code     0  startup_stm32f767xx.o(.text)
    I2C2_ER_IRQHandler                       0x080002c3   Thumb Code     0  startup_stm32f767xx.o(.text)
    I2C2_EV_IRQHandler                       0x080002c3   Thumb Code     0  startup_stm32f767xx.o(.text)
    I2C3_ER_IRQHandler                       0x080002c3   Thumb Code     0  startup_stm32f767xx.o(.text)
    I2C3_EV_IRQHandler                       0x080002c3   Thumb Code     0  startup_stm32f767xx.o(.text)
    I2C4_ER_IRQHandler                       0x080002c3   Thumb Code     0  startup_stm32f767xx.o(.text)
    I2C4_EV_IRQHandler                       0x080002c3   Thumb Code     0  startup_stm32f767xx.o(.text)
    JPEG_IRQHandler                          0x080002c3   Thumb Code     0  startup_stm32f767xx.o(.text)
    LPTIM1_IRQHandler                        0x080002c3   Thumb Code     0  startup_stm32f767xx.o(.text)
    LTDC_ER_IRQHandler                       0x080002c3   Thumb Code     0  startup_stm32f767xx.o(.text)
    LTDC_IRQHandler                          0x080002c3   Thumb Code     0  startup_stm32f767xx.o(.text)
    MDIOS_IRQHandler                         0x080002c3   Thumb Code     0  startup_stm32f767xx.o(.text)
    OTG_FS_IRQHandler                        0x080002c3   Thumb Code     0  startup_stm32f767xx.o(.text)
    OTG_FS_WKUP_IRQHandler                   0x080002c3   Thumb Code     0  startup_stm32f767xx.o(.text)
    OTG_HS_EP1_IN_IRQHandler                 0x080002c3   Thumb Code     0  startup_stm32f767xx.o(.text)
    OTG_HS_EP1_OUT_IRQHandler                0x080002c3   Thumb Code     0  startup_stm32f767xx.o(.text)
    OTG_HS_IRQHandler                        0x080002c3   Thumb Code     0  startup_stm32f767xx.o(.text)
    OTG_HS_WKUP_IRQHandler                   0x080002c3   Thumb Code     0  startup_stm32f767xx.o(.text)
    PVD_IRQHandler                           0x080002c3   Thumb Code     0  startup_stm32f767xx.o(.text)
    QUADSPI_IRQHandler                       0x080002c3   Thumb Code     0  startup_stm32f767xx.o(.text)
    RCC_IRQHandler                           0x080002c3   Thumb Code     0  startup_stm32f767xx.o(.text)
    RNG_IRQHandler                           0x080002c3   Thumb Code     0  startup_stm32f767xx.o(.text)
    RTC_Alarm_IRQHandler                     0x080002c3   Thumb Code     0  startup_stm32f767xx.o(.text)
    RTC_WKUP_IRQHandler                      0x080002c3   Thumb Code     0  startup_stm32f767xx.o(.text)
    SAI1_IRQHandler                          0x080002c3   Thumb Code     0  startup_stm32f767xx.o(.text)
    SAI2_IRQHandler                          0x080002c3   Thumb Code     0  startup_stm32f767xx.o(.text)
    SDMMC1_IRQHandler                        0x080002c3   Thumb Code     0  startup_stm32f767xx.o(.text)
    SDMMC2_IRQHandler                        0x080002c3   Thumb Code     0  startup_stm32f767xx.o(.text)
    SPDIF_RX_IRQHandler                      0x080002c3   Thumb Code     0  startup_stm32f767xx.o(.text)
    SPI1_IRQHandler                          0x080002c3   Thumb Code     0  startup_stm32f767xx.o(.text)
    SPI2_IRQHandler                          0x080002c3   Thumb Code     0  startup_stm32f767xx.o(.text)
    SPI3_IRQHandler                          0x080002c3   Thumb Code     0  startup_stm32f767xx.o(.text)
    SPI4_IRQHandler                          0x080002c3   Thumb Code     0  startup_stm32f767xx.o(.text)
    SPI5_IRQHandler                          0x080002c3   Thumb Code     0  startup_stm32f767xx.o(.text)
    SPI6_IRQHandler                          0x080002c3   Thumb Code     0  startup_stm32f767xx.o(.text)
    TAMP_STAMP_IRQHandler                    0x080002c3   Thumb Code     0  startup_stm32f767xx.o(.text)
    TIM1_BRK_TIM9_IRQHandler                 0x080002c3   Thumb Code     0  startup_stm32f767xx.o(.text)
    TIM1_CC_IRQHandler                       0x080002c3   Thumb Code     0  startup_stm32f767xx.o(.text)
    TIM1_TRG_COM_TIM11_IRQHandler            0x080002c3   Thumb Code     0  startup_stm32f767xx.o(.text)
    TIM1_UP_TIM10_IRQHandler                 0x080002c3   Thumb Code     0  startup_stm32f767xx.o(.text)
    TIM2_IRQHandler                          0x080002c3   Thumb Code     0  startup_stm32f767xx.o(.text)
    TIM3_IRQHandler                          0x080002c3   Thumb Code     0  startup_stm32f767xx.o(.text)
    TIM4_IRQHandler                          0x080002c3   Thumb Code     0  startup_stm32f767xx.o(.text)
    TIM5_IRQHandler                          0x080002c3   Thumb Code     0  startup_stm32f767xx.o(.text)
    TIM6_DAC_IRQHandler                      0x080002c3   Thumb Code     0  startup_stm32f767xx.o(.text)
    TIM7_IRQHandler                          0x080002c3   Thumb Code     0  startup_stm32f767xx.o(.text)
    TIM8_BRK_TIM12_IRQHandler                0x080002c3   Thumb Code     0  startup_stm32f767xx.o(.text)
    TIM8_CC_IRQHandler                       0x080002c3   Thumb Code     0  startup_stm32f767xx.o(.text)
    TIM8_TRG_COM_TIM14_IRQHandler            0x080002c3   Thumb Code     0  startup_stm32f767xx.o(.text)
    TIM8_UP_TIM13_IRQHandler                 0x080002c3   Thumb Code     0  startup_stm32f767xx.o(.text)
    UART4_IRQHandler                         0x080002c3   Thumb Code     0  startup_stm32f767xx.o(.text)
    UART5_IRQHandler                         0x080002c3   Thumb Code     0  startup_stm32f767xx.o(.text)
    UART7_IRQHandler                         0x080002c3   Thumb Code     0  startup_stm32f767xx.o(.text)
    UART8_IRQHandler                         0x080002c3   Thumb Code     0  startup_stm32f767xx.o(.text)
    USART1_IRQHandler                        0x080002c3   Thumb Code     0  startup_stm32f767xx.o(.text)
    USART2_IRQHandler                        0x080002c3   Thumb Code     0  startup_stm32f767xx.o(.text)
    USART3_IRQHandler                        0x080002c3   Thumb Code     0  startup_stm32f767xx.o(.text)
    USART6_IRQHandler                        0x080002c3   Thumb Code     0  startup_stm32f767xx.o(.text)
    WWDG_IRQHandler                          0x080002c3   Thumb Code     0  startup_stm32f767xx.o(.text)
    __user_initial_stackheap                 0x080002c5   Thumb Code     0  startup_stm32f767xx.o(.text)
    __aeabi_uldivmod                         0x080002e9   Thumb Code     0  lludivv7m.o(.text)
    _ll_udiv                                 0x080002e9   Thumb Code   240  lludivv7m.o(.text)
    _printf_str                              0x080003d9   Thumb Code    82  _printf_str.o(.text)
    _printf_int_dec                          0x0800042d   Thumb Code   104  _printf_dec.o(.text)
    __aeabi_memcpy                           0x080004a5   Thumb Code     0  rt_memcpy_v6.o(.text)
    __rt_memcpy                              0x080004a5   Thumb Code   138  rt_memcpy_v6.o(.text)
    _memcpy_lastbytes                        0x0800050b   Thumb Code     0  rt_memcpy_v6.o(.text)
    __aeabi_memset4                          0x0800052f   Thumb Code    16  aeabi_memset4.o(.text)
    __aeabi_memset8                          0x0800052f   Thumb Code     0  aeabi_memset4.o(.text)
    __aeabi_memclr4                          0x0800053f   Thumb Code     0  rt_memclr_w.o(.text)
    __aeabi_memclr8                          0x0800053f   Thumb Code     0  rt_memclr_w.o(.text)
    __rt_memclr_w                            0x0800053f   Thumb Code     0  rt_memclr_w.o(.text)
    _memset_w                                0x08000543   Thumb Code    74  rt_memclr_w.o(.text)
    __use_two_region_memory                  0x0800058d   Thumb Code     2  heapauxi.o(.text)
    __rt_heap_escrow$2region                 0x0800058f   Thumb Code     2  heapauxi.o(.text)
    __rt_heap_expand$2region                 0x08000591   Thumb Code     2  heapauxi.o(.text)
    _printf_int_common                       0x08000593   Thumb Code   178  _printf_intcommon.o(.text)
    _printf_cs_common                        0x08000645   Thumb Code    20  _printf_char.o(.text)
    _printf_char                             0x08000659   Thumb Code    16  _printf_char.o(.text)
    _printf_string                           0x08000669   Thumb Code     8  _printf_char.o(.text)
    __aeabi_memcpy4                          0x08000671   Thumb Code     0  rt_memcpy_w.o(.text)
    __aeabi_memcpy8                          0x08000671   Thumb Code     0  rt_memcpy_w.o(.text)
    __rt_memcpy_w                            0x08000671   Thumb Code   100  rt_memcpy_w.o(.text)
    _memcpy_lastbytes_aligned                0x080006b9   Thumb Code     0  rt_memcpy_w.o(.text)
    __user_setup_stackheap                   0x080006d5   Thumb Code    74  sys_stackheap_outer.o(.text)
    exit                                     0x0800071f   Thumb Code    18  exit.o(.text)
    __user_libspace                          0x08000731   Thumb Code     8  libspace.o(.text)
    __user_perproc_libspace                  0x08000731   Thumb Code     0  libspace.o(.text)
    __user_perthread_libspace                0x08000731   Thumb Code     0  libspace.o(.text)
    _sys_exit                                0x08000739   Thumb Code     8  sys_exit.o(.text)
    __I$use$semihosting                      0x08000745   Thumb Code     0  use_no_semi.o(.text)
    __use_no_semihosting_swi                 0x08000745   Thumb Code     2  use_no_semi.o(.text)
    __semihosting_library_function           0x08000747   Thumb Code     0  indicate_semi.o(.text)
    BusFault_Handler                         0x08000749   Thumb Code     2  stm32f7xx_it.o(.text.BusFault_Handler)
    CAN1_RX0_IRQHandler                      0x08000751   Thumb Code    12  stm32f7xx_it.o(.text.CAN1_RX0_IRQHandler)
    CAN1_RX1_IRQHandler                      0x08000761   Thumb Code    12  stm32f7xx_it.o(.text.CAN1_RX1_IRQHandler)
    CAN1_SCE_IRQHandler                      0x08000771   Thumb Code    12  stm32f7xx_it.o(.text.CAN1_SCE_IRQHandler)
    Callback01                               0x08000781   Thumb Code     2  freertos.o(.text.Callback01)
    CanNm_NormalEntry                        0x08000789   Thumb Code    62  cannm.o(.text.CanNm_NormalEntry)
    DebugMon_Handler                         0x080007c9   Thumb Code     2  stm32f7xx_it.o(.text.DebugMon_Handler)
    Error_Handler                            0x080007d1   Thumb Code    10  main.o(.text.Error_Handler)
    HAL_CAN_ActivateNotification             0x080007e1   Thumb Code    72  stm32f7xx_hal_can.o(.text.HAL_CAN_ActivateNotification)
    HAL_CAN_AddTxMessage                     0x08000829   Thumb Code   302  stm32f7xx_hal_can.o(.text.HAL_CAN_AddTxMessage)
    HAL_CAN_ErrorCallback                    0x08000959   Thumb Code     2  stm32f7xx_hal_can.o(.text.HAL_CAN_ErrorCallback)
    HAL_CAN_GetRxMessage                     0x08000961   Thumb Code   330  stm32f7xx_hal_can.o(.text.HAL_CAN_GetRxMessage)
    HAL_CAN_IRQHandler                       0x08000ab1   Thumb Code   580  stm32f7xx_hal_can.o(.text.HAL_CAN_IRQHandler)
    HAL_CAN_Init                             0x08000cf9   Thumb Code   558  stm32f7xx_hal_can.o(.text.HAL_CAN_Init)
    HAL_CAN_MspInit                          0x08000f29   Thumb Code   160  can.o(.text.HAL_CAN_MspInit)
    HAL_CAN_RxFifo0FullCallback              0x08000fc9   Thumb Code    22  canif.o(.text.HAL_CAN_RxFifo0FullCallback)
    HAL_CAN_RxFifo0MsgPendingCallback        0x08000fe1   Thumb Code    22  canif.o(.text.HAL_CAN_RxFifo0MsgPendingCallback)
    HAL_CAN_RxFifo1FullCallback              0x08000ff9   Thumb Code     2  stm32f7xx_hal_can.o(.text.HAL_CAN_RxFifo1FullCallback)
    HAL_CAN_RxFifo1MsgPendingCallback        0x08001001   Thumb Code     2  stm32f7xx_hal_can.o(.text.HAL_CAN_RxFifo1MsgPendingCallback)
    HAL_CAN_SleepCallback                    0x08001009   Thumb Code     2  stm32f7xx_hal_can.o(.text.HAL_CAN_SleepCallback)
    HAL_CAN_Start                            0x08001011   Thumb Code    90  stm32f7xx_hal_can.o(.text.HAL_CAN_Start)
    HAL_CAN_TxMailbox0AbortCallback          0x08001071   Thumb Code     2  stm32f7xx_hal_can.o(.text.HAL_CAN_TxMailbox0AbortCallback)
    HAL_CAN_TxMailbox0CompleteCallback       0x08001079   Thumb Code     2  stm32f7xx_hal_can.o(.text.HAL_CAN_TxMailbox0CompleteCallback)
    HAL_CAN_TxMailbox1AbortCallback          0x08001081   Thumb Code     2  stm32f7xx_hal_can.o(.text.HAL_CAN_TxMailbox1AbortCallback)
    HAL_CAN_TxMailbox1CompleteCallback       0x08001089   Thumb Code     2  stm32f7xx_hal_can.o(.text.HAL_CAN_TxMailbox1CompleteCallback)
    HAL_CAN_TxMailbox2AbortCallback          0x08001091   Thumb Code     2  stm32f7xx_hal_can.o(.text.HAL_CAN_TxMailbox2AbortCallback)
    HAL_CAN_TxMailbox2CompleteCallback       0x08001099   Thumb Code     2  stm32f7xx_hal_can.o(.text.HAL_CAN_TxMailbox2CompleteCallback)
    HAL_CAN_WakeUpFromRxMsgCallback          0x080010a1   Thumb Code     2  stm32f7xx_hal_can.o(.text.HAL_CAN_WakeUpFromRxMsgCallback)
    HAL_CRCEx_Polynomial_Set                 0x080010a9   Thumb Code   156  stm32f7xx_hal_crc_ex.o(.text.HAL_CRCEx_Polynomial_Set)
    HAL_CRC_Init                             0x08001149   Thumb Code   266  stm32f7xx_hal_crc.o(.text.HAL_CRC_Init)
    HAL_CRC_MspInit                          0x08001259   Thumb Code    46  crc.o(.text.HAL_CRC_MspInit)
    HAL_GPIO_Init                            0x08001289   Thumb Code   602  stm32f7xx_hal_gpio.o(.text.HAL_GPIO_Init)
    HAL_GPIO_WritePin                        0x080014e9   Thumb Code    62  stm32f7xx_hal_gpio.o(.text.HAL_GPIO_WritePin)
    HAL_GetTick                              0x08001529   Thumb Code    12  stm32f7xx_hal.o(.text.HAL_GetTick)
    HAL_IncTick                              0x08001539   Thumb Code    26  stm32f7xx_hal.o(.text.HAL_IncTick)
    HAL_Init                                 0x08001559   Thumb Code    38  stm32f7xx_hal.o(.text.HAL_Init)
    HAL_InitTick                             0x08001581   Thumb Code    80  stm32f7xx_hal.o(.text.HAL_InitTick)
    HAL_MspInit                              0x080015d1   Thumb Code    60  stm32f7xx_hal_msp.o(.text.HAL_MspInit)
    HAL_NVIC_EnableIRQ                       0x08001611   Thumb Code    46  stm32f7xx_hal_cortex.o(.text.HAL_NVIC_EnableIRQ)
    HAL_NVIC_SetPriority                     0x08001641   Thumb Code   130  stm32f7xx_hal_cortex.o(.text.HAL_NVIC_SetPriority)
    HAL_NVIC_SetPriorityGrouping             0x080016c9   Thumb Code    56  stm32f7xx_hal_cortex.o(.text.HAL_NVIC_SetPriorityGrouping)
    HAL_PWREx_EnableOverDrive                0x08001701   Thumb Code   118  stm32f7xx_hal_pwr_ex.o(.text.HAL_PWREx_EnableOverDrive)
    HAL_PWR_EnableBkUpAccess                 0x08001779   Thumb Code    18  stm32f7xx_hal_pwr.o(.text.HAL_PWR_EnableBkUpAccess)
    HAL_RCCEx_PeriphCLKConfig                0x08001791   Thumb Code  2946  stm32f7xx_hal_rcc_ex.o(.text.HAL_RCCEx_PeriphCLKConfig)
    HAL_RCC_ClockConfig                      0x08002319   Thumb Code   654  stm32f7xx_hal_rcc.o(.text.HAL_RCC_ClockConfig)
    HAL_RCC_OscConfig                        0x080025a9   Thumb Code  1204  stm32f7xx_hal_rcc.o(.text.HAL_RCC_OscConfig)
    HAL_RTC_Init                             0x08002a61   Thumb Code   460  stm32f7xx_hal_rtc.o(.text.HAL_RTC_Init)
    HAL_RTC_MspInit                          0x08002c31   Thumb Code    74  rtc.o(.text.HAL_RTC_MspInit)
    HAL_SYSTICK_Config                       0x08002c81   Thumb Code    44  stm32f7xx_hal_cortex.o(.text.HAL_SYSTICK_Config)
    HardFault_Handler                        0x08002cb1   Thumb Code     2  stm32f7xx_it.o(.text.HardFault_Handler)
    MX_CAN1_Init                             0x08002cb9   Thumb Code    60  can.o(.text.MX_CAN1_Init)
    MX_CRC_Init                              0x08002cf9   Thumb Code    50  crc.o(.text.MX_CRC_Init)
    MX_FREERTOS_Init                         0x08002d31   Thumb Code   220  freertos.o(.text.MX_FREERTOS_Init)
    MX_GPIO_Init                             0x08002e11   Thumb Code   138  gpio.o(.text.MX_GPIO_Init)
    MX_RTC_Init                              0x08002ea1   Thumb Code    56  rtc.o(.text.MX_RTC_Init)
    MemManage_Handler                        0x08002ed9   Thumb Code     2  stm32f7xx_it.o(.text.MemManage_Handler)
    NMI_Handler                              0x08002ee1   Thumb Code     2  stm32f7xx_it.o(.text.NMI_Handler)
    PendSV_Handler                           0x08002ef1   Thumb Code   100  port.o(.text.PendSV_Handler)
    SVC_Handler                              0x08002f61   Thumb Code    36  port.o(.text.SVC_Handler)
    StartBSWTask10ms                         0x08002f89   Thumb Code    76  freertos.o(.text.StartBSWTask10ms)
    StartTask10ms                            0x08002fd9   Thumb Code     8  freertos.o(.text.StartTask10ms)
    SysTick_Handler                          0x08002fe1   Thumb Code    24  stm32f7xx_it.o(.text.SysTick_Handler)
    SystemClock_Config                       0x08002ff9   Thumb Code   210  main.o(.text.SystemClock_Config)
    SystemInit                               0x080030d1   Thumb Code    18  system_stm32f7xx.o(.text.SystemInit)
    UsageFault_Handler                       0x08003101   Thumb Code     2  stm32f7xx_it.o(.text.UsageFault_Handler)
    assert_failed                            0x08003109   Thumb Code     2  main.o(.text.assert_failed)
    main                                     0x08003111   Thumb Code   166  main.o(.text.main)
    osDelay                                  0x080031b9   Thumb Code    72  cmsis_os2.o(.text.osDelay)
    osEventFlagsNew                          0x08003201   Thumb Code    90  cmsis_os2.o(.text.osEventFlagsNew)
    osKernelInitialize                       0x08003261   Thumb Code    74  cmsis_os2.o(.text.osKernelInitialize)
    osKernelStart                            0x080032b1   Thumb Code    80  cmsis_os2.o(.text.osKernelStart)
    osMutexNew                               0x08003301   Thumb Code   188  cmsis_os2.o(.text.osMutexNew)
    osSemaphoreNew                           0x080033c1   Thumb Code   262  cmsis_os2.o(.text.osSemaphoreNew)
    osThreadNew                              0x080034c9   Thumb Code   254  cmsis_os2.o(.text.osThreadNew)
    osTimerNew                               0x080035c9   Thumb Code   204  cmsis_os2.o(.text.osTimerNew)
    pvPortMalloc                             0x08003e11   Thumb Code   448  heap_4.o(.text.pvPortMalloc)
    pvTimerGetTimerID                        0x08003fd1   Thumb Code    42  timers.o(.text.pvTimerGetTimerID)
    pxPortInitialiseStack                    0x08004001   Thumb Code    44  port.o(.text.pxPortInitialiseStack)
    uxListRemove                             0x08004031   Thumb Code    42  list.o(.text.uxListRemove)
    vApplicationGetIdleTaskMemory            0x08004061   Thumb Code    26  cmsis_os2.o(.text.vApplicationGetIdleTaskMemory)
    vApplicationGetTimerTaskMemory           0x08004081   Thumb Code    26  cmsis_os2.o(.text.vApplicationGetTimerTaskMemory)
    vApplicationStackOverflowHook            0x080040a1   Thumb Code     2  freertos.o(.text.vApplicationStackOverflowHook)
    vListInitialise                          0x080040a9   Thumb Code    22  list.o(.text.vListInitialise)
    vListInitialiseItem                      0x080040c1   Thumb Code     6  list.o(.text.vListInitialiseItem)
    vListInsert                              0x080040c9   Thumb Code    58  list.o(.text.vListInsert)
    vListInsertEnd                           0x08004109   Thumb Code    28  list.o(.text.vListInsertEnd)
    vPortEnterCritical                       0x08004141   Thumb Code    82  port.o(.text.vPortEnterCritical)
    vPortExitCritical                        0x08004199   Thumb Code    50  port.o(.text.vPortExitCritical)
    vPortFree                                0x080041d1   Thumb Code   204  heap_4.o(.text.vPortFree)
    vPortSetupTimerInterrupt                 0x080042a1   Thumb Code    52  port.o(.text.vPortSetupTimerInterrupt)
    vQueueAddToRegistry                      0x080042d9   Thumb Code    38  queue.o(.text.vQueueAddToRegistry)
    vQueueDelete                             0x08004301   Thumb Code    76  queue.o(.text.vQueueDelete)
    vQueueWaitForMessageRestricted           0x08004351   Thumb Code    70  queue.o(.text.vQueueWaitForMessageRestricted)
    vTaskDelay                               0x08004399   Thumb Code   178  tasks.o(.text.vTaskDelay)
    vTaskInternalSetTimeOutState             0x08004451   Thumb Code    26  tasks.o(.text.vTaskInternalSetTimeOutState)
    vTaskMissedYield                         0x08004471   Thumb Code    14  tasks.o(.text.vTaskMissedYield)
    vTaskPlaceOnEventList                    0x08004481   Thumb Code    58  tasks.o(.text.vTaskPlaceOnEventList)
    vTaskPlaceOnEventListRestricted          0x080044c1   Thumb Code    66  tasks.o(.text.vTaskPlaceOnEventListRestricted)
    vTaskStartScheduler                      0x08004509   Thumb Code   164  tasks.o(.text.vTaskStartScheduler)
    vTaskSuspendAll                          0x080045b9   Thumb Code    16  tasks.o(.text.vTaskSuspendAll)
    vTaskSwitchContext                       0x080045c9   Thumb Code   182  tasks.o(.text.vTaskSwitchContext)
    xEventGroupCreate                        0x08004681   Thumb Code    28  event_groups.o(.text.xEventGroupCreate)
    xEventGroupCreateStatic                  0x080046a1   Thumb Code    86  event_groups.o(.text.xEventGroupCreateStatic)
    xPortStartScheduler                      0x080046f9   Thumb Code   246  port.o(.text.xPortStartScheduler)
    xPortSysTickHandler                      0x080047f1   Thumb Code    50  port.o(.text.xPortSysTickHandler)
    xQueueCreateCountingSemaphore            0x08004829   Thumb Code    74  queue.o(.text.xQueueCreateCountingSemaphore)
    xQueueCreateCountingSemaphoreStatic      0x08004879   Thumb Code    86  queue.o(.text.xQueueCreateCountingSemaphoreStatic)
    xQueueCreateMutex                        0x080048d1   Thumb Code    40  queue.o(.text.xQueueCreateMutex)
    xQueueCreateMutexStatic                  0x080048f9   Thumb Code   170  queue.o(.text.xQueueCreateMutexStatic)
    xQueueGenericCreate                      0x080049a9   Thumb Code   146  queue.o(.text.xQueueGenericCreate)
    xQueueGenericCreateStatic                0x08004a41   Thumb Code   238  queue.o(.text.xQueueGenericCreateStatic)
    xQueueGenericSend                        0x08004b31   Thumb Code   550  queue.o(.text.xQueueGenericSend)
    xQueueReceive                            0x08004d59   Thumb Code   436  queue.o(.text.xQueueReceive)
    xTaskCheckForTimeOut                     0x08004f11   Thumb Code   180  tasks.o(.text.xTaskCheckForTimeOut)
    xTaskCreate                              0x08004fc9   Thumb Code   226  tasks.o(.text.xTaskCreate)
    xTaskCreateStatic                        0x080050b1   Thumb Code   262  tasks.o(.text.xTaskCreateStatic)
    xTaskGetSchedulerState                   0x080051b9   Thumb Code    36  tasks.o(.text.xTaskGetSchedulerState)
    xTaskGetTickCount                        0x080051e1   Thumb Code    12  tasks.o(.text.xTaskGetTickCount)
    xTaskIncrementTick                       0x080051f1   Thumb Code   370  tasks.o(.text.xTaskIncrementTick)
    xTaskPriorityDisinherit                  0x08005369   Thumb Code   154  tasks.o(.text.xTaskPriorityDisinherit)
    xTaskRemoveFromEventList                 0x08005409   Thumb Code   146  tasks.o(.text.xTaskRemoveFromEventList)
    xTaskResumeAll                           0x080054a1   Thumb Code   316  tasks.o(.text.xTaskResumeAll)
    xTimerCreate                             0x080055e1   Thumb Code   106  timers.o(.text.xTimerCreate)
    xTimerCreateStatic                       0x08005651   Thumb Code   162  timers.o(.text.xTimerCreateStatic)
    xTimerCreateTimerTask                    0x080056f9   Thumb Code   112  timers.o(.text.xTimerCreateTimerTask)
    _fp_init                                 0x08005771   Thumb Code    26  fpinit.o(x$fpl$fpinit)
    __fplib_config_fpu_vfp                   0x08005789   Thumb Code     0  fpinit.o(x$fpl$fpinit)
    __fplib_config_pureend_doubles           0x08005789   Thumb Code     0  fpinit.o(x$fpl$fpinit)
    AHBPrescTable                            0x0800578a   Data          16  system_stm32f7xx.o(.rodata.AHBPrescTable)
    Task10ms_attributes                      0x0800579c   Data          36  freertos.o(.rodata.Task10ms_attributes)
    TaskBSW10ms_attributes                   0x080057c0   Data          36  freertos.o(.rodata.TaskBSW10ms_attributes)
    myBinarySem01_attributes                 0x080057e4   Data          16  freertos.o(.rodata.myBinarySem01_attributes)
    myCountingSem01_attributes               0x080057f4   Data          16  freertos.o(.rodata.myCountingSem01_attributes)
    myEvent01_attributes                     0x08005804   Data          16  freertos.o(.rodata.myEvent01_attributes)
    myMutex01_attributes                     0x08005814   Data          16  freertos.o(.rodata.myMutex01_attributes)
    myRecursiveMutex01_attributes            0x08005824   Data          16  freertos.o(.rodata.myRecursiveMutex01_attributes)
    myTimer01_attributes                     0x08005834   Data          16  freertos.o(.rodata.myTimer01_attributes)
    Region$$Table$$Base                      0x08005a74   Number         0  anon$$obj.o(Region$$Table)
    Region$$Table$$Limit                     0x08005a94   Number         0  anon$$obj.o(Region$$Table)
    SystemCoreClock                          0x20000000   Data           4  system_stm32f7xx.o(.data.SystemCoreClock)
    uwTickFreq                               0x20000004   Data           1  stm32f7xx_hal.o(.data.uwTickFreq)
    uwTickPrio                               0x20000008   Data           4  stm32f7xx_hal.o(.data.uwTickPrio)
    __libspace_start                         0x20000010   Data          96  libspace.o(.bss)
    CAN1Filter                               0x20000070   Data          40  cannm.o(.bss.CAN1Filter)
    __temporary_stack_top$libspace           0x20000070   Data           0  libspace.o(.bss)
    CANRxHeader                              0x20000098   Data          28  canif.o(.bss.CANRxHeader)
    RxData                                   0x20000214   Data           8  canif.o(.bss.RxData)
    Task10msHandle                           0x2000021c   Data           4  freertos.o(.bss.Task10msHandle)
    TaskBSW10msHandle                        0x20000220   Data           4  freertos.o(.bss.TaskBSW10msHandle)
    hcan1                                    0x20000480   Data          40  can.o(.bss.hcan1)
    hcrc                                     0x200004a8   Data          36  crc.o(.bss.hcrc)
    hrtc                                     0x200004cc   Data          32  rtc.o(.bss.hrtc)
    myBinarySem01Handle                      0x200004ec   Data           4  freertos.o(.bss.myBinarySem01Handle)
    myCountingSem01Handle                    0x200004f0   Data           4  freertos.o(.bss.myCountingSem01Handle)
    myEvent01Handle                          0x200004f4   Data           4  freertos.o(.bss.myEvent01Handle)
    myMutex01Handle                          0x200004f8   Data           4  freertos.o(.bss.myMutex01Handle)
    myRecursiveMutex01Handle                 0x200004fc   Data           4  freertos.o(.bss.myRecursiveMutex01Handle)
    myTimer01Handle                          0x20000500   Data           4  freertos.o(.bss.myTimer01Handle)
    pxCurrentTCB                             0x200005f8   Data           4  tasks.o(.bss.pxCurrentTCB)
    uwTick                                   0x20019a78   Data           4  stm32f7xx_hal.o(.bss.uwTick)
    xQueueRegistry                           0x20019b10   Data          64  queue.o(.bss.xQueueRegistry)



==============================================================================

Memory Map of the image

  Image Entry point : 0x080001f9

  Load Region LR_IROM1 (Base: 0x08000000, Size: 0x00005aa8, Max: 0x00100000, ABSOLUTE)

    Execution Region ER_IROM1 (Exec base: 0x08000000, Load base: 0x08000000, Size: 0x00005a94, Max: 0x00100000, ABSOLUTE)

    Exec Addr    Load Addr    Size         Type   Attr      Idx    E Section Name        Object

    0x08000000   0x08000000   0x000001f8   Data   RO            3    RESET               startup_stm32f767xx.o
    0x080001f8   0x080001f8   0x00000008   Code   RO         1671  * !!!main             c_w.l(__main.o)
    0x08000200   0x08000200   0x00000034   Code   RO         1859    !!!scatter          c_w.l(__scatter.o)
    0x08000234   0x08000234   0x0000001a   Code   RO         1861    !!handler_copy      c_w.l(__scatter_copy.o)
    0x0800024e   0x0800024e   0x00000002   PAD
    0x08000250   0x08000250   0x0000001c   Code   RO         1863    !!handler_zi        c_w.l(__scatter_zi.o)
    0x0800026c   0x0800026c   0x00000000   Code   RO         1654    .ARM.Collect$$_printf_percent$$00000000  c_w.l(_printf_percent.o)
    0x0800026c   0x0800026c   0x00000006   Code   RO         1653    .ARM.Collect$$_printf_percent$$0000000A  c_w.l(_printf_u.o)
    0x08000272   0x08000272   0x00000006   Code   RO         1652    .ARM.Collect$$_printf_percent$$00000013  c_w.l(_printf_c.o)
    0x08000278   0x08000278   0x00000004   Code   RO         1686    .ARM.Collect$$_printf_percent$$00000017  c_w.l(_printf_percent_end.o)
    0x0800027c   0x0800027c   0x00000002   Code   RO         1721    .ARM.Collect$$libinit$$00000000  c_w.l(libinit.o)
    0x0800027e   0x0800027e   0x00000004   Code   RO         1733    .ARM.Collect$$libinit$$00000001  c_w.l(libinit2.o)
    0x08000282   0x08000282   0x00000000   Code   RO         1736    .ARM.Collect$$libinit$$00000004  c_w.l(libinit2.o)
    0x08000282   0x08000282   0x00000000   Code   RO         1738    .ARM.Collect$$libinit$$00000006  c_w.l(libinit2.o)
    0x08000282   0x08000282   0x00000000   Code   RO         1741    .ARM.Collect$$libinit$$0000000C  c_w.l(libinit2.o)
    0x08000282   0x08000282   0x00000000   Code   RO         1743    .ARM.Collect$$libinit$$0000000E  c_w.l(libinit2.o)
    0x08000282   0x08000282   0x00000000   Code   RO         1745    .ARM.Collect$$libinit$$00000010  c_w.l(libinit2.o)
    0x08000282   0x08000282   0x00000000   Code   RO         1748    .ARM.Collect$$libinit$$00000013  c_w.l(libinit2.o)
    0x08000282   0x08000282   0x00000000   Code   RO         1750    .ARM.Collect$$libinit$$00000015  c_w.l(libinit2.o)
    0x08000282   0x08000282   0x00000000   Code   RO         1752    .ARM.Collect$$libinit$$00000017  c_w.l(libinit2.o)
    0x08000282   0x08000282   0x00000000   Code   RO         1754    .ARM.Collect$$libinit$$00000019  c_w.l(libinit2.o)
    0x08000282   0x08000282   0x00000000   Code   RO         1756    .ARM.Collect$$libinit$$0000001B  c_w.l(libinit2.o)
    0x08000282   0x08000282   0x00000000   Code   RO         1758    .ARM.Collect$$libinit$$0000001D  c_w.l(libinit2.o)
    0x08000282   0x08000282   0x00000000   Code   RO         1760    .ARM.Collect$$libinit$$0000001F  c_w.l(libinit2.o)
    0x08000282   0x08000282   0x00000000   Code   RO         1762    .ARM.Collect$$libinit$$00000021  c_w.l(libinit2.o)
    0x08000282   0x08000282   0x00000000   Code   RO         1764    .ARM.Collect$$libinit$$00000023  c_w.l(libinit2.o)
    0x08000282   0x08000282   0x00000000   Code   RO         1766    .ARM.Collect$$libinit$$00000025  c_w.l(libinit2.o)
    0x08000282   0x08000282   0x00000000   Code   RO         1768    .ARM.Collect$$libinit$$00000027  c_w.l(libinit2.o)
    0x08000282   0x08000282   0x00000000   Code   RO         1772    .ARM.Collect$$libinit$$0000002E  c_w.l(libinit2.o)
    0x08000282   0x08000282   0x00000000   Code   RO         1774    .ARM.Collect$$libinit$$00000030  c_w.l(libinit2.o)
    0x08000282   0x08000282   0x00000000   Code   RO         1776    .ARM.Collect$$libinit$$00000032  c_w.l(libinit2.o)
    0x08000282   0x08000282   0x00000000   Code   RO         1778    .ARM.Collect$$libinit$$00000034  c_w.l(libinit2.o)
    0x08000282   0x08000282   0x00000002   Code   RO         1779    .ARM.Collect$$libinit$$00000035  c_w.l(libinit2.o)
    0x08000284   0x08000284   0x00000002   Code   RO         1814    .ARM.Collect$$libshutdown$$00000000  c_w.l(libshutdown.o)
    0x08000286   0x08000286   0x00000000   Code   RO         1842    .ARM.Collect$$libshutdown$$00000002  c_w.l(libshutdown2.o)
    0x08000286   0x08000286   0x00000000   Code   RO         1844    .ARM.Collect$$libshutdown$$00000004  c_w.l(libshutdown2.o)
    0x08000286   0x08000286   0x00000000   Code   RO         1847    .ARM.Collect$$libshutdown$$00000007  c_w.l(libshutdown2.o)
    0x08000286   0x08000286   0x00000000   Code   RO         1850    .ARM.Collect$$libshutdown$$0000000A  c_w.l(libshutdown2.o)
    0x08000286   0x08000286   0x00000000   Code   RO         1852    .ARM.Collect$$libshutdown$$0000000C  c_w.l(libshutdown2.o)
    0x08000286   0x08000286   0x00000000   Code   RO         1855    .ARM.Collect$$libshutdown$$0000000F  c_w.l(libshutdown2.o)
    0x08000286   0x08000286   0x00000002   Code   RO         1856    .ARM.Collect$$libshutdown$$00000010  c_w.l(libshutdown2.o)
    0x08000288   0x08000288   0x00000000   Code   RO         1673    .ARM.Collect$$rtentry$$00000000  c_w.l(__rtentry.o)
    0x08000288   0x08000288   0x00000000   Code   RO         1690    .ARM.Collect$$rtentry$$00000002  c_w.l(__rtentry2.o)
    0x08000288   0x08000288   0x00000006   Code   RO         1702    .ARM.Collect$$rtentry$$00000004  c_w.l(__rtentry4.o)
    0x0800028e   0x0800028e   0x00000000   Code   RO         1692    .ARM.Collect$$rtentry$$00000009  c_w.l(__rtentry2.o)
    0x0800028e   0x0800028e   0x00000004   Code   RO         1693    .ARM.Collect$$rtentry$$0000000A  c_w.l(__rtentry2.o)
    0x08000292   0x08000292   0x00000000   Code   RO         1695    .ARM.Collect$$rtentry$$0000000C  c_w.l(__rtentry2.o)
    0x08000292   0x08000292   0x00000008   Code   RO         1696    .ARM.Collect$$rtentry$$0000000D  c_w.l(__rtentry2.o)
    0x0800029a   0x0800029a   0x00000002   Code   RO         1725    .ARM.Collect$$rtexit$$00000000  c_w.l(rtexit.o)
    0x0800029c   0x0800029c   0x00000000   Code   RO         1785    .ARM.Collect$$rtexit$$00000002  c_w.l(rtexit2.o)
    0x0800029c   0x0800029c   0x00000004   Code   RO         1786    .ARM.Collect$$rtexit$$00000003  c_w.l(rtexit2.o)
    0x080002a0   0x080002a0   0x00000006   Code   RO         1787    .ARM.Collect$$rtexit$$00000004  c_w.l(rtexit2.o)
    0x080002a6   0x080002a6   0x00000002   PAD
    0x080002a8   0x080002a8   0x00000040   Code   RO            4    .text               startup_stm32f767xx.o
    0x080002e8   0x080002e8   0x000000f0   Code   RO         1620    .text               c_w.l(lludivv7m.o)
    0x080003d8   0x080003d8   0x00000052   Code   RO         1628    .text               c_w.l(_printf_str.o)
    0x0800042a   0x0800042a   0x00000002   PAD
    0x0800042c   0x0800042c   0x00000078   Code   RO         1630    .text               c_w.l(_printf_dec.o)
    0x080004a4   0x080004a4   0x0000008a   Code   RO         1659    .text               c_w.l(rt_memcpy_v6.o)
    0x0800052e   0x0800052e   0x00000010   Code   RO         1663    .text               c_w.l(aeabi_memset4.o)
    0x0800053e   0x0800053e   0x0000004e   Code   RO         1667    .text               c_w.l(rt_memclr_w.o)
    0x0800058c   0x0800058c   0x00000006   Code   RO         1669    .text               c_w.l(heapauxi.o)
    0x08000592   0x08000592   0x000000b2   Code   RO         1678    .text               c_w.l(_printf_intcommon.o)
    0x08000644   0x08000644   0x0000002c   Code   RO         1684    .text               c_w.l(_printf_char.o)
    0x08000670   0x08000670   0x00000064   Code   RO         1687    .text               c_w.l(rt_memcpy_w.o)
    0x080006d4   0x080006d4   0x0000004a   Code   RO         1708    .text               c_w.l(sys_stackheap_outer.o)
    0x0800071e   0x0800071e   0x00000012   Code   RO         1710    .text               c_w.l(exit.o)
    0x08000730   0x08000730   0x00000008   Code   RO         1722    .text               c_w.l(libspace.o)
    0x08000738   0x08000738   0x0000000c   Code   RO         1780    .text               c_w.l(sys_exit.o)
    0x08000744   0x08000744   0x00000002   Code   RO         1803    .text               c_w.l(use_no_semi.o)
    0x08000746   0x08000746   0x00000000   Code   RO         1805    .text               c_w.l(indicate_semi.o)
    0x08000746   0x08000746   0x00000002   PAD
    0x08000748   0x08000748   0x00000002   Code   RO          123    .text.BusFault_Handler  stm32f7xx_it.o
    0x0800074a   0x0800074a   0x00000006   PAD
    0x08000750   0x08000750   0x0000000c   Code   RO          131    .text.CAN1_RX0_IRQHandler  stm32f7xx_it.o
    0x0800075c   0x0800075c   0x00000004   PAD
    0x08000760   0x08000760   0x0000000c   Code   RO          133    .text.CAN1_RX1_IRQHandler  stm32f7xx_it.o
    0x0800076c   0x0800076c   0x00000004   PAD
    0x08000770   0x08000770   0x0000000c   Code   RO          135    .text.CAN1_SCE_IRQHandler  stm32f7xx_it.o
    0x0800077c   0x0800077c   0x00000004   PAD
    0x08000780   0x08000780   0x00000002   Code   RO           41    .text.Callback01    freertos.o
    0x08000782   0x08000782   0x00000006   PAD
    0x08000788   0x08000788   0x0000003e   Code   RO         1610    .text.CanNm_NormalEntry  cannm.o
    0x080007c6   0x080007c6   0x00000002   PAD
    0x080007c8   0x080007c8   0x00000002   Code   RO          127    .text.DebugMon_Handler  stm32f7xx_it.o
    0x080007ca   0x080007ca   0x00000006   PAD
    0x080007d0   0x080007d0   0x0000000a   Code   RO           15    .text.Error_Handler  main.o
    0x080007da   0x080007da   0x00000006   PAD
    0x080007e0   0x080007e0   0x00000048   Code   RO          187    .text.HAL_CAN_ActivateNotification  stm32f7xx_hal_can.o
    0x08000828   0x08000828   0x0000012e   Code   RO          173    .text.HAL_CAN_AddTxMessage  stm32f7xx_hal_can.o
    0x08000956   0x08000956   0x00000002   PAD
    0x08000958   0x08000958   0x00000002   Code   RO          217    .text.HAL_CAN_ErrorCallback  stm32f7xx_hal_can.o
    0x0800095a   0x0800095a   0x00000006   PAD
    0x08000960   0x08000960   0x0000014a   Code   RO          183    .text.HAL_CAN_GetRxMessage  stm32f7xx_hal_can.o
    0x08000aaa   0x08000aaa   0x00000006   PAD
    0x08000ab0   0x08000ab0   0x00000244   Code   RO          191    .text.HAL_CAN_IRQHandler  stm32f7xx_hal_can.o
    0x08000cf4   0x08000cf4   0x00000004   PAD
    0x08000cf8   0x08000cf8   0x0000022e   Code   RO          153    .text.HAL_CAN_Init  stm32f7xx_hal_can.o
    0x08000f26   0x08000f26   0x00000002   PAD
    0x08000f28   0x08000f28   0x000000a0   Code   RO           74    .text.HAL_CAN_MspInit  can.o
    0x08000fc8   0x08000fc8   0x00000016   Code   RO         1597    .text.HAL_CAN_RxFifo0FullCallback  canif.o
    0x08000fde   0x08000fde   0x00000002   PAD
    0x08000fe0   0x08000fe0   0x00000016   Code   RO         1599    .text.HAL_CAN_RxFifo0MsgPendingCallback  canif.o
    0x08000ff6   0x08000ff6   0x00000002   PAD
    0x08000ff8   0x08000ff8   0x00000002   Code   RO          209    .text.HAL_CAN_RxFifo1FullCallback  stm32f7xx_hal_can.o
    0x08000ffa   0x08000ffa   0x00000006   PAD
    0x08001000   0x08001000   0x00000002   Code   RO          211    .text.HAL_CAN_RxFifo1MsgPendingCallback  stm32f7xx_hal_can.o
    0x08001002   0x08001002   0x00000006   PAD
    0x08001008   0x08001008   0x00000002   Code   RO          213    .text.HAL_CAN_SleepCallback  stm32f7xx_hal_can.o
    0x0800100a   0x0800100a   0x00000006   PAD
    0x08001010   0x08001010   0x0000005a   Code   RO          165    .text.HAL_CAN_Start  stm32f7xx_hal_can.o
    0x0800106a   0x0800106a   0x00000006   PAD
    0x08001070   0x08001070   0x00000002   Code   RO          195    .text.HAL_CAN_TxMailbox0AbortCallback  stm32f7xx_hal_can.o
    0x08001072   0x08001072   0x00000006   PAD
    0x08001078   0x08001078   0x00000002   Code   RO          193    .text.HAL_CAN_TxMailbox0CompleteCallback  stm32f7xx_hal_can.o
    0x0800107a   0x0800107a   0x00000006   PAD
    0x08001080   0x08001080   0x00000002   Code   RO          199    .text.HAL_CAN_TxMailbox1AbortCallback  stm32f7xx_hal_can.o
    0x08001082   0x08001082   0x00000006   PAD
    0x08001088   0x08001088   0x00000002   Code   RO          197    .text.HAL_CAN_TxMailbox1CompleteCallback  stm32f7xx_hal_can.o
    0x0800108a   0x0800108a   0x00000006   PAD
    0x08001090   0x08001090   0x00000002   Code   RO          203    .text.HAL_CAN_TxMailbox2AbortCallback  stm32f7xx_hal_can.o
    0x08001092   0x08001092   0x00000006   PAD
    0x08001098   0x08001098   0x00000002   Code   RO          201    .text.HAL_CAN_TxMailbox2CompleteCallback  stm32f7xx_hal_can.o
    0x0800109a   0x0800109a   0x00000006   PAD
    0x080010a0   0x080010a0   0x00000002   Code   RO          215    .text.HAL_CAN_WakeUpFromRxMsgCallback  stm32f7xx_hal_can.o
    0x080010a2   0x080010a2   0x00000006   PAD
    0x080010a8   0x080010a8   0x0000009c   Code   RO          841    .text.HAL_CRCEx_Polynomial_Set  stm32f7xx_hal_crc_ex.o
    0x08001144   0x08001144   0x00000004   PAD
    0x08001148   0x08001148   0x0000010a   Code   RO          816    .text.HAL_CRC_Init  stm32f7xx_hal_crc.o
    0x08001252   0x08001252   0x00000006   PAD
    0x08001258   0x08001258   0x0000002e   Code   RO           89    .text.HAL_CRC_MspInit  crc.o
    0x08001286   0x08001286   0x00000002   PAD
    0x08001288   0x08001288   0x0000025a   Code   RO          347    .text.HAL_GPIO_Init  stm32f7xx_hal_gpio.o
    0x080014e2   0x080014e2   0x00000006   PAD
    0x080014e8   0x080014e8   0x0000003e   Code   RO          353    .text.HAL_GPIO_WritePin  stm32f7xx_hal_gpio.o
    0x08001526   0x08001526   0x00000002   PAD
    0x08001528   0x08001528   0x0000000c   Code   RO          558    .text.HAL_GetTick   stm32f7xx_hal.o
    0x08001534   0x08001534   0x00000004   PAD
    0x08001538   0x08001538   0x0000001a   Code   RO          556    .text.HAL_IncTick   stm32f7xx_hal.o
    0x08001552   0x08001552   0x00000006   PAD
    0x08001558   0x08001558   0x00000026   Code   RO          546    .text.HAL_Init      stm32f7xx_hal.o
    0x0800157e   0x0800157e   0x00000002   PAD
    0x08001580   0x08001580   0x00000050   Code   RO          548    .text.HAL_InitTick  stm32f7xx_hal.o
    0x080015d0   0x080015d0   0x0000003c   Code   RO          144    .text.HAL_MspInit   stm32f7xx_hal_msp.o
    0x0800160c   0x0800160c   0x00000004   PAD
    0x08001610   0x08001610   0x0000002e   Code   RO          503    .text.HAL_NVIC_EnableIRQ  stm32f7xx_hal_cortex.o
    0x0800163e   0x0800163e   0x00000002   PAD
    0x08001640   0x08001640   0x00000082   Code   RO          501    .text.HAL_NVIC_SetPriority  stm32f7xx_hal_cortex.o
    0x080016c2   0x080016c2   0x00000006   PAD
    0x080016c8   0x080016c8   0x00000038   Code   RO          499    .text.HAL_NVIC_SetPriorityGrouping  stm32f7xx_hal_cortex.o
    0x08001700   0x08001700   0x00000076   Code   RO          480    .text.HAL_PWREx_EnableOverDrive  stm32f7xx_hal_pwr_ex.o
    0x08001776   0x08001776   0x00000002   PAD
    0x08001778   0x08001778   0x00000012   Code   RO          423    .text.HAL_PWR_EnableBkUpAccess  stm32f7xx_hal_pwr.o
    0x0800178a   0x0800178a   0x00000006   PAD
    0x08001790   0x08001790   0x00000b82   Code   RO          271    .text.HAL_RCCEx_PeriphCLKConfig  stm32f7xx_hal_rcc_ex.o
    0x08002312   0x08002312   0x00000006   PAD
    0x08002318   0x08002318   0x0000028e   Code   RO          238    .text.HAL_RCC_ClockConfig  stm32f7xx_hal_rcc.o
    0x080025a6   0x080025a6   0x00000002   PAD
    0x080025a8   0x080025a8   0x000004b4   Code   RO          236    .text.HAL_RCC_OscConfig  stm32f7xx_hal_rcc.o
    0x08002a5c   0x08002a5c   0x00000004   PAD
    0x08002a60   0x08002a60   0x000001cc   Code   RO          856    .text.HAL_RTC_Init  stm32f7xx_hal_rtc.o
    0x08002c2c   0x08002c2c   0x00000004   PAD
    0x08002c30   0x08002c30   0x0000004a   Code   RO          104    .text.HAL_RTC_MspInit  rtc.o
    0x08002c7a   0x08002c7a   0x00000006   PAD
    0x08002c80   0x08002c80   0x0000002c   Code   RO          511    .text.HAL_SYSTICK_Config  stm32f7xx_hal_cortex.o
    0x08002cac   0x08002cac   0x00000004   PAD
    0x08002cb0   0x08002cb0   0x00000002   Code   RO          119    .text.HardFault_Handler  stm32f7xx_it.o
    0x08002cb2   0x08002cb2   0x00000006   PAD
    0x08002cb8   0x08002cb8   0x0000003c   Code   RO           72    .text.MX_CAN1_Init  can.o
    0x08002cf4   0x08002cf4   0x00000004   PAD
    0x08002cf8   0x08002cf8   0x00000032   Code   RO           87    .text.MX_CRC_Init   crc.o
    0x08002d2a   0x08002d2a   0x00000006   PAD
    0x08002d30   0x08002d30   0x000000dc   Code   RO           39    .text.MX_FREERTOS_Init  freertos.o
    0x08002e0c   0x08002e0c   0x00000004   PAD
    0x08002e10   0x08002e10   0x0000008a   Code   RO           28    .text.MX_GPIO_Init  gpio.o
    0x08002e9a   0x08002e9a   0x00000006   PAD
    0x08002ea0   0x08002ea0   0x00000038   Code   RO          102    .text.MX_RTC_Init   rtc.o
    0x08002ed8   0x08002ed8   0x00000002   Code   RO          121    .text.MemManage_Handler  stm32f7xx_it.o
    0x08002eda   0x08002eda   0x00000006   PAD
    0x08002ee0   0x08002ee0   0x00000002   Code   RO          117    .text.NMI_Handler   stm32f7xx_it.o
    0x08002ee2   0x08002ee2   0x0000000e   PAD
    0x08002ef0   0x08002ef0   0x00000064   Code   RO         1580    .text.PendSV_Handler  port.o
    0x08002f54   0x08002f54   0x0000000c   PAD
    0x08002f60   0x08002f60   0x00000024   Code   RO         1564    .text.SVC_Handler   port.o
    0x08002f84   0x08002f84   0x00000004   PAD
    0x08002f88   0x08002f88   0x0000004c   Code   RO           45    .text.StartBSWTask10ms  freertos.o
    0x08002fd4   0x08002fd4   0x00000004   PAD
    0x08002fd8   0x08002fd8   0x00000008   Code   RO           43    .text.StartTask10ms  freertos.o
    0x08002fe0   0x08002fe0   0x00000018   Code   RO          129    .text.SysTick_Handler  stm32f7xx_it.o
    0x08002ff8   0x08002ff8   0x000000d2   Code   RO           13    .text.SystemClock_Config  main.o
    0x080030ca   0x080030ca   0x00000006   PAD
    0x080030d0   0x080030d0   0x00000012   Code   RO         1002    .text.SystemInit    system_stm32f7xx.o
    0x080030e2   0x080030e2   0x00000006   PAD
    0x080030e8   0x080030e8   0x00000016   Code   RO         1455    .text.TimerCallback  cmsis_os2.o
    0x080030fe   0x080030fe   0x00000002   PAD
    0x08003100   0x08003100   0x00000002   Code   RO          125    .text.UsageFault_Handler  stm32f7xx_it.o
    0x08003102   0x08003102   0x00000006   PAD
    0x08003108   0x08003108   0x00000002   Code   RO           17    .text.assert_failed  main.o
    0x0800310a   0x0800310a   0x00000006   PAD
    0x08003110   0x08003110   0x000000a6   Code   RO           11    .text.main          main.o
    0x080031b6   0x080031b6   0x00000002   PAD
    0x080031b8   0x080031b8   0x00000048   Code   RO         1449    .text.osDelay       cmsis_os2.o
    0x08003200   0x08003200   0x0000005a   Code   RO         1467    .text.osEventFlagsNew  cmsis_os2.o
    0x0800325a   0x0800325a   0x00000006   PAD
    0x08003260   0x08003260   0x0000004a   Code   RO         1391    .text.osKernelInitialize  cmsis_os2.o
    0x080032aa   0x080032aa   0x00000006   PAD
    0x080032b0   0x080032b0   0x00000050   Code   RO         1397    .text.osKernelStart  cmsis_os2.o
    0x08003300   0x08003300   0x000000bc   Code   RO         1479    .text.osMutexNew    cmsis_os2.o
    0x080033bc   0x080033bc   0x00000004   PAD
    0x080033c0   0x080033c0   0x00000106   Code   RO         1489    .text.osSemaphoreNew  cmsis_os2.o
    0x080034c6   0x080034c6   0x00000002   PAD
    0x080034c8   0x080034c8   0x000000fe   Code   RO         1413    .text.osThreadNew   cmsis_os2.o
    0x080035c6   0x080035c6   0x00000002   PAD
    0x080035c8   0x080035c8   0x000000cc   Code   RO         1453    .text.osTimerNew    cmsis_os2.o
    0x08003694   0x08003694   0x00000004   PAD
    0x08003698   0x08003698   0x0000008c   Code   RO         1209    .text.prvAddCurrentTaskToDelayedList  tasks.o
    0x08003724   0x08003724   0x00000004   PAD
    0x08003728   0x08003728   0x0000011c   Code   RO         1199    .text.prvAddNewTaskToReadyList  tasks.o
    0x08003844   0x08003844   0x00000004   PAD
    0x08003848   0x08003848   0x0000007c   Code   RO         1338    .text.prvCheckForValidListAndQueue  timers.o
    0x080038c4   0x080038c4   0x00000004   PAD
    0x080038c8   0x080038c8   0x0000009a   Code   RO         1233    .text.prvIdleTask   tasks.o
    0x08003962   0x08003962   0x00000006   PAD
    0x08003968   0x08003968   0x00000028   Code   RO         1572    .text.prvPortStartFirstTask  port.o
    0x08003990   0x08003990   0x000000f2   Code   RO         1372    .text.prvSampleTimeNow  timers.o
    0x08003a82   0x08003a82   0x00000006   PAD
    0x08003a88   0x08003a88   0x00000036   Code   RO         1562    .text.prvTaskExitError  port.o
    0x08003abe   0x08003abe   0x00000002   PAD
    0x08003ac0   0x08003ac0   0x000002ca   Code   RO         1340    .text.prvTimerTask  timers.o
    0x08003d8a   0x08003d8a   0x00000006   PAD
    0x08003d90   0x08003d90   0x0000007a   Code   RO         1098    .text.prvUnlockQueue  queue.o
    0x08003e0a   0x08003e0a   0x00000006   PAD
    0x08003e10   0x08003e10   0x000001c0   Code   RO         1536    .text.pvPortMalloc  heap_4.o
    0x08003fd0   0x08003fd0   0x0000002a   Code   RO         1360    .text.pvTimerGetTimerID  timers.o
    0x08003ffa   0x08003ffa   0x00000006   PAD
    0x08004000   0x08004000   0x0000002c   Code   RO         1560    .text.pxPortInitialiseStack  port.o
    0x0800402c   0x0800402c   0x00000004   PAD
    0x08004030   0x08004030   0x0000002a   Code   RO         1062    .text.uxListRemove  list.o
    0x0800405a   0x0800405a   0x00000006   PAD
    0x08004060   0x08004060   0x0000001a   Code   RO         1519    .text.vApplicationGetIdleTaskMemory  cmsis_os2.o
    0x0800407a   0x0800407a   0x00000006   PAD
    0x08004080   0x08004080   0x0000001a   Code   RO         1521    .text.vApplicationGetTimerTaskMemory  cmsis_os2.o
    0x0800409a   0x0800409a   0x00000006   PAD
    0x080040a0   0x080040a0   0x00000002   Code   RO           37    .text.vApplicationStackOverflowHook  freertos.o
    0x080040a2   0x080040a2   0x00000006   PAD
    0x080040a8   0x080040a8   0x00000016   Code   RO         1054    .text.vListInitialise  list.o
    0x080040be   0x080040be   0x00000002   PAD
    0x080040c0   0x080040c0   0x00000006   Code   RO         1056    .text.vListInitialiseItem  list.o
    0x080040c6   0x080040c6   0x00000002   PAD
    0x080040c8   0x080040c8   0x0000003a   Code   RO         1060    .text.vListInsert   list.o
    0x08004102   0x08004102   0x00000006   PAD
    0x08004108   0x08004108   0x0000001c   Code   RO         1058    .text.vListInsertEnd  list.o
    0x08004124   0x08004124   0x00000004   PAD
    0x08004128   0x08004128   0x00000014   Code   RO         1570    .text.vPortEnableVFP  port.o
    0x0800413c   0x0800413c   0x00000004   PAD
    0x08004140   0x08004140   0x00000052   Code   RO         1576    .text.vPortEnterCritical  port.o
    0x08004192   0x08004192   0x00000006   PAD
    0x08004198   0x08004198   0x00000032   Code   RO         1578    .text.vPortExitCritical  port.o
    0x080041ca   0x080041ca   0x00000006   PAD
    0x080041d0   0x080041d0   0x000000cc   Code   RO         1538    .text.vPortFree     heap_4.o
    0x0800429c   0x0800429c   0x00000004   PAD
    0x080042a0   0x080042a0   0x00000034   Code   RO         1568    .text.vPortSetupTimerInterrupt  port.o
    0x080042d4   0x080042d4   0x00000004   PAD
    0x080042d8   0x080042d8   0x00000026   Code   RO         1132    .text.vQueueAddToRegistry  queue.o
    0x080042fe   0x080042fe   0x00000002   PAD
    0x08004300   0x08004300   0x0000004c   Code   RO         1118    .text.vQueueDelete  queue.o
    0x0800434c   0x0800434c   0x00000004   PAD
    0x08004350   0x08004350   0x00000046   Code   RO         1136    .text.vQueueWaitForMessageRestricted  queue.o
    0x08004396   0x08004396   0x00000002   PAD
    0x08004398   0x08004398   0x000000b2   Code   RO         1213    .text.vTaskDelay    tasks.o
    0x0800444a   0x0800444a   0x00000006   PAD
    0x08004450   0x08004450   0x0000001a   Code   RO         1265    .text.vTaskInternalSetTimeOutState  tasks.o
    0x0800446a   0x0800446a   0x00000006   PAD
    0x08004470   0x08004470   0x0000000e   Code   RO         1269    .text.vTaskMissedYield  tasks.o
    0x0800447e   0x0800447e   0x00000002   PAD
    0x08004480   0x08004480   0x0000003a   Code   RO         1253    .text.vTaskPlaceOnEventList  tasks.o
    0x080044ba   0x080044ba   0x00000006   PAD
    0x080044c0   0x080044c0   0x00000042   Code   RO         1257    .text.vTaskPlaceOnEventListRestricted  tasks.o
    0x08004502   0x08004502   0x00000006   PAD
    0x08004508   0x08004508   0x000000ac   Code   RO         1231    .text.vTaskStartScheduler  tasks.o
    0x080045b4   0x080045b4   0x00000004   PAD
    0x080045b8   0x080045b8   0x00000010   Code   RO         1207    .text.vTaskSuspendAll  tasks.o
    0x080045c8   0x080045c8   0x000000b6   Code   RO         1225    .text.vTaskSwitchContext  tasks.o
    0x0800467e   0x0800467e   0x00000002   PAD
    0x08004680   0x08004680   0x0000001c   Code   RO         1020    .text.xEventGroupCreate  event_groups.o
    0x0800469c   0x0800469c   0x00000004   PAD
    0x080046a0   0x080046a0   0x00000056   Code   RO         1018    .text.xEventGroupCreateStatic  event_groups.o
    0x080046f6   0x080046f6   0x00000002   PAD
    0x080046f8   0x080046f8   0x000000f6   Code   RO         1566    .text.xPortStartScheduler  port.o
    0x080047ee   0x080047ee   0x00000002   PAD
    0x080047f0   0x080047f0   0x00000032   Code   RO         1582    .text.xPortSysTickHandler  port.o
    0x08004822   0x08004822   0x00000006   PAD
    0x08004828   0x08004828   0x0000004a   Code   RO         1096    .text.xQueueCreateCountingSemaphore  queue.o
    0x08004872   0x08004872   0x00000006   PAD
    0x08004878   0x08004878   0x00000056   Code   RO         1094    .text.xQueueCreateCountingSemaphoreStatic  queue.o
    0x080048ce   0x080048ce   0x00000002   PAD
    0x080048d0   0x080048d0   0x00000028   Code   RO         1078    .text.xQueueCreateMutex  queue.o
    0x080048f8   0x080048f8   0x000000aa   Code   RO         1080    .text.xQueueCreateMutexStatic  queue.o
    0x080049a2   0x080049a2   0x00000006   PAD
    0x080049a8   0x080049a8   0x00000092   Code   RO         1076    .text.xQueueGenericCreate  queue.o
    0x08004a3a   0x08004a3a   0x00000006   PAD
    0x08004a40   0x08004a40   0x000000ee   Code   RO         1074    .text.xQueueGenericCreateStatic  queue.o
    0x08004b2e   0x08004b2e   0x00000002   PAD
    0x08004b30   0x08004b30   0x00000226   Code   RO         1088    .text.xQueueGenericSend  queue.o
    0x08004d56   0x08004d56   0x00000002   PAD
    0x08004d58   0x08004d58   0x000001b4   Code   RO         1104    .text.xQueueReceive  queue.o
    0x08004f0c   0x08004f0c   0x00000004   PAD
    0x08004f10   0x08004f10   0x000000b4   Code   RO         1267    .text.xTaskCheckForTimeOut  tasks.o
    0x08004fc4   0x08004fc4   0x00000004   PAD
    0x08004fc8   0x08004fc8   0x000000e2   Code   RO         1201    .text.xTaskCreate   tasks.o
    0x080050aa   0x080050aa   0x00000006   PAD
    0x080050b0   0x080050b0   0x00000106   Code   RO         1197    .text.xTaskCreateStatic  tasks.o
    0x080051b6   0x080051b6   0x00000002   PAD
    0x080051b8   0x080051b8   0x00000024   Code   RO         1281    .text.xTaskGetSchedulerState  tasks.o
    0x080051dc   0x080051dc   0x00000004   PAD
    0x080051e0   0x080051e0   0x0000000c   Code   RO         1239    .text.xTaskGetTickCount  tasks.o
    0x080051ec   0x080051ec   0x00000004   PAD
    0x080051f0   0x080051f0   0x00000172   Code   RO         1237    .text.xTaskIncrementTick  tasks.o
    0x08005362   0x08005362   0x00000006   PAD
    0x08005368   0x08005368   0x0000009a   Code   RO         1285    .text.xTaskPriorityDisinherit  tasks.o
    0x08005402   0x08005402   0x00000006   PAD
    0x08005408   0x08005408   0x00000092   Code   RO         1259    .text.xTaskRemoveFromEventList  tasks.o
    0x0800549a   0x0800549a   0x00000006   PAD
    0x080054a0   0x080054a0   0x0000013c   Code   RO         1211    .text.xTaskResumeAll  tasks.o
    0x080055dc   0x080055dc   0x00000004   PAD
    0x080055e0   0x080055e0   0x0000006a   Code   RO         1342    .text.xTimerCreate  timers.o
    0x0800564a   0x0800564a   0x00000006   PAD
    0x08005650   0x08005650   0x000000a2   Code   RO         1344    .text.xTimerCreateStatic  timers.o
    0x080056f2   0x080056f2   0x00000006   PAD
    0x080056f8   0x080056f8   0x00000078   Code   RO         1336    .text.xTimerCreateTimerTask  timers.o
    0x08005770   0x08005770   0x0000001a   Code   RO         1797    x$fpl$fpinit        fz_wv.l(fpinit.o)
    0x0800578a   0x0800578a   0x00000010   Data   RO         1007    .rodata.AHBPrescTable  system_stm32f7xx.o
    0x0800579a   0x0800579a   0x00000002   PAD
    0x0800579c   0x0800579c   0x00000024   Data   RO           48    .rodata.Task10ms_attributes  freertos.o
    0x080057c0   0x080057c0   0x00000024   Data   RO           49    .rodata.TaskBSW10ms_attributes  freertos.o
    0x080057e4   0x080057e4   0x00000010   Data   RO           53    .rodata.myBinarySem01_attributes  freertos.o
    0x080057f4   0x080057f4   0x00000010   Data   RO           54    .rodata.myCountingSem01_attributes  freertos.o
    0x08005804   0x08005804   0x00000010   Data   RO           55    .rodata.myEvent01_attributes  freertos.o
    0x08005814   0x08005814   0x00000010   Data   RO           51    .rodata.myMutex01_attributes  freertos.o
    0x08005824   0x08005824   0x00000010   Data   RO           52    .rodata.myRecursiveMutex01_attributes  freertos.o
    0x08005834   0x08005834   0x00000010   Data   RO           50    .rodata.myTimer01_attributes  freertos.o
    0x08005844   0x08005844   0x00000064   Data   RO           47    .rodata.str1.1      freertos.o
    0x080058a8   0x080058a8   0x00000038   Data   RO          225    .rodata.str1.1      stm32f7xx_hal_can.o
    0x080058e0   0x080058e0   0x00000038   Data   RO          262    .rodata.str1.1      stm32f7xx_hal_rcc.o
    0x08005918   0x08005918   0x0000003b   Data   RO          285    .rodata.str1.1      stm32f7xx_hal_rcc_ex.o
    0x08005953   0x08005953   0x00000039   Data   RO          363    .rodata.str1.1      stm32f7xx_hal_gpio.o
    0x0800598c   0x0800598c   0x0000003b   Data   RO          537    .rodata.str1.1      stm32f7xx_hal_cortex.o
    0x080059c7   0x080059c7   0x00000038   Data   RO          832    .rodata.str1.1      stm32f7xx_hal_crc.o
    0x080059ff   0x080059ff   0x0000003b   Data   RO          847    .rodata.str1.1      stm32f7xx_hal_crc_ex.o
    0x08005a3a   0x08005a3a   0x00000038   Data   RO          908    .rodata.str1.1      stm32f7xx_hal_rtc.o
    0x08005a72   0x08005a72   0x00000002   PAD
    0x08005a74   0x08005a74   0x00000020   Data   RO         1858    Region$$Table       anon$$obj.o


    Execution Region RW_IRAM1 (Exec base: 0x20000000, Load base: 0x08005a98, Size: 0x0001ab98, Max: 0x00080000, ABSOLUTE)

    Exec Addr    Load Addr    Size         Type   Attr      Idx    E Section Name        Object

    0x20000000   0x08005a98   0x00000004   Data   RW         1006    .data.SystemCoreClock  system_stm32f7xx.o
    0x20000004   0x08005a9c   0x00000001   Data   RW          609    .data.uwTickFreq    stm32f7xx_hal.o
    0x20000005   0x08005a9d   0x00000003   PAD
    0x20000008   0x08005aa0   0x00000004   Data   RW          608    .data.uwTickPrio    stm32f7xx_hal.o
    0x2000000c   0x08005aa4   0x00000004   Data   RW         1588    .data.uxCriticalNesting  port.o
    0x20000010        -       0x00000060   Zero   RW         1723    .bss                c_w.l(libspace.o)
    0x20000070        -       0x00000028   Zero   RW         1612    .bss.CAN1Filter     cannm.o
    0x20000098        -       0x0000001c   Zero   RW         1601    .bss.CANRxHeader    canif.o
    0x200000b4        -       0x00000100   Zero   RW         1525    .bss.Idle_Stack     cmsis_os2.o
    0x200001b4        -       0x0000005c   Zero   RW         1524    .bss.Idle_TCB       cmsis_os2.o
    0x20000210        -       0x00000004   Zero   RW         1523    .bss.KernelState    cmsis_os2.o
    0x20000214        -       0x00000008   Zero   RW         1602    .bss.RxData         canif.o
    0x2000021c        -       0x00000004   Zero   RW           61    .bss.Task10msHandle  freertos.o
    0x20000220        -       0x00000004   Zero   RW           62    .bss.TaskBSW10msHandle  freertos.o
    0x20000224        -       0x00000200   Zero   RW         1527    .bss.Timer_Stack    cmsis_os2.o
    0x20000424        -       0x0000005c   Zero   RW         1526    .bss.Timer_TCB      cmsis_os2.o
    0x20000480        -       0x00000028   Zero   RW           78    .bss.hcan1          can.o
    0x200004a8        -       0x00000024   Zero   RW           93    .bss.hcrc           crc.o
    0x200004cc        -       0x00000020   Zero   RW          108    .bss.hrtc           rtc.o
    0x200004ec        -       0x00000004   Zero   RW           58    .bss.myBinarySem01Handle  freertos.o
    0x200004f0        -       0x00000004   Zero   RW           59    .bss.myCountingSem01Handle  freertos.o
    0x200004f4        -       0x00000004   Zero   RW           63    .bss.myEvent01Handle  freertos.o
    0x200004f8        -       0x00000004   Zero   RW           56    .bss.myMutex01Handle  freertos.o
    0x200004fc        -       0x00000004   Zero   RW           57    .bss.myRecursiveMutex01Handle  freertos.o
    0x20000500        -       0x00000004   Zero   RW           60    .bss.myTimer01Handle  freertos.o
    0x20000504        -       0x000000a0   Zero   RW         1382    .bss.prvCheckForValidListAndQueue.ucStaticTimerQueueStorage  timers.o
    0x200005a4        -       0x00000050   Zero   RW         1381    .bss.prvCheckForValidListAndQueue.xStaticTimerQueue  timers.o
    0x200005f4        -       0x00000004   Zero   RW         1378    .bss.prvSampleTimeNow.xLastTime  timers.o
    0x200005f8        -       0x00000004   Zero   RW         1307    .bss.pxCurrentTCB   tasks.o
    0x200005fc        -       0x00000004   Zero   RW         1376    .bss.pxCurrentTimerList  timers.o
    0x20000600        -       0x00000004   Zero   RW         1315    .bss.pxDelayedTaskList  tasks.o
    0x20000604        -       0x00000004   Zero   RW         1546    .bss.pxEnd          heap_4.o
    0x20000608        -       0x00000004   Zero   RW         1316    .bss.pxOverflowDelayedTaskList  tasks.o
    0x2000060c        -       0x00000004   Zero   RW         1377    .bss.pxOverflowTimerList  timers.o
    0x20000610        -       0x00000460   Zero   RW         1318    .bss.pxReadyTasksLists  tasks.o
    0x20000a70        -       0x00019000   Zero   RW         1551    .bss.ucHeap         heap_4.o
    0x20019a70        -       0x00000001   Zero   RW         1586    .bss.ucMaxSysCallPriority  port.o
    0x20019a71   0x08005aa8   0x00000003   PAD
    0x20019a74        -       0x00000004   Zero   RW         1587    .bss.ulMaxPRIGROUPValue  port.o
    0x20019a78        -       0x00000004   Zero   RW          610    .bss.uwTick         stm32f7xx_hal.o
    0x20019a7c        -       0x00000004   Zero   RW         1311    .bss.uxCurrentNumberOfTasks  tasks.o
    0x20019a80        -       0x00000004   Zero   RW         1310    .bss.uxDeletedTasksWaitingCleanUp  tasks.o
    0x20019a84        -       0x00000004   Zero   RW         1324    .bss.uxPendedTicks  tasks.o
    0x20019a88        -       0x00000004   Zero   RW         1313    .bss.uxSchedulerSuspended  tasks.o
    0x20019a8c        -       0x00000004   Zero   RW         1308    .bss.uxTaskNumber   tasks.o
    0x20019a90        -       0x00000004   Zero   RW         1319    .bss.uxTopReadyPriority  tasks.o
    0x20019a94        -       0x00000014   Zero   RW         1379    .bss.xActiveTimerList1  timers.o
    0x20019aa8        -       0x00000014   Zero   RW         1380    .bss.xActiveTimerList2  timers.o
    0x20019abc        -       0x00000001   Zero   RW         1547    .bss.xBlockAllocatedBit  heap_4.o
    0x20019abd   0x08005aa8   0x00000003   PAD
    0x20019ac0        -       0x00000014   Zero   RW         1326    .bss.xDelayedTaskList1  tasks.o
    0x20019ad4        -       0x00000014   Zero   RW         1327    .bss.xDelayedTaskList2  tasks.o
    0x20019ae8        -       0x00000004   Zero   RW         1548    .bss.xFreeBytesRemaining  heap_4.o
    0x20019aec        -       0x00000004   Zero   RW         1321    .bss.xIdleTaskHandle  tasks.o
    0x20019af0        -       0x00000004   Zero   RW         1550    .bss.xMinimumEverFreeBytesRemaining  heap_4.o
    0x20019af4        -       0x00000004   Zero   RW         1322    .bss.xNextTaskUnblockTime  tasks.o
    0x20019af8        -       0x00000004   Zero   RW         1325    .bss.xNumOfOverflows  tasks.o
    0x20019afc        -       0x00000014   Zero   RW         1320    .bss.xPendingReadyList  tasks.o
    0x20019b10        -       0x00000040   Zero   RW         1138    .bss.xQueueRegistry  queue.o
    0x20019b50        -       0x00000004   Zero   RW         1312    .bss.xSchedulerRunning  tasks.o
    0x20019b54        -       0x00000008   Zero   RW         1549    .bss.xStart         heap_4.o
    0x20019b5c        -       0x00000014   Zero   RW         1317    .bss.xSuspendedTaskList  tasks.o
    0x20019b70        -       0x00000014   Zero   RW         1309    .bss.xTasksWaitingTermination  tasks.o
    0x20019b84        -       0x00000004   Zero   RW         1314    .bss.xTickCount     tasks.o
    0x20019b88        -       0x00000004   Zero   RW         1374    .bss.xTimerQueue    timers.o
    0x20019b8c        -       0x00000004   Zero   RW         1375    .bss.xTimerTaskHandle  timers.o
    0x20019b90        -       0x00000004   Zero   RW         1323    .bss.xYieldPending  tasks.o
    0x20019b94   0x08005aa8   0x00000004   PAD
    0x20019b98        -       0x00000800   Zero   RW            2    HEAP                startup_stm32f767xx.o
    0x2001a398        -       0x00000800   Zero   RW            1    STACK               startup_stm32f767xx.o


==============================================================================

Image component sizes


      Code (inc. data)   RO Data    RW Data    ZI Data      Debug   Object Name

       220          0          0          0         40       6834   can.o
        44          0          0          0         36       3168   canif.o
        62          0          0          0         40       3088   cannm.o
      1298          0          0          0        956      39229   cmsis_os2.o
        96          0          0          0         36       3078   crc.o
       114          0          0          0          0      10235   event_groups.o
       308          0        268          0         32       5456   freertos.o
       138          0          0          0          0       2219   gpio.o
       652          0          0          0     102421       4049   heap_4.o
       156          0          0          0          0       2241   list.o
       388          0          0          0          0       4883   main.o
       774         16          0          4          5       4021   port.o
      2046          0          0          0         64      24653   queue.o
       130          0          0          0         32       5041   rtc.o
        64         26        504          0       4096        844   startup_stm32f767xx.o
       156          0          0          5          4       8482   stm32f7xx_hal.o
      1954          6         56          0          0      13632   stm32f7xx_hal_can.o
       276          0         59          0          0      12112   stm32f7xx_hal_cortex.o
       266          0         56          0          0       5939   stm32f7xx_hal_crc.o
       156          4         59          0          0       3068   stm32f7xx_hal_crc_ex.o
       664          0         57          0          0       5775   stm32f7xx_hal_gpio.o
        60          0          0          0          0       4142   stm32f7xx_hal_msp.o
        18          0          0          0          0       5534   stm32f7xx_hal_pwr.o
       118          0          0          0          0       5798   stm32f7xx_hal_pwr_ex.o
      1858          0         56          0          0       8522   stm32f7xx_hal_rcc.o
      2946          0         59          0          0       7794   stm32f7xx_hal_rcc_ex.o
       460          0         56          0          0      19660   stm32f7xx_hal_rtc.o
        72          0          0          0          0       3558   stm32f7xx_it.o
        18          0         16          4          0       3388   system_stm32f7xx.o
      2992          8          0          0       1280      41304   tasks.o
      1510         26          0          0        300      16657   timers.o

    ----------------------------------------------------------------------
     20584        114       1282         16     109352     284404   Object Totals
         0          0         32          0          0          0   (incl. Generated)
       570         28          4          3         10          0   (incl. Padding)

    ----------------------------------------------------------------------

      Code (inc. data)   RO Data    RW Data    ZI Data      Debug   Library Member Name

         8          0          0          0          0         68   __main.o
         0          0          0          0          0          0   __rtentry.o
        12          0          0          0          0          0   __rtentry2.o
         6          0          0          0          0          0   __rtentry4.o
        52          8          0          0          0          0   __scatter.o
        26          0          0          0          0          0   __scatter_copy.o
        28          0          0          0          0          0   __scatter_zi.o
         6          0          0          0          0          0   _printf_c.o
        44          0          0          0          0        108   _printf_char.o
       120         16          0          0          0         92   _printf_dec.o
       178          0          0          0          0         88   _printf_intcommon.o
         0          0          0          0          0          0   _printf_percent.o
         4          0          0          0          0          0   _printf_percent_end.o
        82          0          0          0          0         80   _printf_str.o
         6          0          0          0          0          0   _printf_u.o
        16          0          0          0          0         68   aeabi_memset4.o
        18          0          0          0          0         80   exit.o
         6          0          0          0          0        152   heapauxi.o
         0          0          0          0          0          0   indicate_semi.o
         2          0          0          0          0          0   libinit.o
         6          0          0          0          0          0   libinit2.o
         2          0          0          0          0          0   libshutdown.o
         2          0          0          0          0          0   libshutdown2.o
         8          4          0          0         96         68   libspace.o
       240          0          0          0          0        100   lludivv7m.o
        78          0          0          0          0         80   rt_memclr_w.o
       138          0          0          0          0         68   rt_memcpy_v6.o
       100          0          0          0          0         80   rt_memcpy_w.o
         2          0          0          0          0          0   rtexit.o
        10          0          0          0          0          0   rtexit2.o
        12          4          0          0          0         68   sys_exit.o
        74          0          0          0          0         80   sys_stackheap_outer.o
         2          0          0          0          0         68   use_no_semi.o
        26          0          0          0          0        116   fpinit.o

    ----------------------------------------------------------------------
      1322         32          0          0         96       1464   Library Totals
         8          0          0          0          0          0   (incl. Padding)

    ----------------------------------------------------------------------

      Code (inc. data)   RO Data    RW Data    ZI Data      Debug   Library Name

      1288         32          0          0         96       1348   c_w.l
        26          0          0          0          0        116   fz_wv.l

    ----------------------------------------------------------------------
      1322         32          0          0         96       1464   Library Totals

    ----------------------------------------------------------------------

==============================================================================


      Code (inc. data)   RO Data    RW Data    ZI Data      Debug   

     21906        146       1282         16     109448     284664   Grand Totals
     21906        146       1282         16     109448     284664   ELF Image Totals
     21906        146       1282         16          0          0   ROM Totals

==============================================================================

    Total RO  Size (Code + RO Data)                23188 (  22.64kB)
    Total RW  Size (RW Data + ZI Data)            109464 ( 106.90kB)
    Total ROM Size (Code + RO Data + RW Data)      23204 (  22.66kB)

==============================================================================

